Microchip MPLAB XC8 Compiler V1.38 ()

Linker command line:

-W-3 --edf=/opt/microchip/xc8/v1.38/dat/en_msgs.txt -cs \
  -h+dist/default/production/helloworld_tx.X.production.sym \
  --cmf=dist/default/production/helloworld_tx.X.production.cmf -z -Q18F4620 \
  -o/tmp/xcXGgCWdl -Mdist/default/production/helloworld_tx.X.production.map \
  -E1 -ver=XC8 -ASTACK=080h-0e0bh -pstack=STACK -ACODE=00h-0FFFFh \
  -ACONST=00h-0FFFFh -ASMALLCONST=01000h-010FFhx240 \
  -AMEDIUMCONST=01000h-0FFFFh -ACOMRAM=01h-07Fh -AABS1=00h-0F7Fh \
  -ABIGRAM=01h-0F7Fh -ARAM=080h-0FFh,0100h-01FFhx14,0F00h-0F7Fh \
  -ABANK0=080h-0FFh -ABANK1=0100h-01FFh -ABANK2=0200h-02FFh \
  -ABANK3=0300h-03FFh -ABANK4=0400h-04FFh -ABANK5=0500h-05FFh \
  -ABANK6=0600h-06FFh -ABANK7=0700h-07FFh -ABANK8=0800h-08FFh \
  -ABANK9=0900h-09FFh -ABANK10=0A00h-0AFFh -ABANK11=0B00h-0BFFh \
  -ABANK12=0C00h-0CFFh -ABANK13=0D00h-0DFFh -ABANK14=0E00h-0EFFh \
  -ABANK15=0F00h-0F7Fh -ASFR=0F80h-0FFFh \
  -preset_vec=00h,intcode=08h,intcodelo,powerup,init,end_init \
  -pramtop=01000h -psmallconst=SMALLCONST -pmediumconst=MEDIUMCONST \
  -pconst=CONST -AFARRAM=00h-00h -ACONFIG=0300000h-030000Dh -pconfig=CONFIG \
  -AIDLOC=0200000h-0200007h -pidloc=IDLOC -AEEDATA=0F00000h-0F003FFh \
  -peeprom_data=EEDATA \
  -prdata=COMRAM,nvrram=COMRAM,nvbit=COMRAM,rbss=COMRAM,rbit=COMRAM \
  -pfarbss=FARRAM,fardata=FARRAM,nvFARRAM=FARRAM \
  -pintsave_regs=BIGRAM,bigbss=BIGRAM,bigdata=BIGRAM -pbss=RAM \
  -pidata=CODE,irdata=CODE,ibigdata=CODE,ifardata=CODE -prparam=COMRAM \
  /tmp/xcXO7Q8mG.obj dist/default/production/helloworld_tx.X.production.obj 

Object code version is 3.11

Machine type is 18F4620

Call graph: (short form)




                Name                               Link     Load   Length Selector   Space Scale
/tmp/xcXO7Q8mG.obj
                stack                                80       80      D8C       80       2
                end_init                             18       18        4        4       0
                init                                 14       14        4        4       0
                reset_vec                             0        0        4        0       0
                idloc                            200000   200000        8   200000       0
                config                           300000   300000        E   300000       0
dist/default/production/helloworld_tx.X.production.obj
                intcode                               8        8        C        4       0
                temp                                 50       50        C        1       1
                mediumconst                        FDA4     FDA4      25C     7ED2       0
                intcode_body                       4F7E     4F7E       2A        4       0
                text71                             43B8     43B8       A8        4       0
                text70                             4D88     4D88       48        4       0
                text69                             3990     3990      10A        4       0
                text68                             3CA0     3CA0       F2        4       0
                text67                             4D3C     4D3C       4C        4       0
                text66                             5094     5094       12        4       0
                text65                             385C     385C      134        4       0
                text64                             18D6     18D6      46C        4       0
                text63                             41B0     41B0       B0        4       0
                text62                              B48      B48      7C0        4       0
                text61                             4CA2     4CA2       4E        4       0
                text60                             5068     5068       18        4       0
                text59                             4C54     4C54       4E        4       0
                text58                             44F6     44F6       96        4       0
                text57                             4CF0     4CF0       4C        4       0
                text56                             47F0     47F0       70        4       0
                text55                             4AE8     4AE8       68        4       0
                text54                             4C06     4C06       4E        4       0
                text53                             5050     5050       18        4       0
                text52                             5038     5038       18        4       0
                text51                             5080     5080       14        4       0
                text50                             4ED6     4ED6       3E        4       0
                text49                             22EC     22EC      2C8        4       0
                text48                             5020     5020       18        4       0
                text47                             4780     4780       70        4       0
                text46                             2FF0     2FF0      184        4       0
                text45                             430C     430C       AC        4       0
                text44                             32EC     32EC      16C        4       0
                text43                             4A14     4A14       6C        4       0
                text42                             470A     470A       76        4       0
                text41                             25B4     25B4      266        4       0
                text40                             49A8     49A8       6C        4       0
                text39                             493C     493C       6C        4       0
                text38                             4260     4260       AC        4       0
                text37                             2C60     2C60      1E2        4       0
                text36                             4A80     4A80       68        4       0
                text35                             4B50     4B50       66        4       0
                text34                             3E80     3E80       EA        4       0
                text33                             3F6A     3F6A       CA        4       0
                text32                               1C       1C      B2C        4       0
                text31                             3708     3708      154        4       0
                text30                             4E98     4E98       3E        4       0
                text29                             5008     5008       18        4       0
                text28                             48CE     48CE       6E        4       0
                text27                             4E16     4E16       44        4       0
                text26                             461A     461A       7A        4       0
                text25                             3174     3174      178        4       0
                text24                             40F4     40F4       BC        4       0
                text23                             4460     4460       96        4       0
                text22                             1308     1308      5CE        4       0
                text21                             4E5A     4E5A       3E        4       0
                text20                             50A6     50A6        E        4       0
                text19                             458C     458C       8E        4       0
                text18                             4FCE     4FCE       20        4       0
                text17                             3458     3458      15A        4       0
                text16                             281A     281A      228        4       0
                text15                             4694     4694       76        4       0
                text14                             2E42     2E42      1AE        4       0
                text13                             4BB6     4BB6       50        4       0
                text12                             4F14     4F14       38        4       0
                text11                             201E     201E      2CE        4       0
                text10                             35B2     35B2      156        4       0
                text9                              3A9A     3A9A      104        4       0
                text8                              4F4C     4F4C       32        4       0
                text7                              4FEE     4FEE       1A        4       0
                text6                              1D42     1D42      2DC        4       0
                text5                              2A42     2A42      21E        4       0
                text4                              3D92     3D92       EE        4       0
                text3                              3B9E     3B9E      102        4       0
                text2                              4034     4034       C0        4       0
                text1                              4860     4860       6E        4       0
                text0                              4FA8     4FA8       26        4       0
                cstackCOMRAM                         65       65        2        1       1
                bssBIGRAM                           E0C      E0C      174      E0C       1
                dataCOMRAM                           5C       5C        9        1       1
                bssCOMRAM                             1        1       4F        1       1
                cinit                              4DD0     4DD0       46        4       0
                idataCOMRAM                        50B4     50B4        9        4       0

TOTAL           Name                               Link     Load   Length     Space
        CLASS   STACK          
                stack                                80       80      D8C         2

        CLASS   CODE           
                end_init                             18       18        4         0
                init                                 14       14        4         0
                intcode                               8        8        C         0
                reset_vec                             0        0        4         0
                intcode_body                       4F7E     4F7E       2A         0
                text71                             43B8     43B8       A8         0
                text70                             4D88     4D88       48         0
                text69                             3990     3990      10A         0
                text68                             3CA0     3CA0       F2         0
                text67                             4D3C     4D3C       4C         0
                text66                             5094     5094       12         0
                text65                             385C     385C      134         0
                text64                             18D6     18D6      46C         0
                text63                             41B0     41B0       B0         0
                text62                              B48      B48      7C0         0
                text61                             4CA2     4CA2       4E         0
                text60                             5068     5068       18         0
                text59                             4C54     4C54       4E         0
                text58                             44F6     44F6       96         0
                text57                             4CF0     4CF0       4C         0
                text56                             47F0     47F0       70         0
                text55                             4AE8     4AE8       68         0
                text54                             4C06     4C06       4E         0
                text53                             5050     5050       18         0
                text52                             5038     5038       18         0
                text51                             5080     5080       14         0
                text50                             4ED6     4ED6       3E         0
                text49                             22EC     22EC      2C8         0
                text48                             5020     5020       18         0
                text47                             4780     4780       70         0
                text46                             2FF0     2FF0      184         0
                text45                             430C     430C       AC         0
                text44                             32EC     32EC      16C         0
                text43                             4A14     4A14       6C         0
                text42                             470A     470A       76         0
                text41                             25B4     25B4      266         0
                text40                             49A8     49A8       6C         0
                text39                             493C     493C       6C         0
                text38                             4260     4260       AC         0
                text37                             2C60     2C60      1E2         0
                text36                             4A80     4A80       68         0
                text35                             4B50     4B50       66         0
                text34                             3E80     3E80       EA         0
                text33                             3F6A     3F6A       CA         0
                text32                               1C       1C      B2C         0
                text31                             3708     3708      154         0
                text30                             4E98     4E98       3E         0
                text29                             5008     5008       18         0
                text28                             48CE     48CE       6E         0
                text27                             4E16     4E16       44         0
                text26                             461A     461A       7A         0
                text25                             3174     3174      178         0
                text24                             40F4     40F4       BC         0
                text23                             4460     4460       96         0
                text22                             1308     1308      5CE         0
                text21                             4E5A     4E5A       3E         0
                text20                             50A6     50A6        E         0
                text19                             458C     458C       8E         0
                text18                             4FCE     4FCE       20         0
                text17                             3458     3458      15A         0
                text16                             281A     281A      228         0
                text15                             4694     4694       76         0
                text14                             2E42     2E42      1AE         0
                text13                             4BB6     4BB6       50         0
                text12                             4F14     4F14       38         0
                text11                             201E     201E      2CE         0
                text10                             35B2     35B2      156         0
                text9                              3A9A     3A9A      104         0
                text8                              4F4C     4F4C       32         0
                text7                              4FEE     4FEE       1A         0
                text6                              1D42     1D42      2DC         0
                text5                              2A42     2A42      21E         0
                text4                              3D92     3D92       EE         0
                text3                              3B9E     3B9E      102         0
                text2                              4034     4034       C0         0
                text1                              4860     4860       6E         0
                text0                              4FA8     4FA8       26         0
                cinit                              4DD0     4DD0       46         0
                idataCOMRAM                        50B4     50B4        9         0

        CLASS   CONST          

        CLASS   SMALLCONST     

        CLASS   MEDIUMCONST    
                mediumconst                        FDA4     FDA4      25C         0

        CLASS   COMRAM         
                temp                                 50       50        C         1
                cstackCOMRAM                         65       65        2         1
                dataCOMRAM                           5C       5C        9         1
                bssCOMRAM                             1        1       4F         1

        CLASS   ABS1           

        CLASS   BIGRAM         
                bssBIGRAM                           E0C      E0C      174         1

        CLASS   RAM            

        CLASS   BANK0          

        CLASS   BANK1          

        CLASS   BANK2          

        CLASS   BANK3          

        CLASS   BANK4          

        CLASS   BANK5          

        CLASS   BANK6          

        CLASS   BANK7          

        CLASS   BANK8          

        CLASS   BANK9          

        CLASS   BANK10         

        CLASS   BANK11         

        CLASS   BANK12         

        CLASS   BANK13         

        CLASS   BANK14         

        CLASS   BANK15         

        CLASS   SFR            

        CLASS   FARRAM         

        CLASS   CONFIG         
                config                           300000   300000        E         0

        CLASS   IDLOC          
                idloc                            200000   200000        8         0

        CLASS   EEDATA         



SEGMENTS        Name                           Load    Length   Top    Selector   Space  Class

                reset_vec                      000000  000004  000004         0       0  CODE    
                bssCOMRAM                      000001  000066  000067         1       1  COMRAM  
                intcode                        000008  0050B5  0050BD         4       0  CODE    
                stack                          000080  000D8C  000E0C        80       2  STACK   
                bssBIGRAM                      000E0C  000174  000F80       E0C       1  BIGRAM  
                mediumconst                    00FDA4  00025C  010000      7ED2       0  MEDIUMCO
                idloc                          200000  000008  200008    200000       0  IDLOC   
                config                         300000  00000E  30000E    300000       0  CONFIG  


UNUSED ADDRESS RANGES

        Name                Unused          Largest block    Delta
        BANK0            000080-0000FF               80
        BANK1            000100-0001FF              100
        BANK10           000A00-000AFF              100
        BANK11           000B00-000BFF              100
        BANK12           000C00-000CFF              100
        BANK13           000D00-000DFF              100
        BANK14           000E00-000E0B                C
        BANK2            000200-0002FF              100
        BANK3            000300-0003FF              100
        BANK4            000400-0004FF              100
        BANK5            000500-0005FF              100
        BANK6            000600-0006FF              100
        BANK7            000700-0007FF              100
        BANK8            000800-0008FF              100
        BANK9            000900-0009FF              100
        BIGRAM           000067-000E0B              DA5
        CODE             000004-000007                4
                         0050BD-00FDA3             ACE7
        COMRAM           000067-00007F               19
        CONST            000004-000007                4
                         0050BD-00FDA3             ACE7
        EEDATA           F00000-F003FF              400
        MEDIUMCONST      0050BD-00FDA3             ACE7
        RAM              000080-000E0B              100
        SFR              000F80-000FFF               80
        SMALLCONST       0050BD-00FDA3              100

                                  Symbol Table

RF24N_pipe_address@address_translation   dataCOMRAM   00005C
_BAUDCONbits                             (abs)        000FB8
_INTCONbits                              (abs)        000FF2
_LATAbits                                (abs)        000F89
_LATBbits                                (abs)        000F8A
_LATCbits                                (abs)        000F8B
_LATDbits                                (abs)        000F8C
_LATEbits                                (abs)        000F8D
_RCSTAbits                               (abs)        000FAB
_RF24NH_init                             text26       00461A
_RF24N__write                            text25       003174
_RF24N_available                         text27       004E16
_RF24N_begin_d                           text11       00201E
_RF24N_direct_child_route_to             text40       0049A8
_RF24N_enqueue                           text32       00001C
_RF24N_init                              text10       0035B2
_RF24N_is_descendant                     text39       00493C
_RF24N_is_direct_child                   text38       004260
_RF24N_is_valid_address                  text56       0047F0
_RF24N_levelToAddress                    text35       004B50
_RF24N_logicalToPhysicalAddress          text37       002C60
_RF24N_pipe_address                      text46       002FF0
_RF24N_setup_address                     text16       00281A
_RF24N_update                            text62       000B48
_RF24N_write                             text64       0018D6
_RF24N_write_                            text22       001308
_RF24N_write_m                           text21       004E5A
_RF24N_write_to_pipe                     text41       0025B4
_RF24_available_p                        text36       004A80
_RF24_begin                              text5        002A42
_RF24_beginTransaction                   text53       005050
_RF24_ce_d                               text59       004C54
_RF24_closeReadingPipe                   text55       004AE8
_RF24_csn_d                              text54       004C06
_RF24_enableDynamicPayloads              text15       004694
_RF24_endTransaction                     text52       005038
_RF24_flush_rx                           text29       005008
_RF24_flush_tx                           text60       005068
_RF24_getDynamicPayloadSize              text28       0048CE
_RF24_get_status                         text48       005020
_RF24_init                               text4        003D92
_RF24_isValid                            text57       004CF0
_RF24_openReadingPipe_d                  text14       002E42
_RF24_openWritingPipe_d                  text45       00430C
_RF24_powerUp                            text61       004CA2
_RF24_read                               text30       004E98
_RF24_read_payload                       text31       003708
_RF24_read_register_d                    text70       004D88
_RF24_setAutoAck_p                       text71       0043B8
_RF24_setChannel                         text13       004BB6
_RF24_setDataRate                        text9        003A9A
_RF24_setRetries                         text12       004F14
_RF24_spiTrans                           text50       004ED6
_RF24_startFastWrite                     text43       004A14
_RF24_startListening                     text69       003990
_RF24_stopListening                      text68       003CA0
_RF24_toggle_features_d                  text8        004F4C
_RF24_txStandBy_t                        text65       00385C
_RF24_writeFast_m                        text42       00470A
_RF24_write_payload                      text44       0032EC
_RF24_write_register_c_d                 text47       004780
_RF24_write_register_d                   text67       004D3C
_SPBRG                                   (abs)        000FAF
_SPBRGH                                  (abs)        000FB0
_SPI_begin                               text7        004FEE
_SPI_transfer                            text51       005080
_SSPBUF                                  (abs)        000FC9
_SSPCON1bits                             (abs)        000FC6
_SSPSTATbits                             (abs)        000FC7
_Serial_begin                            text2        004034
_Serial_print                            text19       00458C
_Serial_println                          text18       004FCE
_Serial_tx                               text20       0050A6
_T0CONbits                               (abs)        000FD5
_TMR0H                                   (abs)        000FD7
_TMR0L                                   (abs)        000FD6
_TRISAbits                               (abs)        000F92
_TRISBbits                               (abs)        000F93
_TRISCbits                               (abs)        000F94
_TRISDbits                               (abs)        000F95
_TRISEbits                               (abs)        000F96
_TXREG                                   (abs)        000FAD
_TXSTAbits                               (abs)        000FAC
__CFG_BOREN$OFF                          (abs)        000000
__CFG_BORV$3                             (abs)        000000
__CFG_CCP2MX$PORTC                       (abs)        000000
__CFG_CP0$OFF                            (abs)        000000
__CFG_CP1$OFF                            (abs)        000000
__CFG_CP2$OFF                            (abs)        000000
__CFG_CP3$OFF                            (abs)        000000
__CFG_CPB$OFF                            (abs)        000000
__CFG_CPD$OFF                            (abs)        000000
__CFG_EBTR0$OFF                          (abs)        000000
__CFG_EBTR1$OFF                          (abs)        000000
__CFG_EBTR2$OFF                          (abs)        000000
__CFG_EBTR3$OFF                          (abs)        000000
__CFG_EBTRB$OFF                          (abs)        000000
__CFG_FCMEN$OFF                          (abs)        000000
__CFG_IESO$OFF                           (abs)        000000
__CFG_LPT1OSC$OFF                        (abs)        000000
__CFG_LVP$OFF                            (abs)        000000
__CFG_MCLRE$ON                           (abs)        000000
__CFG_OSC$HSPLL                          (abs)        000000
__CFG_PBADEN$OFF                         (abs)        000000
__CFG_PWRT$ON                            (abs)        000000
__CFG_STVREN$OFF                         (abs)        000000
__CFG_WDT$OFF                            (abs)        000000
__CFG_WDTPS$32768                        (abs)        000000
__CFG_WRT0$OFF                           (abs)        000000
__CFG_WRT1$OFF                           (abs)        000000
__CFG_WRT2$OFF                           (abs)        000000
__CFG_WRT3$OFF                           (abs)        000000
__CFG_WRTB$OFF                           (abs)        000000
__CFG_WRTC$OFF                           (abs)        000000
__CFG_WRTD$OFF                           (abs)        000000
__CFG_XINST$OFF                          (abs)        000000
__HRAM                                   (abs)        000000
__Habs1                                  abs1         000000
__Hbank0                                 bank0        000000
__Hbank1                                 bank1        000000
__Hbank10                                bank10       000000
__Hbank11                                bank11       000000
__Hbank12                                bank12       000000
__Hbank13                                bank13       000000
__Hbank14                                bank14       000000
__Hbank15                                bank15       000000
__Hbank2                                 bank2        000000
__Hbank3                                 bank3        000000
__Hbank4                                 bank4        000000
__Hbank5                                 bank5        000000
__Hbank6                                 bank6        000000
__Hbank7                                 bank7        000000
__Hbank8                                 bank8        000000
__Hbank9                                 bank9        000000
__Hbigbss                                bigbss       000000
__Hbigdata                               bigdata      000000
__Hbigram                                bigram       000000
__Hbss                                   bss          000000
__HbssBIGRAM                             bssBIGRAM    000000
__HbssCOMRAM                             bssCOMRAM    000000
__Hcinit                                 cinit        000000
__Hclrtext                               clrtext      000000
__Hcomram                                comram       000000
__Hconfig                                config       30000E
__Hconst                                 const        000000
__HcstackCOMRAM                          cstackCOMRAM 000000
__Hdata                                  data         000000
__HdataCOMRAM                            dataCOMRAM   000000
__Heeprom_data                           eeprom_data  000000
__Hend_init                              end_init     00001C
__Hfarbss                                farbss       000000
__Hfardata                               fardata      000000
__Hibigdata                              ibigdata     000000
__Hidata                                 idata        000000
__HidataCOMRAM                           idataCOMRAM  000000
__Hidloc                                 idloc        200008
__Hifardata                              ifardata     000000
__Hinit                                  init         000018
__Hintcode                               intcode      000014
__Hintcode_body                          intcode_body 000000
__Hintcodelo                             intcodelo    000014
__Hintentry                              intentry     000000
__Hintret                                intret       000000
__Hintsave_regs                          intsave_regs 000000
__Hirdata                                irdata       000000
__Hmediumconst                           mediumconst  010000
__HnvFARRAM                              nvFARRAM     000000
__Hnvbit                                 nvbit        000000
__Hnvrram                                nvrram       000000
__Hparam                                 rparam       000000
__Hpowerup                               powerup      000014
__Hram                                   ram          000000
__Hramtop                                ramtop       001000
__Hrbit                                  rbit         000000
__Hrbss                                  rbss         000000
__Hrdata                                 rdata        000000
__Hreset_vec                             reset_vec    000004
__Hrparam                                rparam       000000
__Hsfr                                   sfr          000000
__Hsmallconst                            smallconst   000000
__Hspace_0                               (abs)        30000E
__Hspace_1                               (abs)        000F80
__Hspace_2                               (abs)        000E0C
__Hstack                                 stack        000E0C
__Hstruct                                struct       000000
__Htemp                                  temp         00005C
__Htext                                  text         000000
__Htext0                                 text0        000000
__Htext1                                 text1        000000
__Htext10                                text10       000000
__Htext11                                text11       000000
__Htext12                                text12       000000
__Htext13                                text13       000000
__Htext14                                text14       000000
__Htext15                                text15       000000
__Htext16                                text16       000000
__Htext17                                text17       000000
__Htext18                                text18       000000
__Htext19                                text19       000000
__Htext2                                 text2        000000
__Htext20                                text20       000000
__Htext21                                text21       000000
__Htext22                                text22       000000
__Htext23                                text23       000000
__Htext24                                text24       000000
__Htext25                                text25       000000
__Htext26                                text26       000000
__Htext27                                text27       000000
__Htext28                                text28       000000
__Htext29                                text29       000000
__Htext3                                 text3        000000
__Htext30                                text30       000000
__Htext31                                text31       000000
__Htext32                                text32       000000
__Htext33                                text33       000000
__Htext34                                text34       000000
__Htext35                                text35       000000
__Htext36                                text36       000000
__Htext37                                text37       000000
__Htext38                                text38       000000
__Htext39                                text39       000000
__Htext4                                 text4        000000
__Htext40                                text40       000000
__Htext41                                text41       000000
__Htext42                                text42       000000
__Htext43                                text43       000000
__Htext44                                text44       000000
__Htext45                                text45       000000
__Htext46                                text46       000000
__Htext47                                text47       000000
__Htext48                                text48       000000
__Htext49                                text49       000000
__Htext5                                 text5        000000
__Htext50                                text50       000000
__Htext51                                text51       000000
__Htext52                                text52       000000
__Htext53                                text53       000000
__Htext54                                text54       000000
__Htext55                                text55       000000
__Htext56                                text56       000000
__Htext57                                text57       000000
__Htext58                                text58       000000
__Htext59                                text59       000000
__Htext6                                 text6        000000
__Htext60                                text60       000000
__Htext61                                text61       000000
__Htext62                                text62       000000
__Htext63                                text63       000000
__Htext64                                text64       000000
__Htext65                                text65       000000
__Htext66                                text66       000000
__Htext67                                text67       000000
__Htext68                                text68       000000
__Htext69                                text69       000000
__Htext7                                 text7        000000
__Htext70                                text70       000000
__Htext71                                text71       000000
__Htext8                                 text8        000000
__Htext9                                 text9        000000
__LRAM                                   (abs)        000001
__Labs1                                  abs1         000000
__Lbank0                                 bank0        000000
__Lbank1                                 bank1        000000
__Lbank10                                bank10       000000
__Lbank11                                bank11       000000
__Lbank12                                bank12       000000
__Lbank13                                bank13       000000
__Lbank14                                bank14       000000
__Lbank15                                bank15       000000
__Lbank2                                 bank2        000000
__Lbank3                                 bank3        000000
__Lbank4                                 bank4        000000
__Lbank5                                 bank5        000000
__Lbank6                                 bank6        000000
__Lbank7                                 bank7        000000
__Lbank8                                 bank8        000000
__Lbank9                                 bank9        000000
__Lbigbss                                bigbss       000000
__Lbigdata                               bigdata      000000
__Lbigram                                bigram       000000
__Lbss                                   bss          000000
__LbssBIGRAM                             bssBIGRAM    000000
__LbssCOMRAM                             bssCOMRAM    000000
__Lcinit                                 cinit        000000
__Lclrtext                               clrtext      000000
__Lcomram                                comram       000000
__Lconfig                                config       300000
__Lconst                                 const        000000
__LcstackCOMRAM                          cstackCOMRAM 000000
__Ldata                                  data         000000
__LdataCOMRAM                            dataCOMRAM   000000
__Leeprom_data                           eeprom_data  000000
__Lend_init                              end_init     000018
__Lfarbss                                farbss       000000
__Lfardata                               fardata      000000
__Libigdata                              ibigdata     000000
__Lidata                                 idata        000000
__LidataCOMRAM                           idataCOMRAM  000000
__Lidloc                                 idloc        200000
__Lifardata                              ifardata     000000
__Linit                                  init         000014
__Lintcode                               intcode      000008
__Lintcode_body                          intcode_body 000000
__Lintcodelo                             intcodelo    000014
__Lintentry                              intentry     000000
__Lintret                                intret       000000
__Lintsave_regs                          intsave_regs 000000
__Lirdata                                irdata       000000
__Lmediumconst                           mediumconst  00FDA4
__LnvFARRAM                              nvFARRAM     000000
__Lnvbit                                 nvbit        000000
__Lnvrram                                nvrram       000000
__Lparam                                 rparam       000000
__Lpowerup                               powerup      000014
__Lram                                   ram          000000
__Lramtop                                ramtop       001000
__Lrbit                                  rbit         000000
__Lrbss                                  rbss         000000
__Lrdata                                 rdata        000000
__Lreset_vec                             reset_vec    000000
__Lrparam                                rparam       000000
__Lsfr                                   sfr          000000
__Lsmallconst                            smallconst   000000
__Lspace_0                               (abs)        000000
__Lspace_1                               (abs)        000000
__Lspace_2                               (abs)        000000
__Lstack                                 stack        000080
__Lstruct                                struct       000000
__Ltemp                                  temp         000050
__Ltext                                  text         000000
__Ltext0                                 text0        000000
__Ltext1                                 text1        000000
__Ltext10                                text10       000000
__Ltext11                                text11       000000
__Ltext12                                text12       000000
__Ltext13                                text13       000000
__Ltext14                                text14       000000
__Ltext15                                text15       000000
__Ltext16                                text16       000000
__Ltext17                                text17       000000
__Ltext18                                text18       000000
__Ltext19                                text19       000000
__Ltext2                                 text2        000000
__Ltext20                                text20       000000
__Ltext21                                text21       000000
__Ltext22                                text22       000000
__Ltext23                                text23       000000
__Ltext24                                text24       000000
__Ltext25                                text25       000000
__Ltext26                                text26       000000
__Ltext27                                text27       000000
__Ltext28                                text28       000000
__Ltext29                                text29       000000
__Ltext3                                 text3        000000
__Ltext30                                text30       000000
__Ltext31                                text31       000000
__Ltext32                                text32       000000
__Ltext33                                text33       000000
__Ltext34                                text34       000000
__Ltext35                                text35       000000
__Ltext36                                text36       000000
__Ltext37                                text37       000000
__Ltext38                                text38       000000
__Ltext39                                text39       000000
__Ltext4                                 text4        000000
__Ltext40                                text40       000000
__Ltext41                                text41       000000
__Ltext42                                text42       000000
__Ltext43                                text43       000000
__Ltext44                                text44       000000
__Ltext45                                text45       000000
__Ltext46                                text46       000000
__Ltext47                                text47       000000
__Ltext48                                text48       000000
__Ltext49                                text49       000000
__Ltext5                                 text5        000000
__Ltext50                                text50       000000
__Ltext51                                text51       000000
__Ltext52                                text52       000000
__Ltext53                                text53       000000
__Ltext54                                text54       000000
__Ltext55                                text55       000000
__Ltext56                                text56       000000
__Ltext57                                text57       000000
__Ltext58                                text58       000000
__Ltext59                                text59       000000
__Ltext6                                 text6        000000
__Ltext60                                text60       000000
__Ltext61                                text61       000000
__Ltext62                                text62       000000
__Ltext63                                text63       000000
__Ltext64                                text64       000000
__Ltext65                                text65       000000
__Ltext66                                text66       000000
__Ltext67                                text67       000000
__Ltext68                                text68       000000
__Ltext69                                text69       000000
__Ltext7                                 text7        000000
__Ltext70                                text70       000000
__Ltext71                                text71       000000
__Ltext8                                 text8        000000
__Ltext9                                 text9        000000
__S0                                     (abs)        30000E
__S1                                     (abs)        000F80
__S2                                     (abs)        000E0C
___inthi_sp                              stack        000504
___intlo_sp                              stack        000988
___lldiv                                 text3        003B9E
___lwdiv                                 text34       003E80
___lwmod                                 text24       0040F4
___param_bank                            (abs)        000010
___rparam_used                           (abs)        000001
___sp                                    stack        000080
___wmul                                  text23       004460
__accesstop                              (abs)        000080
__activetblptr                           (abs)        000003
__end_of_RF24NH_init                     text26       004694
__end_of_RF24N__write                    text25       0032EC
__end_of_RF24N_available                 text27       004E5A
__end_of_RF24N_begin_d                   text11       0022EC
__end_of_RF24N_direct_child_route_to     text40       004A14
__end_of_RF24N_enqueue                   text32       000B48
__end_of_RF24N_init                      text10       003708
__end_of_RF24N_is_descendant             text39       0049A8
__end_of_RF24N_is_direct_child           text38       00430C
__end_of_RF24N_is_valid_address          text56       004860
__end_of_RF24N_levelToAddress            text35       004BB6
__end_of_RF24N_logicalToPhysicalAddress  text37       002E42
__end_of_RF24N_pipe_address              text46       003174
__end_of_RF24N_setup_address             text16       002A42
__end_of_RF24N_update                    text62       001308
__end_of_RF24N_write                     text64       001D42
__end_of_RF24N_write_                    text22       0018D6
__end_of_RF24N_write_m                   text21       004E98
__end_of_RF24N_write_to_pipe             text41       00281A
__end_of_RF24_available_p                text36       004AE8
__end_of_RF24_begin                      text5        002C60
__end_of_RF24_beginTransaction           text53       005068
__end_of_RF24_ce_d                       text59       004CA2
__end_of_RF24_closeReadingPipe           text55       004B50
__end_of_RF24_csn_d                      text54       004C54
__end_of_RF24_enableDynamicPayloads      text15       00470A
__end_of_RF24_endTransaction             text52       005050
__end_of_RF24_flush_rx                   text29       005020
__end_of_RF24_flush_tx                   text60       005080
__end_of_RF24_getDynamicPayloadSize      text28       00493C
__end_of_RF24_get_status                 text48       005038
__end_of_RF24_init                       text4        003E80
__end_of_RF24_isValid                    text57       004D3C
__end_of_RF24_openReadingPipe_d          text14       002FF0
__end_of_RF24_openWritingPipe_d          text45       0043B8
__end_of_RF24_powerUp                    text61       004CF0
__end_of_RF24_read                       text30       004ED6
__end_of_RF24_read_payload               text31       00385C
__end_of_RF24_read_register_d            text70       004DD0
__end_of_RF24_setAutoAck_p               text71       004460
__end_of_RF24_setChannel                 text13       004C06
__end_of_RF24_setDataRate                text9        003B9E
__end_of_RF24_setRetries                 text12       004F4C
__end_of_RF24_spiTrans                   text50       004F14
__end_of_RF24_startFastWrite             text43       004A80
__end_of_RF24_startListening             text69       003A9A
__end_of_RF24_stopListening              text68       003D92
__end_of_RF24_toggle_features_d          text8        004F7E
__end_of_RF24_txStandBy_t                text65       003990
__end_of_RF24_writeFast_m                text42       004780
__end_of_RF24_write_payload              text44       003458
__end_of_RF24_write_register_c_d         text47       0047F0
__end_of_RF24_write_register_d           text67       004D88
__end_of_SPI_begin                       text7        005008
__end_of_SPI_transfer                    text51       005094
__end_of_Serial_begin                    text2        0040F4
__end_of_Serial_print                    text19       00461A
__end_of_Serial_println                  text18       004FEE
__end_of_Serial_tx                       text20       0050B4
__end_of___lldiv                         text3        003CA0
__end_of___lwdiv                         text34       003F6A
__end_of___lwmod                         text24       0041B0
__end_of___wmul                          text23       0044F6
__end_of__initialization                 cinit        004E10
__end_of_child_payload_size              mediumconst  00FDD1
__end_of_child_pipe                      mediumconst  00FDD7
__end_of_child_pipe_enable               mediumconst  00FDDD
__end_of_delay                           text63       004260
__end_of_delayMicroseconds               text58       00458C
__end_of_digitalWrite                    text49       0025B4
__end_of_dpowers                         mediumconst  00FDBB
__end_of_hexpowers                       mediumconst  00FDC3
__end_of_interval                        mediumconst  00FDED
__end_of_isr                             intcode_body 004FA8
__end_of_loop                            text17       0035B2
__end_of_main                            text0        004FCE
__end_of_memcpy                          text33       004034
__end_of_millis                          text66       0050A6
__end_of_octpowers                       mediumconst  00FDB1
__end_of_other_node                      mediumconst  00FDF3
__end_of_pinMode                         text6        00201E
__end_of_rf24_crclength_e_str_0          mediumconst  00FE08
__end_of_rf24_crclength_e_str_1          mediumconst  00FE30
__end_of_rf24_crclength_e_str_2          mediumconst  00FE19
__end_of_rf24_crclength_e_str_P          mediumconst  00FDE3
__end_of_rf24_datarate_e_str_0           mediumconst  00FE4B
__end_of_rf24_datarate_e_str_1           mediumconst  00FE51
__end_of_rf24_datarate_e_str_2           mediumconst  00FE21
__end_of_rf24_datarate_e_str_P           mediumconst  00FDE9
__end_of_rf24_model_e_str_0              mediumconst  00FE11
__end_of_rf24_model_e_str_1              mediumconst  00FDFF
__end_of_rf24_model_e_str_P              mediumconst  00FDF1
__end_of_rf24_pa_dbm_e_str_0             mediumconst  00FE37
__end_of_rf24_pa_dbm_e_str_1             mediumconst  00FE3E
__end_of_rf24_pa_dbm_e_str_2             mediumconst  00FE29
__end_of_rf24_pa_dbm_e_str_3             mediumconst  00FE45
__end_of_rf24_pa_dbm_e_str_P             mediumconst  00FDCB
__end_of_setup                           text1        0048CE
__end_of_this_node                       mediumconst  00FDF5
__initialization                         cinit        004DD0
__mediumconst                            mediumconst  00FDA4
__pbssBIGRAM                             bssBIGRAM    000E0C
__pbssCOMRAM                             bssCOMRAM    000001
__pcinit                                 cinit        004DD0
__pcstackCOMRAM                          cstackCOMRAM 000065
__pdataCOMRAM                            dataCOMRAM   00005C
__pidataCOMRAM                           idataCOMRAM  0050B4
__pintcode                               intcode      000008
__pintcode_body                          intcode_body 004F7E
__pmediumconst                           mediumconst  00FDA4
__ptext0                                 text0        004FA8
__ptext1                                 text1        004860
__ptext10                                text10       0035B2
__ptext11                                text11       00201E
__ptext12                                text12       004F14
__ptext13                                text13       004BB6
__ptext14                                text14       002E42
__ptext15                                text15       004694
__ptext16                                text16       00281A
__ptext17                                text17       003458
__ptext18                                text18       004FCE
__ptext19                                text19       00458C
__ptext2                                 text2        004034
__ptext20                                text20       0050A6
__ptext21                                text21       004E5A
__ptext22                                text22       001308
__ptext23                                text23       004460
__ptext24                                text24       0040F4
__ptext25                                text25       003174
__ptext26                                text26       00461A
__ptext27                                text27       004E16
__ptext28                                text28       0048CE
__ptext29                                text29       005008
__ptext3                                 text3        003B9E
__ptext30                                text30       004E98
__ptext31                                text31       003708
__ptext32                                text32       00001C
__ptext33                                text33       003F6A
__ptext34                                text34       003E80
__ptext35                                text35       004B50
__ptext36                                text36       004A80
__ptext37                                text37       002C60
__ptext38                                text38       004260
__ptext39                                text39       00493C
__ptext4                                 text4        003D92
__ptext40                                text40       0049A8
__ptext41                                text41       0025B4
__ptext42                                text42       00470A
__ptext43                                text43       004A14
__ptext44                                text44       0032EC
__ptext45                                text45       00430C
__ptext46                                text46       002FF0
__ptext47                                text47       004780
__ptext48                                text48       005020
__ptext49                                text49       0022EC
__ptext5                                 text5        002A42
__ptext50                                text50       004ED6
__ptext51                                text51       005080
__ptext52                                text52       005038
__ptext53                                text53       005050
__ptext54                                text54       004C06
__ptext55                                text55       004AE8
__ptext56                                text56       0047F0
__ptext57                                text57       004CF0
__ptext58                                text58       0044F6
__ptext59                                text59       004C54
__ptext6                                 text6        001D42
__ptext60                                text60       005068
__ptext61                                text61       004CA2
__ptext62                                text62       000B48
__ptext63                                text63       0041B0
__ptext64                                text64       0018D6
__ptext65                                text65       00385C
__ptext66                                text66       005094
__ptext67                                text67       004D3C
__ptext68                                text68       003CA0
__ptext69                                text69       003990
__ptext7                                 text7        004FEE
__ptext70                                text70       004D88
__ptext71                                text71       0043B8
__ptext8                                 text8        004F4C
__ptext9                                 text9        003A9A
__ramtop                                 ramtop       001000
__size_of_RF24NH_init                    (abs)        000000
__size_of_RF24N__write                   (abs)        000000
__size_of_RF24N_available                (abs)        000000
__size_of_RF24N_begin_d                  (abs)        000000
__size_of_RF24N_direct_child_route_to    (abs)        000000
__size_of_RF24N_enqueue                  (abs)        000000
__size_of_RF24N_init                     (abs)        000000
__size_of_RF24N_is_descendant            (abs)        000000
__size_of_RF24N_is_direct_child          (abs)        000000
__size_of_RF24N_is_valid_address         (abs)        000000
__size_of_RF24N_levelToAddress           (abs)        000000
__size_of_RF24N_logicalToPhysicalAddress (abs)        000000
__size_of_RF24N_pipe_address             (abs)        000000
__size_of_RF24N_setup_address            (abs)        000000
__size_of_RF24N_update                   (abs)        000000
__size_of_RF24N_write                    (abs)        000000
__size_of_RF24N_write_                   (abs)        000000
__size_of_RF24N_write_m                  (abs)        000000
__size_of_RF24N_write_to_pipe            (abs)        000000
__size_of_RF24_available_p               (abs)        000000
__size_of_RF24_begin                     (abs)        000000
__size_of_RF24_beginTransaction          (abs)        000000
__size_of_RF24_ce_d                      (abs)        000000
__size_of_RF24_closeReadingPipe          (abs)        000000
__size_of_RF24_csn_d                     (abs)        000000
__size_of_RF24_enableDynamicPayloads     (abs)        000000
__size_of_RF24_endTransaction            (abs)        000000
__size_of_RF24_flush_rx                  (abs)        000000
__size_of_RF24_flush_tx                  (abs)        000000
__size_of_RF24_getDynamicPayloadSize     (abs)        000000
__size_of_RF24_get_status                (abs)        000000
__size_of_RF24_init                      (abs)        000000
__size_of_RF24_isValid                   (abs)        000000
__size_of_RF24_openReadingPipe_d         (abs)        000000
__size_of_RF24_openWritingPipe_d         (abs)        000000
__size_of_RF24_powerUp                   (abs)        000000
__size_of_RF24_read                      (abs)        000000
__size_of_RF24_read_payload              (abs)        000000
__size_of_RF24_read_register_d           (abs)        000000
__size_of_RF24_setAutoAck_p              (abs)        000000
__size_of_RF24_setChannel                (abs)        000000
__size_of_RF24_setDataRate               (abs)        000000
__size_of_RF24_setRetries                (abs)        000000
__size_of_RF24_spiTrans                  (abs)        000000
__size_of_RF24_startFastWrite            (abs)        000000
__size_of_RF24_startListening            (abs)        000000
__size_of_RF24_stopListening             (abs)        000000
__size_of_RF24_toggle_features_d         (abs)        000000
__size_of_RF24_txStandBy_t               (abs)        000000
__size_of_RF24_writeFast_m               (abs)        000000
__size_of_RF24_write_payload             (abs)        000000
__size_of_RF24_write_register_c_d        (abs)        000000
__size_of_RF24_write_register_d          (abs)        000000
__size_of_SPI_begin                      (abs)        000000
__size_of_SPI_transfer                   (abs)        000000
__size_of_Serial_begin                   (abs)        000000
__size_of_Serial_print                   (abs)        000000
__size_of_Serial_println                 (abs)        000000
__size_of_Serial_tx                      (abs)        000000
__size_of___lldiv                        (abs)        000000
__size_of___lwdiv                        (abs)        000000
__size_of___lwmod                        (abs)        000000
__size_of___wmul                         (abs)        000000
__size_of_delay                          (abs)        000000
__size_of_delayMicroseconds              (abs)        000000
__size_of_digitalWrite                   (abs)        000000
__size_of_isr                            (abs)        000000
__size_of_loop                           (abs)        000000
__size_of_main                           (abs)        000000
__size_of_memcpy                         (abs)        000000
__size_of_millis                         (abs)        000000
__size_of_pinMode                        (abs)        000000
__size_of_setup                          (abs)        000000
__smallconst                             smallconst   000000
_child_payload_size                      mediumconst  00FDCB
_child_pipe                              mediumconst  00FDD1
_child_pipe_enable                       mediumconst  00FDD7
_delay                                   text63       0041B0
_delayMicroseconds                       text58       0044F6
_digitalWrite                            text49       0022EC
_isr                                     intcode      000008
_last_sent                               bssCOMRAM    000001
_loop                                    text17       003458
_main                                    text0        004FA8
_memcpy                                  text33       003F6A
_millis                                  text66       005094
_mtime                                   bssCOMRAM    000005
_network                                 bssBIGRAM    000E0C
_next_id                                 dataCOMRAM   000063
_packets_sent                            bssCOMRAM    000009
_pinMode                                 text6        001D42
_putch                                   (abs)        000000
_radio                                   bssCOMRAM    00003A
_setup                                   text1        004860
btemp                                    temp         000050
end_of_initialization                    cinit        004E10
int_func                                 intcode_body 004F7E
intlevel0                                text         000000
intlevel1                                text         000000
intlevel2                                text         000000
intlevel3                                text         000000
stackhi                                  (abs)        000E0B
stacklo                                  (abs)        000080
start                                    init         000014
start_initialization                     cinit        004DD0


FUNCTION INFORMATION:

 *************** function _main *****************
 Defined at:
		line 26 in file "pic_main.c"
 Parameters:    Size  Location     Type
		None
 Auto vars:     Size  Location     Type
		None
 Return value:  Size  Location     Type
                  1  [STACK] void 
 Registers used:
		wreg, fsr0l, fsr0h, fsr1l, fsr1h, fsr2l, fsr2h, status,2, status,0, pclat, btemp, btemp+1, btemp+2, btemp+3, btemp+4, btemp+5, btemp+6, btemp+7, btemp+8, btemp+9, btemp+10, btemp+11, tosl, structret, tblptrl, tblptrh, tblptru, prodl, prodh, bsr, cstack
 Tracked objects:
		On entry : 
		On exit  : 
		Unchanged: 
 Data sizes:     COMRAM   BANK0   BANK1   BANK2   BANK3   BANK4   BANK5   BANK6   BANK7   BANK8   BANK9  BANK10  BANK11  BANK12  BANK13  BANK14  BANK15
      Params:         0       0       0       0       0       0       0       0       0       0       0       0       0       0       0       0       0
      Locals:         0       0       0       0       0       0       0       0       0       0       0       0       0       0       0       0       0
      Temps:          0       0       0       0       0       0       0       0       0       0       0       0       0       0       0       0       0
      Totals:         0       0       0       0       0       0       0       0       0       0       0       0       0       0       0       0       0
Total ram usage:        0 bytes
 Hardware stack levels required when called:   14
 This function calls:
		_loop
		_setup
 This function is called by:
		Startup code after reset
 This function uses a reentrant model


 *************** function _setup *****************
 Defined at:
		line 41 in file "helloworld_tx.c"
 Parameters:    Size  Location     Type
		None
 Auto vars:     Size  Location     Type
		None
 Return value:  Size  Location     Type
                  1  [STACK] void 
 Registers used:
		wreg, fsr0l, fsr0h, fsr1l, fsr1h, fsr2l, fsr2h, status,2, status,0, btemp, btemp+1, btemp+2, btemp+3, btemp+4, btemp+5, btemp+6, btemp+7, btemp+8, btemp+9, btemp+10, btemp+11, tblptrl, tblptrh, tblptru, prodl, prodh
 Tracked objects:
		On entry : 
		On exit  : 
		Unchanged: 
 Data sizes:     COMRAM   BANK0   BANK1   BANK2   BANK3   BANK4   BANK5   BANK6   BANK7   BANK8   BANK9  BANK10  BANK11  BANK12  BANK13  BANK14  BANK15
      Params:         0       0       0       0       0       0       0       0       0       0       0       0       0       0       0       0       0
      Locals:         0       0       0       0       0       0       0       0       0       0       0       0       0       0       0       0       0
      Temps:          0       0       0       0       0       0       0       0       0       0       0       0       0       0       0       0       0
      Totals:         0       0       0       0       0       0       0       0       0       0       0       0       0       0       0       0       0
Total ram usage:        0 bytes
 Hardware stack levels used:    1
 Hardware stack levels required when called:    8
 This function calls:
		_RF24N_begin_d
		_RF24N_init
		_RF24_begin
		_RF24_init
		_Serial_begin
		_Serial_println
 This function is called by:
		_main
 This function uses a reentrant model


 *************** function _Serial_begin *****************
 Defined at:
		line 31 in file "serial.c"
 Parameters:    Size  Location     Type
  baud            4  [STACK] unsigned long 
 Auto vars:     Size  Location     Type
		None
 Return value:  Size  Location     Type
                  1  [STACK] void 
 Registers used:
		wreg, fsr1l, fsr1h, fsr2l, fsr2h, status,2, status,0, btemp, btemp+1, btemp+2, btemp+3, btemp+4, btemp+5, btemp+6, btemp+7, btemp+8, btemp+9, btemp+10, btemp+11
 Tracked objects:
		On entry : 
		On exit  : 
		Unchanged: 
 Data sizes:     COMRAM   BANK0   BANK1   BANK2   BANK3   BANK4   BANK5   BANK6   BANK7   BANK8   BANK9  BANK10  BANK11  BANK12  BANK13  BANK14  BANK15
      Params:         0       0       0       0       0       0       0       0       0       0       0       0       0       0       0       0       0
      Locals:         0       0       0       0       0       0       0       0       0       0       0       0       0       0       0       0       0
      Temps:          0       0       0       0       0       0       0       0       0       0       0       0       0       0       0       0       0
      Totals:         0       0       0       0       0       0       0       0       0       0       0       0       0       0       0       0       0
Total ram usage:        0 bytes
 Hardware stack levels used:    1
 Hardware stack levels required when called:    2
 This function calls:
		___lldiv
 This function is called by:
		_setup
 This function uses a reentrant model


 *************** function ___lldiv *****************
 Defined at:
		line 8 in file "/opt/microchip/xc8/v1.38/sources/common/lldiv.c"
 Parameters:    Size  Location     Type
  dividend        4  [STACK] unsigned long 
  divisor         4  [STACK] unsigned long 
 Auto vars:     Size  Location     Type
  quotient        4  [STACK] unsigned long 
  counter         1  [STACK] unsigned char 
 Return value:  Size  Location     Type
                  4  [STACK] unsigned long 
 Registers used:
		wreg, fsr1l, fsr1h, fsr2l, fsr2h, status,2, status,0, btemp, btemp+1, btemp+2, btemp+3
 Tracked objects:
		On entry : 
		On exit  : 
		Unchanged: 
 Data sizes:     COMRAM   BANK0   BANK1   BANK2   BANK3   BANK4   BANK5   BANK6   BANK7   BANK8   BANK9  BANK10  BANK11  BANK12  BANK13  BANK14  BANK15
      Params:         0       0       0       0       0       0       0       0       0       0       0       0       0       0       0       0       0
      Locals:         0       0       0       0       0       0       0       0       0       0       0       0       0       0       0       0       0
      Temps:          0       0       0       0       0       0       0       0       0       0       0       0       0       0       0       0       0
      Totals:         0       0       0       0       0       0       0       0       0       0       0       0       0       0       0       0       0
Total ram usage:        0 bytes
 Hardware stack levels used:    1
 Hardware stack levels required when called:    1
 This function calls:
		Nothing
 This function is called by:
		_Serial_begin
 This function uses a reentrant model


 *************** function _RF24_init *****************
 Defined at:
		line 430 in file "../../../RF24_c/RF24_c.c"
 Parameters:    Size  Location     Type
  rf              2  [STACK] PTR struct RF24
		 -> radio(22), 
  _cepin          1  [STACK] unsigned char 
  _cspin          1  [STACK] unsigned char 
 Auto vars:     Size  Location     Type
		None
 Return value:  Size  Location     Type
                  1  [STACK] void 
 Registers used:
		wreg, fsr1l, fsr1h, fsr2l, fsr2h, status,2, status,0, btemp+1, btemp+2
 Tracked objects:
		On entry : 
		On exit  : 
		Unchanged: 
 Data sizes:     COMRAM   BANK0   BANK1   BANK2   BANK3   BANK4   BANK5   BANK6   BANK7   BANK8   BANK9  BANK10  BANK11  BANK12  BANK13  BANK14  BANK15
      Params:         0       0       0       0       0       0       0       0       0       0       0       0       0       0       0       0       0
      Locals:         0       0       0       0       0       0       0       0       0       0       0       0       0       0       0       0       0
      Temps:          0       0       0       0       0       0       0       0       0       0       0       0       0       0       0       0       0
      Totals:         0       0       0       0       0       0       0       0       0       0       0       0       0       0       0       0       0
Total ram usage:        0 bytes
 Hardware stack levels used:    1
 Hardware stack levels required when called:    1
 This function calls:
		Nothing
 This function is called by:
		_setup
 This function uses a reentrant model


 *************** function _RF24_begin *****************
 Defined at:
		line 595 in file "../../../RF24_c/RF24_c.c"
 Parameters:    Size  Location     Type
  rf              2  [STACK] PTR struct RF24
		 -> radio(22), 
 Auto vars:     Size  Location     Type
  setup           1  [STACK] unsigned char 
 Return value:  Size  Location     Type
                  1  [STACK] unsigned char 
 Registers used:
		wreg, fsr0l, fsr0h, fsr1l, fsr1h, fsr2l, fsr2h, status,2, status,0, btemp, btemp+1, btemp+2, btemp+10, btemp+11
 Tracked objects:
		On entry : 
		On exit  : 
		Unchanged: 
 Data sizes:     COMRAM   BANK0   BANK1   BANK2   BANK3   BANK4   BANK5   BANK6   BANK7   BANK8   BANK9  BANK10  BANK11  BANK12  BANK13  BANK14  BANK15
      Params:         0       0       0       0       0       0       0       0       0       0       0       0       0       0       0       0       0
      Locals:         0       0       0       0       0       0       0       0       0       0       0       0       0       0       0       0       0
      Temps:          0       0       0       0       0       0       0       0       0       0       0       0       0       0       0       0       0
      Totals:         0       0       0       0       0       0       0       0       0       0       0       0       0       0       0       0       0
Total ram usage:        0 bytes
 Hardware stack levels used:    1
 Hardware stack levels required when called:    6
 This function calls:
		_RF24_ce_d
		_RF24_csn_d
		_RF24_flush_rx
		_RF24_flush_tx
		_RF24_powerUp
		_RF24_read_register_d
		_RF24_setChannel
		_RF24_setDataRate
		_RF24_setRetries
		_RF24_toggle_features_d
		_RF24_write_register_d
		_SPI_begin
		_delay
		_pinMode
 This function is called by:
		_setup
 This function uses a reentrant model


 *************** function _pinMode *****************
 Defined at:
		line 8 in file "../../../RF24_c/utility/XC8/spi.c"
 Parameters:    Size  Location     Type
  pin             1  [STACK] unsigned char 
  mode            1  [STACK] unsigned char 
 Auto vars:     Size  Location     Type
		None
 Return value:  Size  Location     Type
                  1  [STACK] void 
 Registers used:
		wreg, fsr1l, fsr1h, status,2, status,0
 Tracked objects:
		On entry : 
		On exit  : 
		Unchanged: 
 Data sizes:     COMRAM   BANK0   BANK1   BANK2   BANK3   BANK4   BANK5   BANK6   BANK7   BANK8   BANK9  BANK10  BANK11  BANK12  BANK13  BANK14  BANK15
      Params:         0       0       0       0       0       0       0       0       0       0       0       0       0       0       0       0       0
      Locals:         0       0       0       0       0       0       0       0       0       0       0       0       0       0       0       0       0
      Temps:          0       0       0       0       0       0       0       0       0       0       0       0       0       0       0       0       0
      Totals:         0       0       0       0       0       0       0       0       0       0       0       0       0       0       0       0       0
Total ram usage:        0 bytes
 Hardware stack levels used:    1
 Hardware stack levels required when called:    1
 This function calls:
		Nothing
 This function is called by:
		_RF24_begin
 This function uses a reentrant model


 *************** function _SPI_begin *****************
 Defined at:
		line 208 in file "../../../RF24_c/utility/XC8/spi.c"
 Parameters:    Size  Location     Type
		None
 Auto vars:     Size  Location     Type
		None
 Return value:  Size  Location     Type
                  1  [STACK] void 
 Registers used:
		wreg, status,2
 Tracked objects:
		On entry : 
		On exit  : 
		Unchanged: 
 Data sizes:     COMRAM   BANK0   BANK1   BANK2   BANK3   BANK4   BANK5   BANK6   BANK7   BANK8   BANK9  BANK10  BANK11  BANK12  BANK13  BANK14  BANK15
      Params:         0       0       0       0       0       0       0       0       0       0       0       0       0       0       0       0       0
      Locals:         0       0       0       0       0       0       0       0       0       0       0       0       0       0       0       0       0
      Temps:          0       0       0       0       0       0       0       0       0       0       0       0       0       0       0       0       0
      Totals:         0       0       0       0       0       0       0       0       0       0       0       0       0       0       0       0       0
Total ram usage:        0 bytes
 Hardware stack levels used:    1
 Hardware stack levels required when called:    1
 This function calls:
		Nothing
 This function is called by:
		_RF24_begin
 This function uses a reentrant model


 *************** function _RF24_toggle_features_d *****************
 Defined at:
		line 1253 in file "../../../RF24_c/RF24_c.c"
 Parameters:    Size  Location     Type
  rf              2  [STACK] PTR struct RF24
		 -> radio(22), 
 Auto vars:     Size  Location     Type
		None
 Return value:  Size  Location     Type
                  1  [STACK] void 
 Registers used:
		wreg, fsr1l, fsr1h, fsr2l, fsr2h, status,2, status,0, btemp, btemp+1, btemp+2
 Tracked objects:
		On entry : 
		On exit  : 
		Unchanged: 
 Data sizes:     COMRAM   BANK0   BANK1   BANK2   BANK3   BANK4   BANK5   BANK6   BANK7   BANK8   BANK9  BANK10  BANK11  BANK12  BANK13  BANK14  BANK15
      Params:         0       0       0       0       0       0       0       0       0       0       0       0       0       0       0       0       0
      Locals:         0       0       0       0       0       0       0       0       0       0       0       0       0       0       0       0       0
      Temps:          0       0       0       0       0       0       0       0       0       0       0       0       0       0       0       0       0
      Totals:         0       0       0       0       0       0       0       0       0       0       0       0       0       0       0       0       0
Total ram usage:        0 bytes
 Hardware stack levels used:    1
 Hardware stack levels required when called:    4
 This function calls:
		_RF24_beginTransaction
		_RF24_endTransaction
		_SPI_transfer
 This function is called by:
		_RF24_begin
 This function uses a reentrant model


 *************** function _RF24_setDataRate *****************
 Defined at:
		line 1440 in file "../../../RF24_c/RF24_c.c"
 Parameters:    Size  Location     Type
  rf              2  [STACK] PTR struct RF24
		 -> radio(22), 
  speed           1  [STACK] enum E3424
 Auto vars:     Size  Location     Type
  setup           1  [STACK] unsigned char 
  result          1  [STACK] unsigned char 
 Return value:  Size  Location     Type
                  1  [STACK] unsigned char 
 Registers used:
		wreg, fsr1l, fsr1h, fsr2l, fsr2h, status,2, status,0, btemp, btemp+1, btemp+2
 Tracked objects:
		On entry : 
		On exit  : 
		Unchanged: 
 Data sizes:     COMRAM   BANK0   BANK1   BANK2   BANK3   BANK4   BANK5   BANK6   BANK7   BANK8   BANK9  BANK10  BANK11  BANK12  BANK13  BANK14  BANK15
      Params:         0       0       0       0       0       0       0       0       0       0       0       0       0       0       0       0       0
      Locals:         0       0       0       0       0       0       0       0       0       0       0       0       0       0       0       0       0
      Temps:          0       0       0       0       0       0       0       0       0       0       0       0       0       0       0       0       0
      Totals:         0       0       0       0       0       0       0       0       0       0       0       0       0       0       0       0       0
Total ram usage:        0 bytes
 Hardware stack levels used:    1
 Hardware stack levels required when called:    5
 This function calls:
		_RF24_read_register_d
		_RF24_write_register_d
 This function is called by:
		_RF24_begin
 This function uses a reentrant model


 *************** function _RF24N_init *****************
 Defined at:
		line 84 in file "../../RF24Network_c.c"
 Parameters:    Size  Location     Type
  rn              2  [STACK] PTR struct .
		 -> network(372), 
  _radio          2  [STACK] PTR struct RF24
		 -> radio(22), 
 Auto vars:     Size  Location     Type
		None
 Return value:  Size  Location     Type
                  1  [STACK] void 
 Registers used:
[...]
		_RF24N_write_to_pipe
		_RF24_setAutoAck_p
		_RF24_startListening
		_RF24_txStandBy_t
		_millis
 This function is called by:
		_RF24N_update
		_RF24N__write
 This function uses a recursive model


 *************** function _RF24_txStandBy_t *****************
 Defined at:
		line 1015 in file "../../../RF24_c/RF24_c.c"
 Parameters:    Size  Location     Type
  rf              2  [STACK] PTR struct RF24
		 -> radio(22), 
  timeout         4  [STACK] unsigned long 
  startTx         1  [STACK] unsigned char 
 Auto vars:     Size  Location     Type
  start           4  [STACK] unsigned long 
 Return value:  Size  Location     Type
                  1  [STACK] unsigned char 
 Registers used:
		wreg, fsr0l, fsr0h, fsr1l, fsr1h, fsr2l, fsr2h, status,2, status,0, btemp, btemp+1, btemp+2, btemp+3, btemp+8, btemp+10, btemp+11, tblptrl, tblptrh, tblptru
 Tracked objects:
		On entry : 
		On exit  : 
		Unchanged: 
 Data sizes:     COMRAM   BANK0   BANK1   BANK2   BANK3   BANK4   BANK5   BANK6   BANK7   BANK8   BANK9  BANK10  BANK11  BANK12  BANK13  BANK14  BANK15
      Params:         0       0       0       0       0       0       0       0       0       0       0       0       0       0       0       0       0
      Locals:         0       0       0       0       0       0       0       0       0       0       0       0       0       0       0       0       0
      Temps:          0       0       0       0       0       0       0       0       0       0       0       0       0       0       0       0       0
      Totals:         0       0       0       0       0       0       0       0       0       0       0       0       0       0       0       0       0
Total ram usage:        0 bytes
 Hardware stack levels used:    1
 Hardware stack levels required when called:    7
 This function calls:
		_RF24_ce_d
		_RF24_flush_tx
		_RF24_get_status
		_RF24_read_register_d
		_RF24_stopListening
		_RF24_write_register_d
		_millis
 This function is called by:
		_RF24N_write_
		_RF24N_write
		_RF24N_write_to_pipe
 This function uses a reentrant model


 *************** function _millis *****************
 Defined at:
		line 157 in file "../../../RF24_c/utility/XC8/spi.c"
 Parameters:    Size  Location     Type
		None
 Auto vars:     Size  Location     Type
		None
 Return value:  Size  Location     Type
                  4  [STACK] long 
 Registers used:
		btemp, btemp+1, btemp+2, btemp+3
 Tracked objects:
		On entry : 
		On exit  : 
		Unchanged: 
 Data sizes:     COMRAM   BANK0   BANK1   BANK2   BANK3   BANK4   BANK5   BANK6   BANK7   BANK8   BANK9  BANK10  BANK11  BANK12  BANK13  BANK14  BANK15
      Params:         0       0       0       0       0       0       0       0       0       0       0       0       0       0       0       0       0
      Locals:         0       0       0       0       0       0       0       0       0       0       0       0       0       0       0       0       0
      Temps:          0       0       0       0       0       0       0       0       0       0       0       0       0       0       0       0       0
      Totals:         0       0       0       0       0       0       0       0       0       0       0       0       0       0       0       0       0
Total ram usage:        0 bytes
 Hardware stack levels used:    1
 Hardware stack levels required when called:    1
 This function calls:
		Nothing
 This function is called by:
		_loop
		_RF24N_write_
		_RF24N_write
		_RF24_txStandBy_t
 This function uses a reentrant model


 *************** function _RF24_write_register_d *****************
 Defined at:
		line 191 in file "../../../RF24_c/RF24_c.c"
 Parameters:    Size  Location     Type
  rf              2  [STACK] PTR struct RF24
		 -> radio(22), 
  reg             1  [STACK] unsigned char 
  value           1  [STACK] unsigned char 
 Auto vars:     Size  Location     Type
  status          1  [STACK] unsigned char 
 Return value:  Size  Location     Type
                  1  [STACK] unsigned char 
 Registers used:
		wreg, fsr1l, fsr1h, fsr2l, fsr2h, status,2, status,0, btemp, btemp+1, btemp+2
 Tracked objects:
		On entry : 
		On exit  : 
		Unchanged: 
 Data sizes:     COMRAM   BANK0   BANK1   BANK2   BANK3   BANK4   BANK5   BANK6   BANK7   BANK8   BANK9  BANK10  BANK11  BANK12  BANK13  BANK14  BANK15
      Params:         0       0       0       0       0       0       0       0       0       0       0       0       0       0       0       0       0
      Locals:         0       0       0       0       0       0       0       0       0       0       0       0       0       0       0       0       0
      Temps:          0       0       0       0       0       0       0       0       0       0       0       0       0       0       0       0       0
      Totals:         0       0       0       0       0       0       0       0       0       0       0       0       0       0       0       0       0
Total ram usage:        0 bytes
 Hardware stack levels used:    1
 Hardware stack levels required when called:    4
 This function calls:
		_RF24_beginTransaction
		_RF24_endTransaction
		_SPI_transfer
 This function is called by:
		_RF24_setChannel
		_RF24_begin
		_RF24_startListening
		_RF24_stopListening
		_RF24_powerUp
		_RF24_writeFast_m
		_RF24_txStandBy_t
		_RF24_read
		_RF24_openWritingPipe_d
		_RF24_openReadingPipe_d
		_RF24_closeReadingPipe
		_RF24_enableDynamicPayloads
		_RF24_setAutoAck_p
		_RF24_setDataRate
		_RF24_setRetries
 This function uses a reentrant model


 *************** function _RF24_stopListening *****************
 Defined at:
		line 751 in file "../../../RF24_c/RF24_c.c"
 Parameters:    Size  Location     Type
  rf              2  [STACK] PTR struct RF24
		 -> radio(22), 
 Auto vars:     Size  Location     Type
		None
 Return value:  Size  Location     Type
                  1  [STACK] void 
 Registers used:
		wreg, fsr0l, fsr0h, fsr1l, fsr1h, fsr2l, fsr2h, status,2, status,0, btemp, btemp+1, btemp+2, btemp+10, btemp+11, tblptrl, tblptrh, tblptru
 Tracked objects:
		On entry : 
		On exit  : 
		Unchanged: 
 Data sizes:     COMRAM   BANK0   BANK1   BANK2   BANK3   BANK4   BANK5   BANK6   BANK7   BANK8   BANK9  BANK10  BANK11  BANK12  BANK13  BANK14  BANK15
      Params:         0       0       0       0       0       0       0       0       0       0       0       0       0       0       0       0       0
      Locals:         0       0       0       0       0       0       0       0       0       0       0       0       0       0       0       0       0
      Temps:          0       0       0       0       0       0       0       0       0       0       0       0       0       0       0       0       0
      Totals:         0       0       0       0       0       0       0       0       0       0       0       0       0       0       0       0       0
Total ram usage:        0 bytes
 Hardware stack levels used:    1
 Hardware stack levels required when called:    6
 This function calls:
		_RF24_ce_d
		_RF24_flush_tx
		_RF24_read_register_d
		_RF24_write_register_d
		_delayMicroseconds
 This function is called by:
		_RF24N_enqueue
		_RF24N_write_
		_RF24N_write_to_pipe
		_RF24_txStandBy_t
 This function uses a reentrant model


 *************** function _RF24_startListening *****************
 Defined at:
		line 720 in file "../../../RF24_c/RF24_c.c"
 Parameters:    Size  Location     Type
  rf              2  [STACK] PTR struct RF24
		 -> radio(22), 
 Auto vars:     Size  Location     Type
		None
 Return value:  Size  Location     Type
                  1  [STACK] void 
 Registers used:
		wreg, fsr0l, fsr0h, fsr1l, fsr1h, fsr2l, fsr2h, status,2, status,0, btemp, btemp+1, btemp+2, btemp+10, btemp+11, tblptrl, tblptrh, tblptru
 Tracked objects:
		On entry : 
		On exit  : 
		Unchanged: 
 Data sizes:     COMRAM   BANK0   BANK1   BANK2   BANK3   BANK4   BANK5   BANK6   BANK7   BANK8   BANK9  BANK10  BANK11  BANK12  BANK13  BANK14  BANK15
      Params:         0       0       0       0       0       0       0       0       0       0       0       0       0       0       0       0       0
      Locals:         0       0       0       0       0       0       0       0       0       0       0       0       0       0       0       0       0
      Temps:          0       0       0       0       0       0       0       0       0       0       0       0       0       0       0       0       0
      Totals:         0       0       0       0       0       0       0       0       0       0       0       0       0       0       0       0       0
Total ram usage:        0 bytes
 Hardware stack levels used:    1
 Hardware stack levels required when called:    6
 This function calls:
		_RF24_ce_d
		_RF24_closeReadingPipe
		_RF24_flush_tx
		_RF24_powerUp
		_RF24_read_register_d
		_RF24_write_register_c_d
		_RF24_write_register_d
 This function is called by:
		_RF24N_begin_d
		_RF24N_write_
		_RF24N_write
 This function uses a reentrant model


 *************** function _RF24_read_register_d *****************
 Defined at:
		line 128 in file "../../../RF24_c/RF24_c.c"
 Parameters:    Size  Location     Type
  rf              2  [STACK] PTR struct RF24
		 -> radio(22), 
  reg             1  [STACK] unsigned char 
 Auto vars:     Size  Location     Type
  result          1  [STACK] unsigned char 
 Return value:  Size  Location     Type
                  1  [STACK] unsigned char 
 Registers used:
		wreg, fsr1l, fsr1h, fsr2l, fsr2h, status,2, status,0, btemp, btemp+1, btemp+2
 Tracked objects:
		On entry : 
		On exit  : 
		Unchanged: 
 Data sizes:     COMRAM   BANK0   BANK1   BANK2   BANK3   BANK4   BANK5   BANK6   BANK7   BANK8   BANK9  BANK10  BANK11  BANK12  BANK13  BANK14  BANK15
      Params:         0       0       0       0       0       0       0       0       0       0       0       0       0       0       0       0       0
      Locals:         0       0       0       0       0       0       0       0       0       0       0       0       0       0       0       0       0
      Temps:          0       0       0       0       0       0       0       0       0       0       0       0       0       0       0       0       0
      Totals:         0       0       0       0       0       0       0       0       0       0       0       0       0       0       0       0       0
Total ram usage:        0 bytes
 Hardware stack levels used:    1
 Hardware stack levels required when called:    4
 This function calls:
		_RF24_beginTransaction
		_RF24_endTransaction
		_SPI_transfer
 This function is called by:
		_RF24_begin
		_RF24_startListening
		_RF24_stopListening
		_RF24_powerUp
		_RF24_txStandBy_t
		_RF24_available_p
		_RF24_openReadingPipe_d
		_RF24_closeReadingPipe
		_RF24_enableDynamicPayloads
		_RF24_setAutoAck_p
		_RF24_setDataRate
 This function uses a reentrant model


 *************** function _RF24_setAutoAck_p *****************
 Defined at:
		line 1374 in file "../../../RF24_c/RF24_c.c"
 Parameters:    Size  Location     Type
  rf              2  [STACK] PTR struct RF24
		 -> radio(22), 
  pipe            1  [STACK] unsigned char 
  enable          1  [STACK] unsigned char 
 Auto vars:     Size  Location     Type
  en_aa           1  [STACK] unsigned char 
 Return value:  Size  Location     Type
                  1  [STACK] void 
 Registers used:
		wreg, fsr1l, fsr1h, fsr2l, fsr2h, status,2, status,0, btemp, btemp+1, btemp+2, btemp+10, btemp+11
 Tracked objects:
		On entry : 
		On exit  : 
		Unchanged: 
 Data sizes:     COMRAM   BANK0   BANK1   BANK2   BANK3   BANK4   BANK5   BANK6   BANK7   BANK8   BANK9  BANK10  BANK11  BANK12  BANK13  BANK14  BANK15
      Params:         0       0       0       0       0       0       0       0       0       0       0       0       0       0       0       0       0
      Locals:         0       0       0       0       0       0       0       0       0       0       0       0       0       0       0       0       0
      Temps:          0       0       0       0       0       0       0       0       0       0       0       0       0       0       0       0       0
      Totals:         0       0       0       0       0       0       0       0       0       0       0       0       0       0       0       0       0
Total ram usage:        0 bytes
 Hardware stack levels used:    1
 Hardware stack levels required when called:    5
 This function calls:
		_RF24_read_register_d
		_RF24_write_register_d
 This function is called by:
		_RF24N_begin_d
		_RF24N_write_
		_RF24N_write
		_RF24N_write_to_pipe
 This function uses a reentrant model


 *************** function _isr *****************
 Defined at:
		line 12 in file "pic_main.c"
 Parameters:    Size  Location     Type
		None
 Auto vars:     Size  Location     Type
		None
 Return value:  Size  Location     Type
                  1    wreg      void 
 Registers used:
		wreg, status,2, status,0
 Tracked objects:
		On entry : 
		On exit  : 
		Unchanged: 
 Data sizes:     COMRAM   BANK0   BANK1   BANK2   BANK3   BANK4   BANK5   BANK6   BANK7   BANK8   BANK9  BANK10  BANK11  BANK12  BANK13  BANK14  BANK15
      Params:         0       0       0       0       0       0       0       0       0       0       0       0       0       0       0       0       0
      Locals:         0       0       0       0       0       0       0       0       0       0       0       0       0       0       0       0       0
      Temps:          2       0       0       0       0       0       0       0       0       0       0       0       0       0       0       0       0
      Totals:         2       0       0       0       0       0       0       0       0       0       0       0       0       0       0       0       0
Total ram usage:        2 bytes
 Hardware stack levels used:    1
 This function calls:
		Nothing
 This function is called by:
		Interrupt level 2
 This function uses a non-reentrant model



MODULE INFORMATION

Module		Function		Class		Link	Load	Size
../../../RF24_c/utility/XC8/spi.c
		_millis        		CODE           	5094	0000	19
		_delay         		CODE           	41B0	0000	177
		_delayMicroseconds		CODE           	44F6	0000	151
		_SPI_begin     		CODE           	4FEE	0000	27
		_digitalWrite  		CODE           	22EC	0000	713
		_pinMode       		CODE           	1D42	0000	733
		_SPI_transfer  		CODE           	5080	0000	21

../../../RF24_c/utility/XC8/spi.c estimated size: 1841

serial.c
		_Serial_tx     		CODE           	50A6	0000	15
		_Serial_begin  		CODE           	4034	0000	193
		_Serial_print  		CODE           	458C	0000	143
		_Serial_println		CODE           	4FCE	0000	33

serial.c estimated size: 384

/opt/microchip/xc8/v1.38/sources/common/lwmod.c
		___lwmod       		CODE           	40F4	0000	189

/opt/microchip/xc8/v1.38/sources/common/lwmod.c estimated size: 189

../../../RF24_c/RF24_c.c
		_RF24_setChannel		CODE           	4BB6	0000	81
		_RF24_txStandBy_t		CODE           	385C	0000	309
		_RF24_setRetries		CODE           	4F14	0000	57
		_RF24_available_p		CODE           	4A80	0000	105
		_RF24_read     		CODE           	4E98	0000	63
		_RF24_openReadingPipe_d		CODE           	2E42	0000	431
		_RF24_openWritingPipe_d		CODE           	430C	0000	173
		_RF24_write_payload		CODE           	32EC	0000	365
		_RF24_spiTrans 		CODE           	4ED6	0000	63
		_RF24_init     		CODE           	3D92	0000	239
		_RF24_endTransaction		CODE           	5038	0000	25
		_RF24_closeReadingPipe		CODE           	4AE8	0000	105
		_RF24_beginTransaction		CODE           	5050	0000	25
		_RF24_read_payload		CODE           	3708	0000	341
		_RF24_stopListening		CODE           	3CA0	0000	243
		_RF24_getDynamicPayloadSize		CODE           	48CE	0000	111
		_RF24_enableDynamicPayloads		CODE           	4694	0000	119
		_RF24_powerUp  		CODE           	4CA2	0000	79
		_RF24_toggle_features_d		CODE           	4F4C	0000	51
		_RF24_read_register_d		CODE           	4D88	0000	73
		_RF24_setDataRate		CODE           	3A9A	0000	261
		_RF24_csn_d    		CODE           	4C06	0000	79
		_RF24_begin    		CODE           	2A42	0000	543
		_RF24_write_register_d		CODE           	4D3C	0000	77
		_RF24_setAutoAck_p		CODE           	43B8	0000	169
		_RF24_isValid  		CODE           	4CF0	0000	77
		_RF24_startListening		CODE           	3990	0000	267
		_RF24_startFastWrite		CODE           	4A14	0000	109
		_RF24_writeFast_m		CODE           	470A	0000	119
		_RF24_get_status		CODE           	5020	0000	25
		_RF24_write_register_c_d		CODE           	4780	0000	113
		_RF24_flush_rx 		CODE           	5008	0000	25
		_RF24_flush_tx 		CODE           	5068	0000	25
		_RF24_ce_d     		CODE           	4C54	0000	79

../../../RF24_c/RF24_c.c estimated size: 5026

/opt/microchip/xc8/v1.38/sources/common/lwdiv.c
		___lwdiv       		CODE           	3E80	0000	235

/opt/microchip/xc8/v1.38/sources/common/lwdiv.c estimated size: 235

../../RF24Network_c.c
		_RF24N_pipe_address		CODE           	2FF0	0000	389
		_RF24N_write_to_pipe		CODE           	25B4	0000	615
		_RF24N_write   		CODE           	18D6	0000	1133
		_RF24N_write_  		CODE           	1308	0000	1487
		_RF24N_logicalToPhysicalAddress		CODE           	2C60	0000	483
		_RF24N_write_m 		CODE           	4E5A	0000	63
		_RF24N_init    		CODE           	35B2	0000	343
		_RF24N_available		CODE           	4E16	0000	69
		_RF24N_direct_child_route_to		CODE           	49A8	0000	109
		_RF24N__write  		CODE           	3174	0000	377
		_RF24N_is_valid_address		CODE           	47F0	0000	113
		_RF24NH_init   		CODE           	461A	0000	123
		_RF24N_begin_d 		CODE           	201E	0000	719
		_RF24N_update  		CODE           	0B48	0000	1985
		_RF24N_levelToAddress		CODE           	4B50	0000	103
		_RF24N_enqueue 		CODE           	001C	0000	2861
		_RF24N_is_direct_child		CODE           	4260	0000	173
		_RF24N_is_descendant		CODE           	493C	0000	109
		_RF24N_setup_address		CODE           	281A	0000	553

../../RF24Network_c.c estimated size: 11807

helloworld_tx.c
		_loop          		CODE           	3458	0000	347
		_setup         		CODE           	4860	0000	111

helloworld_tx.c estimated size: 458

/opt/microchip/xc8/v1.38/sources/common/lldiv.c
		___lldiv       		CODE           	3B9E	0000	259

/opt/microchip/xc8/v1.38/sources/common/lldiv.c estimated size: 259

/opt/microchip/xc8/v1.38/sources/common/memcpy.c
		_memcpy        		CODE           	3F6A	0000	203

/opt/microchip/xc8/v1.38/sources/common/memcpy.c estimated size: 203

pic_main.c
		_main          		CODE           	4FA8	0000	39
		_isr           		CODE           	0008	0000	55

pic_main.c estimated size: 94

shared
		_rf24_datarate_e_str_2		MEDIUMCONST    	0000	0000	0
		_child_pipe    		MEDIUMCONST    	FDD1	0000	7
		_rf24_crclength_e_str_0		MEDIUMCONST    	0000	0000	0
		_rf24_crclength_e_str_P		MEDIUMCONST    	0000	0000	0
		_interval      		MEDIUMCONST    	0000	0000	0
		_rf24_datarate_e_str_P		MEDIUMCONST    	0000	0000	0
		_rf24_pa_dbm_e_str_0		MEDIUMCONST    	0000	0000	0
		_rf24_model_e_str_P		MEDIUMCONST    	0000	0000	0
		_dpowers       		MEDIUMCONST    	0000	0000	0
		_rf24_pa_dbm_e_str_1		MEDIUMCONST    	0000	0000	0
		_child_pipe_enable		MEDIUMCONST    	FDD7	0000	7
		_rf24_pa_dbm_e_str_2		MEDIUMCONST    	0000	0000	0
		_rf24_pa_dbm_e_str_3		MEDIUMCONST    	0000	0000	0
		_rf24_crclength_e_str_1		MEDIUMCONST    	0000	0000	0
		__initialization		CODE           	4DD0	0000	65
		_this_node     		MEDIUMCONST    	0000	0000	0
		_octpowers     		MEDIUMCONST    	0000	0000	0
		_rf24_model_e_str_0		MEDIUMCONST    	0000	0000	0
		_rf24_model_e_str_1		MEDIUMCONST    	0000	0000	0
		_rf24_pa_dbm_e_str_P		MEDIUMCONST    	0000	0000	0
		_hexpowers     		MEDIUMCONST    	0000	0000	0
		_rf24_datarate_e_str_0		MEDIUMCONST    	0000	0000	0
		_child_payload_size		MEDIUMCONST    	FDCB	0000	7
		_rf24_crclength_e_str_2		MEDIUMCONST    	0000	0000	0
		_rf24_datarate_e_str_1		MEDIUMCONST    	0000	0000	0
		_other_node    		MEDIUMCONST    	0000	0000	0

shared estimated size: 86

/opt/microchip/xc8/v1.38/sources/common/Umul16.c
		___wmul        		CODE           	4460	0000	151

/opt/microchip/xc8/v1.38/sources/common/Umul16.c estimated size: 151

