Microchip MPLAB XC8 Compiler V1.36 ()

Linker command line:

-W-3 --edf=/opt/microchip/xc8/v1.36/dat/en_msgs.txt -cs \
  -h+dist/default/production/helloworld_rx.X.production.sym \
  --cmf=dist/default/production/helloworld_rx.X.production.cmf -z -Q18F4620 \
  -o/tmp/xcXPtw4pE -Mdist/default/production/helloworld_rx.X.production.map \
  -E1 -ver=XC8 -ASTACK=021Bh-0f7fh -pstack=STACK -ACODE=00h-0FFFFh \
  -ACONST=00h-0FFFFh -ASMALLCONST=01000h-010FFhx240 \
  -AMEDIUMCONST=01000h-0FFFFh -ACOMRAM=01h-07Fh -AABS1=00h-0F7Fh \
  -ABIGRAM=01h-0F7Fh -ARAM=080h-0FFh,0100h-01FFhx14,0F00h-0F7Fh \
  -ABANK0=080h-0FFh -ABANK1=0100h-01FFh -ABANK2=0200h-02FFh \
  -ABANK3=0300h-03FFh -ABANK4=0400h-04FFh -ABANK5=0500h-05FFh \
  -ABANK6=0600h-06FFh -ABANK7=0700h-07FFh -ABANK8=0800h-08FFh \
  -ABANK9=0900h-09FFh -ABANK10=0A00h-0AFFh -ABANK11=0B00h-0BFFh \
  -ABANK12=0C00h-0CFFh -ABANK13=0D00h-0DFFh -ABANK14=0E00h-0EFFh \
  -ABANK15=0F00h-0F7Fh -ASFR=0F80h-0FFFh \
  -preset_vec=00h,intcode=08h,intcodelo,powerup,init,end_init \
  -pramtop=01000h -psmallconst=SMALLCONST -pmediumconst=MEDIUMCONST \
  -pconst=CONST -AFARRAM=00h-00h -ACONFIG=0300000h-030000Dh -pconfig=CONFIG \
  -AIDLOC=0200000h-0200007h -pidloc=IDLOC -AEEDATA=0F00000h-0F003FFh \
  -peeprom_data=EEDATA \
  -prdata=COMRAM,nvrram=COMRAM,nvbit=COMRAM,rbss=COMRAM,rbit=COMRAM \
  -pfarbss=FARRAM,fardata=FARRAM,nvFARRAM=FARRAM \
  -pintsave_regs=BIGRAM,bigbss=BIGRAM,bigdata=BIGRAM -pbss=RAM \
  -pidata=CODE,irdata=CODE,ibigdata=CODE,ifardata=CODE -prparam=COMRAM \
  /tmp/xcX6YqlEQ.obj dist/default/production/helloworld_rx.X.production.obj 

Object code version is 3.11

Machine type is 18F4620

Call graph: (short form)




                Name                               Link     Load   Length Selector   Space Scale
/tmp/xcX6YqlEQ.obj
                stack                               21B      21B      D65      21B       2
                end_init                             18       18        4        4       0
                init                                 14       14        4        4       0
                reset_vec                             0        0        4        0       0
                idloc                            200000   200000        8   200000       0
                config                           300000   300000        E   300000       0
dist/default/production/helloworld_rx.X.production.obj
                intcode                               8        8        C        4       0
                temp                                 70       70        C        1       1
                smallconst                         1000     1000       56      800       0
                intcode_body                       36E8     36E8       2A      82B       0
                text72                             3590     3590       36      82B       0
                text71                             36BA     36BA       2E      82B       0
                text70                             305A     305A       64      82B       0
                text69                             26BE     26BE       E2      82B       0
                text68                             37CC     37CC       22      82B       0
                text67                             3228     3228       52      82B       0
                text66                             34AA     34AA       40      82B       0
                text65                             1056     1056      574      82B       0
                text64                             355A     355A       36      82B       0
                text63                             32C8     32C8       4C      82B       0
                text62                             387C     387C       18      82B       0
                text61                             335E     335E       4A      82B       0
                text60                             15CA     15CA      546      82B       0
                text59                             2398     2398      11E      82B       0
                text58                             31D2     31D2       56      82B       0
                text57                             2B80     2B80       94      82B       0
                text56                             380E     380E       1E      82B       0
                text55                             37EE     37EE       20      82B       0
                text54                             3946     3946        8      82B       0
                text53                             3784     3784       26      82B       0
                text52                             35C6     35C6       34      82B       0
                text51                             317C     317C       56      82B       0
                text50                             200C     200C      26A      82B       0
                text49                             2F18     2F18       76      82B       0
                text48                             38D6     38D6       14      82B       0
                text47                             393E     393E        8      82B       0
                text46                             3936     3936        8      82B       0
                text45                             38FC     38FC       10      82B       0
                text44                             382C     382C       1C      82B       0
                text43                             35FA     35FA       32      82B       0
                text42                             392E     392E        8      82B       0
                text41                             3522     3522       38      82B       0
                text40                             38C0     38C0       16      82B       0
                text39                             2A24     2A24       BC      82B       0
                text38                             346A     346A       40      82B       0
                text37                             34EA     34EA       38      82B       0
                text36                             30BE     30BE       62      82B       0
                text35                             342A     342A       40      82B       0
                text34                             3926     3926        8      82B       0
                text33                             38AA     38AA       16      82B       0
                text32                             2DA8     2DA8       80      82B       0
                text31                             2C14     2C14       8C      82B       0
                text30                             33EA     33EA       40      82B       0
                text29                             38EA     38EA       12      82B       0
                text28                             1D8E     1D8E      27E      82B       0
                text27                             2AE0     2AE0       A0      82B       0
                text26                             2276     2276      122      82B       0
                text25                             391A     391A        C      82B       0
                text24                             2EA2     2EA2       76      82B       0
                text23                             3862     3862       1A      82B       0
                text22                             2D26     2D26       82      82B       0
                text21                             2FF4     2FF4       66      82B       0
                text20                             25C8     25C8       F6      82B       0
                text19                             368C     368C       2E      82B       0
                text18                             2CA0     2CA0       86      82B       0
                text17                             27A0     27A0       DC      82B       0
                text16                             375E     375E       26      82B       0
                text15                             24B6     24B6      112      82B       0
                text14                             3738     3738       26      82B       0
                text13                             37AA     37AA       22      82B       0
                text12                             33A8     33A8       42      82B       0
                text11                             3712     3712       26      82B       0
                text10                             287C     287C       D8      82B       0
                text9                              3120     3120       5C      82B       0
                text8                              2F8E     2F8E       66      82B       0
                text7                              3894     3894       16      82B       0
                text6                              3848     3848       1A      82B       0
                text5                              1B10     1B10      27E      82B       0
                text4                              2954     2954       D0      82B       0
                text3                              365C     365C       30      82B       0
                text2                              2E28     2E28       7A      82B       0
                text1                              327A     327A       4E      82B       0
                text0                              362C     362C       30      82B       0
                cstackCOMRAM                          1        1       3D        1       1
                cstackBANK0                          80       80       29       80       1
                bssBIGRAM                            A9       A9      172       A9       1
                dataCOMRAM                           62       62        E        1       1
                bssCOMRAM                            3E       3E       24        1       1
                cinit                              3314     3314       4A      82B       0
                idataCOMRAM                        390C     390C        E      82B       0

TOTAL           Name                               Link     Load   Length     Space
        CLASS   STACK          
                stack                               21B      21B      D65         2

        CLASS   CODE           
                end_init                             18       18        4         0
                init                                 14       14        4         0
                intcode                               8        8        C         0
                reset_vec                             0        0        4         0
                intcode_body                       36E8     36E8       2A         0
                text72                             3590     3590       36         0
                text71                             36BA     36BA       2E         0
                text70                             305A     305A       64         0
                text69                             26BE     26BE       E2         0
                text68                             37CC     37CC       22         0
                text67                             3228     3228       52         0
                text66                             34AA     34AA       40         0
                text65                             1056     1056      574         0
                text64                             355A     355A       36         0
                text63                             32C8     32C8       4C         0
                text62                             387C     387C       18         0
                text61                             335E     335E       4A         0
                text60                             15CA     15CA      546         0
                text59                             2398     2398      11E         0
                text58                             31D2     31D2       56         0
                text57                             2B80     2B80       94         0
                text56                             380E     380E       1E         0
                text55                             37EE     37EE       20         0
                text54                             3946     3946        8         0
                text53                             3784     3784       26         0
                text52                             35C6     35C6       34         0
                text51                             317C     317C       56         0
                text50                             200C     200C      26A         0
                text49                             2F18     2F18       76         0
                text48                             38D6     38D6       14         0
                text47                             393E     393E        8         0
                text46                             3936     3936        8         0
                text45                             38FC     38FC       10         0
                text44                             382C     382C       1C         0
                text43                             35FA     35FA       32         0
                text42                             392E     392E        8         0
                text41                             3522     3522       38         0
                text40                             38C0     38C0       16         0
                text39                             2A24     2A24       BC         0
                text38                             346A     346A       40         0
                text37                             34EA     34EA       38         0
                text36                             30BE     30BE       62         0
                text35                             342A     342A       40         0
                text34                             3926     3926        8         0
                text33                             38AA     38AA       16         0
                text32                             2DA8     2DA8       80         0
                text31                             2C14     2C14       8C         0
                text30                             33EA     33EA       40         0
                text29                             38EA     38EA       12         0
                text28                             1D8E     1D8E      27E         0
                text27                             2AE0     2AE0       A0         0
                text26                             2276     2276      122         0
                text25                             391A     391A        C         0
                text24                             2EA2     2EA2       76         0
                text23                             3862     3862       1A         0
                text22                             2D26     2D26       82         0
                text21                             2FF4     2FF4       66         0
                text20                             25C8     25C8       F6         0
                text19                             368C     368C       2E         0
                text18                             2CA0     2CA0       86         0
                text17                             27A0     27A0       DC         0
                text16                             375E     375E       26         0
                text15                             24B6     24B6      112         0
                text14                             3738     3738       26         0
                text13                             37AA     37AA       22         0
                text12                             33A8     33A8       42         0
                text11                             3712     3712       26         0
                text10                             287C     287C       D8         0
                text9                              3120     3120       5C         0
                text8                              2F8E     2F8E       66         0
                text7                              3894     3894       16         0
                text6                              3848     3848       1A         0
                text5                              1B10     1B10      27E         0
                text4                              2954     2954       D0         0
                text3                              365C     365C       30         0
                text2                              2E28     2E28       7A         0
                text1                              327A     327A       4E         0
                text0                              362C     362C       30         0
                cinit                              3314     3314       4A         0
                idataCOMRAM                        390C     390C        E         0

        CLASS   CONST          

        CLASS   SMALLCONST     
                smallconst                         1000     1000       56         0

        CLASS   MEDIUMCONST    

        CLASS   COMRAM         
                temp                                 70       70        C         1
                cstackCOMRAM                          1        1       3D         1
                dataCOMRAM                           62       62        E         1
                bssCOMRAM                            3E       3E       24         1

        CLASS   ABS1           

        CLASS   BIGRAM         
                bssBIGRAM                            A9       A9      172         1

        CLASS   RAM            

        CLASS   BANK0          
                cstackBANK0                          80       80       29         1

        CLASS   BANK1          

        CLASS   BANK2          

        CLASS   BANK3          

        CLASS   BANK4          

        CLASS   BANK5          

        CLASS   BANK6          

        CLASS   BANK7          

        CLASS   BANK8          

        CLASS   BANK9          

        CLASS   BANK10         

        CLASS   BANK11         

        CLASS   BANK12         

        CLASS   BANK13         

        CLASS   BANK14         

        CLASS   BANK15         

        CLASS   SFR            

        CLASS   FARRAM         

        CLASS   CONFIG         
                config                           300000   300000        E         0

        CLASS   IDLOC          
                idloc                            200000   200000        8         0

        CLASS   EEDATA         



SEGMENTS        Name                           Load    Length   Top    Selector   Space  Class

                reset_vec                      000000  000004  000004         0       0  CODE    
                cstackCOMRAM                   000001  00007B  00007C         1       1  COMRAM  
                intcode                        000008  000014  00001C         4       0  CODE    
                cstackBANK0                    000080  000029  0000A9        80       1  BANK0   
                bssBIGRAM                      0000A9  000172  00021B        A9       1  BIGRAM  
                stack                          00021B  000D65  000F80       21B       2  STACK   
                smallconst                     001000  000056  001056       800       0  SMALLCON
                text65                         001056  0028F8  00394E       82B       0  CODE    
                idloc                          200000  000008  200008    200000       0  IDLOC   
                config                         300000  00000E  30000E    300000       0  CONFIG  


UNUSED ADDRESS RANGES

        Name                Unused          Largest block    Delta
        BANK10           000A00-000AFF              100
        BANK11           000B00-000BFF              100
        BANK12           000C00-000CFF              100
        BANK13           000D00-000DFF              100
        BANK14           000E00-000EFF              100
        BANK15           000F00-000F7F               80
        BANK2            00021B-0002FF               E5
        BANK3            000300-0003FF              100
        BANK4            000400-0004FF              100
        BANK5            000500-0005FF              100
        BANK6            000600-0006FF              100
        BANK7            000700-0007FF              100
        BANK8            000800-0008FF              100
        BANK9            000900-0009FF              100
        BIGRAM           00007C-00007F                4
                         00021B-000F7F              D65
        CODE             000004-000007                4
                         00001C-000FFF              FE4
                         00394E-00FFFF             C6B2
        COMRAM           00007C-00007F                4
        CONST            000004-000007                4
                         00001C-000FFF              FE4
                         00394E-00FFFF             C6B2
        EEDATA           F00000-F003FF              400
        MEDIUMCONST      00394E-00FFFF             C6B2
        RAM              00021B-000F7F              100
        SFR              000F80-000FFF               80
        SMALLCONST       00394E-00FFFF              100

                                  Symbol Table

?_RF24N_direct_child_route_to                           cstackCOMRAM 000003
?_RF24N_levelToAddress                                  cstackCOMRAM 000003
?___lldiv                                               cstackCOMRAM 000003
?___llmod                                               cstackCOMRAM 000003
?___lwdiv                                               cstackCOMRAM 000003
?___lwmod                                               cstackCOMRAM 000003
?___wmul                                                cstackCOMRAM 000003
?_itoa_                                                 cstackCOMRAM 00001D
?_millis                                                cstackCOMRAM 000003
RF24N_begin_d@_channel                                  cstackCOMRAM 000028
RF24N_begin_d@_node_address                             cstackCOMRAM 000020
RF24N_begin_d@addr                                      cstackCOMRAM 000022
RF24N_begin_d@i                                         cstackCOMRAM 000029
RF24N_begin_d@retryVar                                  cstackCOMRAM 000027
RF24N_direct_child_route_to@child_mask                  cstackCOMRAM 000007
RF24N_direct_child_route_to@node                        cstackCOMRAM 000003
RF24N_enqueue@header                                    cstackCOMRAM 000017
RF24N_enqueue@isFragment                                cstackCOMRAM 000020
RF24N_enqueue@message_size                              cstackCOMRAM 000025
RF24N_enqueue@padding                                   cstackCOMRAM 000021
RF24N_enqueue@padding_2288                              cstackCOMRAM 000022
RF24N_enqueue@result                                    cstackCOMRAM 000024
RF24N_is_descendant@node                                cstackCOMRAM 000003
RF24N_is_direct_child@child_node_mask                   cstackCOMRAM 00000F
RF24N_is_direct_child@node                              cstackCOMRAM 000009
RF24N_is_direct_child@result                            cstackCOMRAM 000011
RF24N_is_valid_address@digit                            cstackCOMRAM 000005
RF24N_is_valid_address@node                             cstackCOMRAM 000003
RF24N_is_valid_address@result                           cstackCOMRAM 000006
RF24N_levelToAddress@level                              cstackCOMRAM 000008
RF24N_levelToAddress@levelAddr                          cstackCOMRAM 000009
RF24N_logicalToPhysicalAddress@conversionInfo           cstackCOMRAM 000012
RF24N_logicalToPhysicalAddress@directTo                 cstackCOMRAM 000019
RF24N_logicalToPhysicalAddress@multicast                cstackCOMRAM 000015
RF24N_logicalToPhysicalAddress@pre_conversion_send_node cstackCOMRAM 000017
RF24N_logicalToPhysicalAddress@pre_conversion_send_pipe cstackCOMRAM 00001B
RF24N_logicalToPhysicalAddress@to_node                  cstackCOMRAM 00001C
RF24N_pipe_address@F3856                                dataCOMRAM   000069
RF24N_pipe_address@address                              cstackCOMRAM 000006
RF24N_pipe_address@address_translation                  dataCOMRAM   000062
RF24N_pipe_address@count                                cstackCOMRAM 000013
RF24N_pipe_address@dec                                  cstackCOMRAM 000011
RF24N_pipe_address@i                                    cstackCOMRAM 000016
RF24N_pipe_address@node                                 cstackCOMRAM 000003
RF24N_pipe_address@out                                  cstackCOMRAM 000014
RF24N_pipe_address@pipe                                 cstackCOMRAM 000005
RF24N_pipe_address@result                               cstackCOMRAM 00000C
RF24N_read@bufsize                                      cstackCOMRAM 00001C
RF24N_read@header                                       cstackCOMRAM 00000F
RF24N_read@maxlen                                       cstackCOMRAM 000013
RF24N_read@message                                      cstackCOMRAM 000011
RF24N_read@padding                                      cstackCOMRAM 00001B
RF24N_setup_address@count                               cstackCOMRAM 000009
RF24N_setup_address@i                                   cstackCOMRAM 000005
RF24N_setup_address@m                                   cstackCOMRAM 000007
RF24N_setup_address@node_mask_check                     cstackCOMRAM 00000C
RF24N_setup_address@parent_mask                         cstackCOMRAM 00000A
RF24N_write@conversion                                  cstackBANK0  0000A5
RF24N_write@directTo                                    cstackBANK0  000082
RF24N_write@header                                      cstackBANK0  0000A2
RF24N_write@isAckType                                   cstackBANK0  0000A1
RF24N_write@ok                                          cstackBANK0  0000A4
RF24N_write@reply_time                                  cstackBANK0  00009D
RF24N_write@to_node                                     cstackBANK0  000080
RF24N_write_to_pipe@multicast                           cstackCOMRAM 000037
RF24N_write_to_pipe@node                                cstackCOMRAM 000034
RF24N_write_to_pipe@ok                                  cstackCOMRAM 00003D
RF24N_write_to_pipe@out_pipe                            cstackCOMRAM 000038
RF24N_write_to_pipe@pipe                                cstackCOMRAM 000036
RF24_available_p@pipe_num                               cstackCOMRAM 000014
RF24_available_p@status                                 cstackCOMRAM 000018
RF24_begin@setup                                        cstackCOMRAM 00001A
RF24_ce_d@level                                         cstackCOMRAM 000006
RF24_closeReadingPipe@pipe                              cstackCOMRAM 000019
RF24_csn_d@mode                                         cstackCOMRAM 00000F
RF24_getDynamicPayloadSize@result                       cstackCOMRAM 000015
RF24_init@_cepin                                        cstackCOMRAM 000004
RF24_init@_cspin                                        cstackCOMRAM 000003
RF24_openReadingPipe_d@address                          cstackCOMRAM 000019
RF24_openReadingPipe_d@address_                         cstackCOMRAM 000015
RF24_openReadingPipe_d@child                            cstackCOMRAM 00001F
RF24_openReadingPipe_d@i                                cstackCOMRAM 00001E
RF24_openWritingPipe_d@i                                cstackCOMRAM 000024
RF24_openWritingPipe_d@value                            cstackCOMRAM 00001F
RF24_openWritingPipe_d@value_                           cstackCOMRAM 000015
RF24_powerUp@cfg                                        cstackCOMRAM 000015
RF24_read@buf                                           cstackCOMRAM 000021
RF24_read@len                                           cstackCOMRAM 000023
RF24_read_payload@blank_len                             cstackCOMRAM 00001C
RF24_read_payload@buf                                   cstackCOMRAM 000010
RF24_read_payload@current                               cstackCOMRAM 00001D
RF24_read_payload@data_len                              cstackCOMRAM 000012
RF24_read_payload@status                                cstackCOMRAM 00001B
RF24_read_register_d@reg                                cstackCOMRAM 000010
RF24_read_register_d@result                             cstackCOMRAM 000011
RF24_setAutoAck_p@en_aa                                 cstackCOMRAM 000018
RF24_setAutoAck_p@enable                                cstackCOMRAM 000015
RF24_setAutoAck_p@pipe                                  cstackCOMRAM 000019
RF24_setChannel@channel                                 cstackCOMRAM 000017
RF24_setChannel@max_channel                             cstackCOMRAM 000018
RF24_setDataRate@result                                 cstackCOMRAM 000015
RF24_setDataRate@setup                                  cstackCOMRAM 000017
RF24_setDataRate@speed                                  cstackCOMRAM 000016
RF24_setRetries@count                                   cstackCOMRAM 000015
RF24_setRetries@delay                                   cstackCOMRAM 000018
RF24_spiTrans@cmd                                       cstackCOMRAM 000012
RF24_spiTrans@status                                    cstackCOMRAM 000013
RF24_startFastWrite@buf                                 cstackCOMRAM 000026
RF24_startFastWrite@len                                 cstackCOMRAM 000028
RF24_startFastWrite@multicast                           cstackCOMRAM 000029
RF24_startFastWrite@startTx                             cstackCOMRAM 00002A
RF24_txStandBy_t@start                                  cstackCOMRAM 000028
RF24_txStandBy_t@startTx                                cstackCOMRAM 00001B
RF24_txStandBy_t@timeout                                cstackCOMRAM 000017
RF24_writeFast_m@buf                                    cstackCOMRAM 00002F
RF24_writeFast_m@len                                    cstackCOMRAM 000031
RF24_writeFast_m@multicast                              cstackCOMRAM 000032
RF24_write_payload@blank_len                            cstackCOMRAM 00001F
RF24_write_payload@buf                                  cstackCOMRAM 000010
RF24_write_payload@current                              cstackCOMRAM 000020
RF24_write_payload@data_len                             cstackCOMRAM 000012
RF24_write_payload@status                               cstackCOMRAM 00001E
RF24_write_payload@writeType                            cstackCOMRAM 000013
RF24_write_register_c_d@buf                             cstackCOMRAM 000010
RF24_write_register_c_d@len                             cstackCOMRAM 000012
RF24_write_register_c_d@reg                             cstackCOMRAM 000014
RF24_write_register_c_d@status                          cstackCOMRAM 000013
RF24_write_register_d@reg                               cstackCOMRAM 000013
RF24_write_register_d@status                            cstackCOMRAM 000014
RF24_write_register_d@value                             cstackCOMRAM 000012
SPI_transfer@data                                       cstackCOMRAM 000003
Serial_begin@baud                                       cstackCOMRAM 000010
Serial_print@i                                          cstackCOMRAM 000025
Serial_print@val                                        cstackCOMRAM 000021
Serial_println@val                                      cstackCOMRAM 000027
Serial_tx@val                                           cstackCOMRAM 000003
_BAUDCONbits                                            (abs)        000FB8
_INTCONbits                                             (abs)        000FF2
_LATAbits                                               (abs)        000F89
_LATBbits                                               (abs)        000F8A
_LATCbits                                               (abs)        000F8B
_LATDbits                                               (abs)        000F8C
_LATEbits                                               (abs)        000F8D
_PIR1bits                                               (abs)        000F9E
_PORTAbits                                              (abs)        000F80
_PORTBbits                                              (abs)        000F81
_PORTCbits                                              (abs)        000F82
_PORTDbits                                              (abs)        000F83
_PORTEbits                                              (abs)        000F84
_RCREG                                                  (abs)        000FAE
_RCSTAbits                                              (abs)        000FAB
_RF24N_available                                        text68       0037CC
_RF24N_begin_d                                          text10       00287C
_RF24N_direct_child_route_to                            text72       003590
_RF24N_enqueue                                          text65       001056
_RF24N_enqueue$2286                                     cstackCOMRAM 000023
_RF24N_init                                             text9        003120
_RF24N_is_descendant                                    text71       0036BA
_RF24N_is_direct_child                                  text70       00305A
_RF24N_is_valid_address                                 text64       00355A
_RF24N_levelToAddress                                   text63       0032C8
_RF24N_logicalToPhysicalAddress                         text69       0026BE
_RF24N_pipe_address                                     text59       002398
_RF24N_read                                             text26       002276
_RF24N_setup_address                                    text17       0027A0
_RF24N_update                                           text60       0015CA
_RF24N_write                                            text50       00200C
_RF24N_write_to_pipe                                    text57       002B80
_RF24_available_p                                       text43       0035FA
_RF24_begin                                             text4        002954
_RF24_begin$1931                                        cstackCOMRAM 000019
_RF24_beginTransaction                                  text47       00393E
_RF24_ce_d                                              text40       0038C0
_RF24_closeReadingPipe                                  text35       00342A
_RF24_csn_d                                             text48       0038D6
_RF24_enableDynamicPayloads                             text16       00375E
_RF24_endTransaction                                    text46       003936
_RF24_flush_rx                                          text42       00392E
_RF24_flush_tx                                          text54       003946
_RF24_getDynamicPayloadSize                             text41       003522
_RF24_get_status                                        text34       003926
_RF24_init                                              text3        00365C
_RF24_isValid                                           text62       00387C
_RF24_isValid$2046                                      cstackCOMRAM 000003
_RF24_openReadingPipe_d                                 text15       0024B6
_RF24_openWritingPipe_d                                 text49       002F18
_RF24_powerUp                                           text53       003784
_RF24_read                                              text44       00382C
_RF24_read_payload                                      text32       002DA8
_RF24_read_payload$1900                                 cstackCOMRAM 00001F
_RF24_read_register_d                                   text56       00380E
_RF24_setAutoAck_p                                      text58       0031D2
_RF24_setChannel                                        text14       003738
_RF24_setChannel$1915                                   cstackCOMRAM 000015
_RF24_setDataRate                                       text8        002F8E
_RF24_setRetries                                        text13       0037AA
_RF24_spiTrans                                          text33       0038AA
_RF24_startFastWrite                                    text37       0034EA
_RF24_startFastWrite$1970                               cstackCOMRAM 00002D
_RF24_startListening                                    text51       00317C
_RF24_stopListening                                     text36       0030BE
_RF24_toggle_features_d                                 text7        003894
_RF24_txStandBy_t                                       text39       002A24
_RF24_writeFast_m                                       text38       00346A
_RF24_write_payload                                     text31       002C14
_RF24_write_payload$1892                                cstackCOMRAM 000022
_RF24_write_payload$1893                                cstackCOMRAM 000024
_RF24_write_register_c_d                                text52       0035C6
_RF24_write_register_d                                  text55       0037EE
_SPBRG                                                  (abs)        000FAF
_SPBRGH                                                 (abs)        000FB0
_SPI_begin                                              text6        003848
_SPI_transfer                                           text45       0038FC
_SSPBUF                                                 (abs)        000FC9
_SSPCON1bits                                            (abs)        000FC6
_SSPSTATbits                                            (abs)        000FC7
_Serial_begin                                           text2        002E28
_Serial_print                                           text24       002EA2
_Serial_println                                         text23       003862
_Serial_tx                                              text25       00391A
_T0CONbits                                              (abs)        000FD5
_TMR0H                                                  (abs)        000FD7
_TMR0L                                                  (abs)        000FD6
_TRISAbits                                              (abs)        000F92
_TRISBbits                                              (abs)        000F93
_TRISCbits                                              (abs)        000F94
_TRISDbits                                              (abs)        000F95
_TRISEbits                                              (abs)        000F96
_TXREG                                                  (abs)        000FAD
_TXSTAbits                                              (abs)        000FAC
__CFG_BOREN$OFF                                         (abs)        000000
__CFG_BORV$3                                            (abs)        000000
__CFG_CCP2MX$PORTC                                      (abs)        000000
__CFG_CP0$OFF                                           (abs)        000000
__CFG_CP1$OFF                                           (abs)        000000
__CFG_CP2$OFF                                           (abs)        000000
__CFG_CP3$OFF                                           (abs)        000000
__CFG_CPB$OFF                                           (abs)        000000
__CFG_CPD$OFF                                           (abs)        000000
__CFG_EBTR0$OFF                                         (abs)        000000
__CFG_EBTR1$OFF                                         (abs)        000000
__CFG_EBTR2$OFF                                         (abs)        000000
__CFG_EBTR3$OFF                                         (abs)        000000
__CFG_EBTRB$OFF                                         (abs)        000000
__CFG_FCMEN$OFF                                         (abs)        000000
__CFG_IESO$OFF                                          (abs)        000000
__CFG_LPT1OSC$OFF                                       (abs)        000000
__CFG_LVP$OFF                                           (abs)        000000
__CFG_MCLRE$ON                                          (abs)        000000
__CFG_OSC$HSPLL                                         (abs)        000000
__CFG_PBADEN$OFF                                        (abs)        000000
__CFG_PWRT$ON                                           (abs)        000000
__CFG_STVREN$OFF                                        (abs)        000000
__CFG_WDT$OFF                                           (abs)        000000
__CFG_WDTPS$32768                                       (abs)        000000
__CFG_WRT0$OFF                                          (abs)        000000
__CFG_WRT1$OFF                                          (abs)        000000
__CFG_WRT2$OFF                                          (abs)        000000
__CFG_WRT3$OFF                                          (abs)        000000
__CFG_WRTB$OFF                                          (abs)        000000
__CFG_WRTC$OFF                                          (abs)        000000
__CFG_WRTD$OFF                                          (abs)        000000
__CFG_XINST$OFF                                         (abs)        000000
__HRAM                                                  (abs)        000000
__Habs1                                                 abs1         000000
__Hbank0                                                bank0        000000
__Hbank1                                                bank1        000000
__Hbank10                                               bank10       000000
__Hbank11                                               bank11       000000
__Hbank12                                               bank12       000000
__Hbank13                                               bank13       000000
__Hbank14                                               bank14       000000
__Hbank15                                               bank15       000000
__Hbank2                                                bank2        000000
__Hbank3                                                bank3        000000
__Hbank4                                                bank4        000000
__Hbank5                                                bank5        000000
__Hbank6                                                bank6        000000
__Hbank7                                                bank7        000000
__Hbank8                                                bank8        000000
__Hbank9                                                bank9        000000
__Hbigbss                                               bigbss       000000
__Hbigdata                                              bigdata      000000
__Hbigram                                               bigram       000000
__Hbss                                                  bss          000000
__HbssBIGRAM                                            bssBIGRAM    000000
__HbssCOMRAM                                            bssCOMRAM    000000
__Hcinit                                                cinit        000000
__Hclrtext                                              clrtext      000000
__Hcomram                                               comram       000000
__Hconfig                                               config       30000E
__Hconst                                                const        000000
__HcstackBANK0                                          cstackBANK0  000000
__HcstackCOMRAM                                         cstackCOMRAM 000000
__Hdata                                                 data         000000
__HdataCOMRAM                                           dataCOMRAM   000000
__Heeprom_data                                          eeprom_data  000000
__Hend_init                                             end_init     00001C
__Hfarbss                                               farbss       000000
__Hfardata                                              fardata      000000
__Hibigdata                                             ibigdata     000000
__Hidata                                                idata        000000
__HidataCOMRAM                                          idataCOMRAM  000000
__Hidloc                                                idloc        200008
__Hifardata                                             ifardata     000000
__Hinit                                                 init         000018
__Hintcode                                              intcode      000014
__Hintcode_body                                         intcode_body 000000
__Hintcodelo                                            intcodelo    000014
__Hintentry                                             intentry     000000
__Hintret                                               intret       000000
__Hintsave_regs                                         intsave_regs 000000
__Hirdata                                               irdata       000000
__Hmediumconst                                          mediumconst  000000
__HnvFARRAM                                             nvFARRAM     000000
__Hnvbit                                                nvbit        000000
__Hnvrram                                               nvrram       000000
__Hparam                                                rparam       000000
__Hpowerup                                              powerup      000014
__Hram                                                  ram          000000
__Hramtop                                               ramtop       001000
__Hrbit                                                 rbit         000000
__Hrbss                                                 rbss         000000
__Hrdata                                                rdata        000000
__Hreset_vec                                            reset_vec    000004
__Hrparam                                               rparam       000000
__Hsfr                                                  sfr          000000
__Hsmallconst                                           smallconst   001056
__Hspace_0                                              (abs)        30000E
__Hspace_1                                              (abs)        00021B
__Hspace_2                                              (abs)        000F80
__Hstack                                                stack        000F80
__Hstruct                                               struct       000000
__Htemp                                                 temp         00007C
__Htext                                                 text         000000
__Htext0                                                text0        000000
__Htext1                                                text1        000000
__Htext10                                               text10       000000
__Htext11                                               text11       000000
__Htext12                                               text12       000000
__Htext13                                               text13       000000
__Htext14                                               text14       000000
__Htext15                                               text15       000000
__Htext16                                               text16       000000
__Htext17                                               text17       000000
__Htext18                                               text18       000000
__Htext19                                               text19       000000
__Htext2                                                text2        000000
__Htext20                                               text20       000000
__Htext21                                               text21       000000
__Htext22                                               text22       000000
__Htext23                                               text23       000000
__Htext24                                               text24       000000
__Htext25                                               text25       000000
__Htext26                                               text26       000000
__Htext27                                               text27       000000
__Htext28                                               text28       000000
__Htext29                                               text29       000000
__Htext3                                                text3        000000
__Htext30                                               text30       000000
__Htext31                                               text31       000000
__Htext32                                               text32       000000
__Htext33                                               text33       000000
__Htext34                                               text34       000000
__Htext35                                               text35       000000
__Htext36                                               text36       000000
__Htext37                                               text37       000000
__Htext38                                               text38       000000
__Htext39                                               text39       000000
__Htext4                                                text4        000000
__Htext40                                               text40       000000
__Htext41                                               text41       000000
__Htext42                                               text42       000000
__Htext43                                               text43       000000
__Htext44                                               text44       000000
__Htext45                                               text45       000000
__Htext46                                               text46       000000
__Htext47                                               text47       000000
__Htext48                                               text48       000000
__Htext49                                               text49       000000
__Htext5                                                text5        000000
__Htext50                                               text50       000000
__Htext51                                               text51       000000
__Htext52                                               text52       000000
__Htext53                                               text53       000000
__Htext54                                               text54       000000
__Htext55                                               text55       000000
__Htext56                                               text56       000000
__Htext57                                               text57       000000
__Htext58                                               text58       000000
__Htext59                                               text59       000000
__Htext6                                                text6        000000
__Htext60                                               text60       000000
__Htext61                                               text61       000000
__Htext62                                               text62       000000
__Htext63                                               text63       000000
__Htext64                                               text64       000000
__Htext65                                               text65       000000
__Htext66                                               text66       000000
__Htext67                                               text67       000000
__Htext68                                               text68       000000
__Htext69                                               text69       000000
__Htext7                                                text7        000000
__Htext70                                               text70       000000
__Htext71                                               text71       000000
__Htext72                                               text72       000000
__Htext8                                                text8        000000
__Htext9                                                text9        000000
__LRAM                                                  (abs)        000001
__Labs1                                                 abs1         000000
__Lbank0                                                bank0        000000
__Lbank1                                                bank1        000000
__Lbank10                                               bank10       000000
__Lbank11                                               bank11       000000
__Lbank12                                               bank12       000000
__Lbank13                                               bank13       000000
__Lbank14                                               bank14       000000
__Lbank15                                               bank15       000000
__Lbank2                                                bank2        000000
__Lbank3                                                bank3        000000
__Lbank4                                                bank4        000000
__Lbank5                                                bank5        000000
__Lbank6                                                bank6        000000
__Lbank7                                                bank7        000000
__Lbank8                                                bank8        000000
__Lbank9                                                bank9        000000
__Lbigbss                                               bigbss       000000
__Lbigdata                                              bigdata      000000
__Lbigram                                               bigram       000000
__Lbss                                                  bss          000000
__LbssBIGRAM                                            bssBIGRAM    000000
__LbssCOMRAM                                            bssCOMRAM    000000
__Lcinit                                                cinit        000000
__Lclrtext                                              clrtext      000000
__Lcomram                                               comram       000000
__Lconfig                                               config       300000
__Lconst                                                const        000000
__LcstackBANK0                                          cstackBANK0  000000
__LcstackCOMRAM                                         cstackCOMRAM 000000
__Ldata                                                 data         000000
__LdataCOMRAM                                           dataCOMRAM   000000
__Leeprom_data                                          eeprom_data  000000
__Lend_init                                             end_init     000018
__Lfarbss                                               farbss       000000
__Lfardata                                              fardata      000000
__Libigdata                                             ibigdata     000000
__Lidata                                                idata        000000
__LidataCOMRAM                                          idataCOMRAM  000000
__Lidloc                                                idloc        200000
__Lifardata                                             ifardata     000000
__Linit                                                 init         000014
__Lintcode                                              intcode      000008
__Lintcode_body                                         intcode_body 000000
__Lintcodelo                                            intcodelo    000014
__Lintentry                                             intentry     000000
__Lintret                                               intret       000000
__Lintsave_regs                                         intsave_regs 000000
__Lirdata                                               irdata       000000
__Lmediumconst                                          mediumconst  000000
__LnvFARRAM                                             nvFARRAM     000000
__Lnvbit                                                nvbit        000000
__Lnvrram                                               nvrram       000000
__Lparam                                                rparam       000000
__Lpowerup                                              powerup      000014
__Lram                                                  ram          000000
__Lramtop                                               ramtop       001000
__Lrbit                                                 rbit         000000
__Lrbss                                                 rbss         000000
__Lrdata                                                rdata        000000
__Lreset_vec                                            reset_vec    000000
__Lrparam                                               rparam       000000
__Lsfr                                                  sfr          000000
__Lsmallconst                                           smallconst   001000
__Lspace_0                                              (abs)        000000
__Lspace_1                                              (abs)        000000
__Lspace_2                                              (abs)        000000
__Lstack                                                stack        00021B
__Lstruct                                               struct       000000
__Ltemp                                                 temp         000070
__Ltext                                                 text         000000
__Ltext0                                                text0        000000
__Ltext1                                                text1        000000
__Ltext10                                               text10       000000
__Ltext11                                               text11       000000
__Ltext12                                               text12       000000
__Ltext13                                               text13       000000
__Ltext14                                               text14       000000
__Ltext15                                               text15       000000
__Ltext16                                               text16       000000
__Ltext17                                               text17       000000
__Ltext18                                               text18       000000
__Ltext19                                               text19       000000
__Ltext2                                                text2        000000
__Ltext20                                               text20       000000
__Ltext21                                               text21       000000
__Ltext22                                               text22       000000
__Ltext23                                               text23       000000
__Ltext24                                               text24       000000
__Ltext25                                               text25       000000
__Ltext26                                               text26       000000
__Ltext27                                               text27       000000
__Ltext28                                               text28       000000
__Ltext29                                               text29       000000
__Ltext3                                                text3        000000
__Ltext30                                               text30       000000
__Ltext31                                               text31       000000
__Ltext32                                               text32       000000
__Ltext33                                               text33       000000
__Ltext34                                               text34       000000
__Ltext35                                               text35       000000
__Ltext36                                               text36       000000
__Ltext37                                               text37       000000
__Ltext38                                               text38       000000
__Ltext39                                               text39       000000
__Ltext4                                                text4        000000
__Ltext40                                               text40       000000
__Ltext41                                               text41       000000
__Ltext42                                               text42       000000
__Ltext43                                               text43       000000
__Ltext44                                               text44       000000
__Ltext45                                               text45       000000
__Ltext46                                               text46       000000
__Ltext47                                               text47       000000
__Ltext48                                               text48       000000
__Ltext49                                               text49       000000
__Ltext5                                                text5        000000
__Ltext50                                               text50       000000
__Ltext51                                               text51       000000
__Ltext52                                               text52       000000
__Ltext53                                               text53       000000
__Ltext54                                               text54       000000
__Ltext55                                               text55       000000
__Ltext56                                               text56       000000
__Ltext57                                               text57       000000
__Ltext58                                               text58       000000
__Ltext59                                               text59       000000
__Ltext6                                                text6        000000
__Ltext60                                               text60       000000
__Ltext61                                               text61       000000
__Ltext62                                               text62       000000
__Ltext63                                               text63       000000
__Ltext64                                               text64       000000
__Ltext65                                               text65       000000
__Ltext66                                               text66       000000
__Ltext67                                               text67       000000
__Ltext68                                               text68       000000
__Ltext69                                               text69       000000
__Ltext7                                                text7        000000
__Ltext70                                               text70       000000
__Ltext71                                               text71       000000
__Ltext72                                               text72       000000
__Ltext8                                                text8        000000
__Ltext9                                                text9        000000
__S0                                                    (abs)        30000E
__S1                                                    (abs)        00021B
__S2                                                    (abs)        000F80
___inthi_sp                                             stack        000692
___intlo_sp                                             stack        000B09
___lldiv                                                text22       002D26
___lldiv@counter                                        cstackCOMRAM 00000F
___lldiv@dividend                                       cstackCOMRAM 000003
___lldiv@divisor                                        cstackCOMRAM 000007
___lldiv@quotient                                       cstackCOMRAM 00000B
___llmod                                                text21       002FF4
___llmod@counter                                        cstackCOMRAM 00000B
___llmod@dividend                                       cstackCOMRAM 000003
___llmod@divisor                                        cstackCOMRAM 000007
___lwdiv                                                text67       003228
___lwdiv@counter                                        cstackCOMRAM 000007
___lwdiv@dividend                                       cstackCOMRAM 000003
___lwdiv@divisor                                        cstackCOMRAM 000005
___lwdiv@quotient                                       cstackCOMRAM 000008
___lwmod                                                text12       0033A8
___lwmod@counter                                        cstackCOMRAM 000007
___lwmod@dividend                                       cstackCOMRAM 000003
___lwmod@divisor                                        cstackCOMRAM 000005
___param_bank                                           (abs)        000010
___rparam_used                                          (abs)        000001
___sp                                                   stack        00021B
___wmul                                                 text11       003712
___wmul@multiplicand                                    cstackCOMRAM 000005
___wmul@multiplier                                      cstackCOMRAM 000003
___wmul@product                                         cstackCOMRAM 000007
__accesstop                                             (abs)        000080
__activetblptr                                          (abs)        000002
__end_of_RF24N_available                                text68       0037EE
__end_of_RF24N_begin_d                                  text10       002954
__end_of_RF24N_direct_child_route_to                    text72       0035C6
__end_of_RF24N_enqueue                                  text65       0015CA
__end_of_RF24N_init                                     text9        00317C
__end_of_RF24N_is_descendant                            text71       0036E8
__end_of_RF24N_is_direct_child                          text70       0030BE
__end_of_RF24N_is_valid_address                         text64       003590
__end_of_RF24N_levelToAddress                           text63       003314
__end_of_RF24N_logicalToPhysicalAddress                 text69       0027A0
__end_of_RF24N_pipe_address                             text59       0024B6
__end_of_RF24N_read                                     text26       002398
__end_of_RF24N_setup_address                            text17       00287C
__end_of_RF24N_update                                   text60       001B10
__end_of_RF24N_write                                    text50       002276
__end_of_RF24N_write_to_pipe                            text57       002C14
__end_of_RF24_available_p                               text43       00362C
__end_of_RF24_begin                                     text4        002A24
__end_of_RF24_beginTransaction                          text47       003946
__end_of_RF24_ce_d                                      text40       0038D6
__end_of_RF24_closeReadingPipe                          text35       00346A
__end_of_RF24_csn_d                                     text48       0038EA
__end_of_RF24_enableDynamicPayloads                     text16       003784
__end_of_RF24_endTransaction                            text46       00393E
__end_of_RF24_flush_rx                                  text42       003936
__end_of_RF24_flush_tx                                  text54       00394E
__end_of_RF24_getDynamicPayloadSize                     text41       00355A
__end_of_RF24_get_status                                text34       00392E
__end_of_RF24_init                                      text3        00368C
__end_of_RF24_isValid                                   text62       003894
__end_of_RF24_openReadingPipe_d                         text15       0025C8
__end_of_RF24_openWritingPipe_d                         text49       002F8E
__end_of_RF24_powerUp                                   text53       0037AA
__end_of_RF24_read                                      text44       003848
__end_of_RF24_read_payload                              text32       002E28
__end_of_RF24_read_register_d                           text56       00382C
__end_of_RF24_setAutoAck_p                              text58       003228
__end_of_RF24_setChannel                                text14       00375E
__end_of_RF24_setDataRate                               text8        002FF4
__end_of_RF24_setRetries                                text13       0037CC
__end_of_RF24_spiTrans                                  text33       0038C0
__end_of_RF24_startFastWrite                            text37       003522
__end_of_RF24_startListening                            text51       0031D2
__end_of_RF24_stopListening                             text36       003120
__end_of_RF24_toggle_features_d                         text7        0038AA
__end_of_RF24_txStandBy_t                               text39       002AE0
__end_of_RF24_writeFast_m                               text38       0034AA
__end_of_RF24_write_payload                             text31       002CA0
__end_of_RF24_write_register_c_d                        text52       0035FA
__end_of_RF24_write_register_d                          text55       00380E
__end_of_SPI_begin                                      text6        003862
__end_of_SPI_transfer                                   text45       00390C
__end_of_Serial_begin                                   text2        002EA2
__end_of_Serial_print                                   text24       002F18
__end_of_Serial_println                                 text23       00387C
__end_of_Serial_tx                                      text25       003926
__end_of___lldiv                                        text22       002DA8
__end_of___llmod                                        text21       00305A
__end_of___lwdiv                                        text67       00327A
__end_of___lwmod                                        text12       0033EA
__end_of___wmul                                         text11       003738
__end_of__initialization                                cinit        003354
__end_of_child_payload_size                             smallconst   001007
__end_of_child_pipe                                     smallconst   00100D
__end_of_child_pipe_enable                              smallconst   001013
__end_of_delay                                          text61       0033A8
__end_of_delayMicroseconds                              text30       00342A
__end_of_digitalWrite                                   text28       00200C
__end_of_isr                                            intcode_body 003712
__end_of_itoa_                                          text19       0036BA
__end_of_loop                                           text18       002D26
__end_of_main                                           text0        00365C
__end_of_memcpy                                         text66       0034EA
__end_of_memmove                                        text27       002B80
__end_of_millis                                         text29       0038FC
__end_of_other_node                                     smallconst   001015
__end_of_pinMode                                        text5        001D8E
__end_of_setup                                          text1        0032C8
__end_of_this_node                                      smallconst   001017
__end_of_ultoa                                          text20       0026BE
__initialization                                        cinit        003314
__mediumconst                                           mediumconst  000000
__pbssBIGRAM                                            bssBIGRAM    0000A9
__pbssCOMRAM                                            bssCOMRAM    00003E
__pcinit                                                cinit        003314
__pcstackBANK0                                          cstackBANK0  000080
__pcstackCOMRAM                                         cstackCOMRAM 000001
__pdataCOMRAM                                           dataCOMRAM   000062
__pidataCOMRAM                                          idataCOMRAM  00390C
__pintcode                                              intcode      000008
__pintcode_body                                         intcode_body 0036E8
__psmallconst                                           smallconst   001000
__ptext0                                                text0        00362C
__ptext1                                                text1        00327A
__ptext10                                               text10       00287C
__ptext11                                               text11       003712
__ptext12                                               text12       0033A8
__ptext13                                               text13       0037AA
__ptext14                                               text14       003738
__ptext15                                               text15       0024B6
__ptext16                                               text16       00375E
__ptext17                                               text17       0027A0
__ptext18                                               text18       002CA0
__ptext19                                               text19       00368C
__ptext2                                                text2        002E28
__ptext20                                               text20       0025C8
__ptext21                                               text21       002FF4
__ptext22                                               text22       002D26
__ptext23                                               text23       003862
__ptext24                                               text24       002EA2
__ptext25                                               text25       00391A
__ptext26                                               text26       002276
__ptext27                                               text27       002AE0
__ptext28                                               text28       001D8E
__ptext29                                               text29       0038EA
__ptext3                                                text3        00365C
__ptext30                                               text30       0033EA
__ptext31                                               text31       002C14
__ptext32                                               text32       002DA8
__ptext33                                               text33       0038AA
__ptext34                                               text34       003926
__ptext35                                               text35       00342A
__ptext36                                               text36       0030BE
__ptext37                                               text37       0034EA
__ptext38                                               text38       00346A
__ptext39                                               text39       002A24
__ptext4                                                text4        002954
__ptext40                                               text40       0038C0
__ptext41                                               text41       003522
__ptext42                                               text42       00392E
__ptext43                                               text43       0035FA
__ptext44                                               text44       00382C
__ptext45                                               text45       0038FC
__ptext46                                               text46       003936
__ptext47                                               text47       00393E
__ptext48                                               text48       0038D6
__ptext49                                               text49       002F18
__ptext5                                                text5        001B10
__ptext50                                               text50       00200C
__ptext51                                               text51       00317C
__ptext52                                               text52       0035C6
__ptext53                                               text53       003784
__ptext54                                               text54       003946
__ptext55                                               text55       0037EE
__ptext56                                               text56       00380E
__ptext57                                               text57       002B80
__ptext58                                               text58       0031D2
__ptext59                                               text59       002398
__ptext6                                                text6        003848
__ptext60                                               text60       0015CA
__ptext61                                               text61       00335E
__ptext62                                               text62       00387C
__ptext63                                               text63       0032C8
__ptext64                                               text64       00355A
__ptext65                                               text65       001056
__ptext66                                               text66       0034AA
__ptext67                                               text67       003228
__ptext68                                               text68       0037CC
__ptext69                                               text69       0026BE
__ptext7                                                text7        003894
__ptext70                                               text70       00305A
__ptext71                                               text71       0036BA
__ptext72                                               text72       003590
__ptext8                                                text8        002F8E
__ptext9                                                text9        003120
__ramtop                                                ramtop       001000
__size_of_RF24N_available                               (abs)        000000
__size_of_RF24N_begin_d                                 (abs)        000000
__size_of_RF24N_direct_child_route_to                   (abs)        000000
__size_of_RF24N_enqueue                                 (abs)        000000
__size_of_RF24N_init                                    (abs)        000000
__size_of_RF24N_is_descendant                           (abs)        000000
__size_of_RF24N_is_direct_child                         (abs)        000000
__size_of_RF24N_is_valid_address                        (abs)        000000
__size_of_RF24N_levelToAddress                          (abs)        000000
__size_of_RF24N_logicalToPhysicalAddress                (abs)        000000
__size_of_RF24N_pipe_address                            (abs)        000000
__size_of_RF24N_read                                    (abs)        000000
__size_of_RF24N_setup_address                           (abs)        000000
__size_of_RF24N_update                                  (abs)        000000
__size_of_RF24N_write                                   (abs)        000000
__size_of_RF24N_write_to_pipe                           (abs)        000000
__size_of_RF24_available_p                              (abs)        000000
__size_of_RF24_begin                                    (abs)        000000
__size_of_RF24_beginTransaction                         (abs)        000000
[...]
      Locals:         7       0       0       0       0       0       0       0       0       0       0       0       0       0       0       0       0
      Temps:          7       0       0       0       0       0       0       0       0       0       0       0       0       0       0       0       0
      Totals:        16       0       0       0       0       0       0       0       0       0       0       0       0       0       0       0       0
Total ram usage:       16 bytes
 Hardware stack levels used:    1
 Hardware stack levels required when called:    7
 This function calls:
		_RF24_stopListening
		___lwdiv
		_memcpy
 This function is called by:
		_RF24N_update
 This function uses a non-reentrant model


 *************** function _memcpy *****************
 Defined at:
		line 11 in file "/opt/microchip/xc8/v1.36/sources/common/memcpy.c"
 Parameters:    Size  Location     Type
  d1              2    2[COMRAM] PTR void 
		 -> RF24N_read@bufsize(2), RF24N_peek@msg_size(2), rn.frame_buffer(32), rn.frag_queue_message_buffer(144), 
		 -> rn.frame_queue(154), rn(370), rf(22), loop@payload(8), 
		 -> loop@header(8), 
  s1              2    4[COMRAM] PTR const void 
		 -> rn.header(8), rn.frame_queue.header(8), RF24N_enqueue@message_size(2), rn.frame_buffer(32), 
		 -> rn.frag_queue_message_buffer(144), rn.frag_queue(13), rn.frame_queue(154), rn(370), 
		 -> RF24_openReadingPipe_d@address(5), 
  n               2    6[COMRAM] unsigned int 
 Auto vars:     Size  Location     Type
  s               2   10[COMRAM] PTR const unsigned char 
		 -> rn.header(8), rn.frame_queue.header(8), RF24N_enqueue@message_size(2), rn.frame_buffer(32), 
		 -> rn.frag_queue_message_buffer(144), rn.frag_queue(13), rn.frame_queue(154), rn(370), 
		 -> RF24_openReadingPipe_d@address(5), 
  d               2    8[COMRAM] PTR unsigned char 
		 -> RF24N_read@bufsize(2), RF24N_peek@msg_size(2), rn.frame_buffer(32), rn.frag_queue_message_buffer(144), 
		 -> rn.frame_queue(154), rn(370), rf(22), loop@payload(8), 
		 -> loop@header(8), 
 Return value:  Size  Location     Type
                  2    2[COMRAM] PTR void 
 Registers used:
		wreg, fsr0l, fsr0h, fsr2l, fsr2h, status,2, status,0
 Tracked objects:
		On entry : 
		On exit  : 
		Unchanged: 
 Data sizes:     COMRAM   BANK0   BANK1   BANK2   BANK3   BANK4   BANK5   BANK6   BANK7   BANK8   BANK9  BANK10  BANK11  BANK12  BANK13  BANK14  BANK15
      Params:         6       0       0       0       0       0       0       0       0       0       0       0       0       0       0       0       0
      Locals:         4       0       0       0       0       0       0       0       0       0       0       0       0       0       0       0       0
      Temps:          0       0       0       0       0       0       0       0       0       0       0       0       0       0       0       0       0
      Totals:        10       0       0       0       0       0       0       0       0       0       0       0       0       0       0       0       0
Total ram usage:       10 bytes
 Hardware stack levels used:    1
 Hardware stack levels required when called:    1
 This function calls:
		Nothing
 This function is called by:
		_RF24_openReadingPipe_d
		_RF24N_enqueue
		_RF24N_read
		_RF24_openReadingPipe
		_RF24N_peek
		_RF24N__write
 This function uses a non-reentrant model


 *************** function ___lwdiv *****************
 Defined at:
		line 8 in file "/opt/microchip/xc8/v1.36/sources/common/lwdiv.c"
 Parameters:    Size  Location     Type
  dividend        2    2[COMRAM] unsigned int 
  divisor         2    4[COMRAM] unsigned int 
 Auto vars:     Size  Location     Type
  quotient        2    7[COMRAM] unsigned int 
  counter         1    6[COMRAM] unsigned char 
 Return value:  Size  Location     Type
                  2    2[COMRAM] unsigned int 
 Registers used:
		wreg, status,2, status,0
 Tracked objects:
		On entry : 
		On exit  : 
		Unchanged: 
 Data sizes:     COMRAM   BANK0   BANK1   BANK2   BANK3   BANK4   BANK5   BANK6   BANK7   BANK8   BANK9  BANK10  BANK11  BANK12  BANK13  BANK14  BANK15
      Params:         4       0       0       0       0       0       0       0       0       0       0       0       0       0       0       0       0
      Locals:         3       0       0       0       0       0       0       0       0       0       0       0       0       0       0       0       0
      Temps:          0       0       0       0       0       0       0       0       0       0       0       0       0       0       0       0       0
      Totals:         7       0       0       0       0       0       0       0       0       0       0       0       0       0       0       0       0
Total ram usage:        7 bytes
 Hardware stack levels used:    1
 Hardware stack levels required when called:    1
 This function calls:
		Nothing
 This function is called by:
		_RF24N_enqueue
		_RF24N_write_
 This function uses a non-reentrant model


 *************** function _RF24N_available *****************
 Defined at:
		line 679 in file "../../RF24Network_c.c"
 Parameters:    Size  Location     Type
		None
 Auto vars:     Size  Location     Type
		None
 Return value:  Size  Location     Type
                  1    wreg      unsigned char 
 Registers used:
		wreg, fsr2l, fsr2h, status,2, status,0
 Tracked objects:
		On entry : 
		On exit  : 
		Unchanged: 
 Data sizes:     COMRAM   BANK0   BANK1   BANK2   BANK3   BANK4   BANK5   BANK6   BANK7   BANK8   BANK9  BANK10  BANK11  BANK12  BANK13  BANK14  BANK15
      Params:         0       0       0       0       0       0       0       0       0       0       0       0       0       0       0       0       0
      Locals:         0       0       0       0       0       0       0       0       0       0       0       0       0       0       0       0       0
      Temps:          2       0       0       0       0       0       0       0       0       0       0       0       0       0       0       0       0
      Totals:         2       0       0       0       0       0       0       0       0       0       0       0       0       0       0       0       0
Total ram usage:        2 bytes
 Hardware stack levels used:    1
 Hardware stack levels required when called:    1
 This function calls:
		Nothing
 This function is called by:
		_loop
		_RF24N_update
		_RF24N_read
		_RF24N_peek
 This function uses a non-reentrant model


 *************** function _RF24N_logicalToPhysicalAddress *****************
 Defined at:
		line 1093 in file "../../RF24Network_c.c"
 Parameters:    Size  Location     Type
  conversionIn    2   17[COMRAM] PTR struct .
		 -> RF24N_write@conversion(4), 
 Auto vars:     Size  Location     Type
  to_node         2   27[COMRAM] PTR unsigned int 
		 -> conversion.send_node(2), RF24N_write@conversion(4), 
  directTo        2   24[COMRAM] PTR unsigned char 
		 -> conversion.send_pipe(1), RF24N_write@conversion(4), 
  pre_conversi    2   22[COMRAM] unsigned int 
  multicast       2   20[COMRAM] PTR unsigned char 
		 -> conversion.multicast(1), RF24N_write@conversion(4), 
  pre_conversi    1   26[COMRAM] unsigned char 
 Return value:  Size  Location     Type
                  1    wreg      unsigned char 
 Registers used:
		wreg, fsr0l, fsr0h, fsr2l, fsr2h, status,2, status,0, cstack
 Tracked objects:
		On entry : 
		On exit  : 
		Unchanged: 
 Data sizes:     COMRAM   BANK0   BANK1   BANK2   BANK3   BANK4   BANK5   BANK6   BANK7   BANK8   BANK9  BANK10  BANK11  BANK12  BANK13  BANK14  BANK15
      Params:         2       0       0       0       0       0       0       0       0       0       0       0       0       0       0       0       0
      Locals:         9       0       0       0       0       0       0       0       0       0       0       0       0       0       0       0       0
      Temps:          1       0       0       0       0       0       0       0       0       0       0       0       0       0       0       0       0
      Totals:        12       0       0       0       0       0       0       0       0       0       0       0       0       0       0       0       0
Total ram usage:       12 bytes
 Hardware stack levels used:    1
 Hardware stack levels required when called:    3
 This function calls:
		_RF24N_direct_child_route_to
		_RF24N_is_descendant
		_RF24N_is_direct_child
 This function is called by:
		_RF24N_write
 This function uses a non-reentrant model


 *************** function _RF24N_is_direct_child *****************
 Defined at:
		line 1196 in file "../../RF24Network_c.c"
 Parameters:    Size  Location     Type
  node            2    8[COMRAM] unsigned int 
 Auto vars:     Size  Location     Type
  child_node_m    2   14[COMRAM] unsigned int 
  result          1   16[COMRAM] unsigned char 
 Return value:  Size  Location     Type
                  1    wreg      unsigned char 
 Registers used:
		wreg, fsr0l, fsr0h, fsr2l, fsr2h, status,2, status,0, cstack
 Tracked objects:
		On entry : 
		On exit  : 
		Unchanged: 
 Data sizes:     COMRAM   BANK0   BANK1   BANK2   BANK3   BANK4   BANK5   BANK6   BANK7   BANK8   BANK9  BANK10  BANK11  BANK12  BANK13  BANK14  BANK15
      Params:         2       0       0       0       0       0       0       0       0       0       0       0       0       0       0       0       0
      Locals:         3       0       0       0       0       0       0       0       0       0       0       0       0       0       0       0       0
      Temps:          4       0       0       0       0       0       0       0       0       0       0       0       0       0       0       0       0
      Totals:         9       0       0       0       0       0       0       0       0       0       0       0       0       0       0       0       0
Total ram usage:        9 bytes
 Hardware stack levels used:    1
 Hardware stack levels required when called:    2
 This function calls:
		_RF24N_is_descendant
 This function is called by:
		_RF24N_logicalToPhysicalAddress
 This function uses a non-reentrant model


 *************** function _RF24N_is_descendant *****************
 Defined at:
		line 1218 in file "../../RF24Network_c.c"
 Parameters:    Size  Location     Type
  node            2    2[COMRAM] unsigned int 
 Auto vars:     Size  Location     Type
		None
 Return value:  Size  Location     Type
                  1    wreg      unsigned char 
 Registers used:
		wreg, fsr0l, fsr0h, fsr2l, fsr2h, status,2, status,0
 Tracked objects:
		On entry : 
		On exit  : 
		Unchanged: 
 Data sizes:     COMRAM   BANK0   BANK1   BANK2   BANK3   BANK4   BANK5   BANK6   BANK7   BANK8   BANK9  BANK10  BANK11  BANK12  BANK13  BANK14  BANK15
      Params:         2       0       0       0       0       0       0       0       0       0       0       0       0       0       0       0       0
      Locals:         0       0       0       0       0       0       0       0       0       0       0       0       0       0       0       0       0
      Temps:          4       0       0       0       0       0       0       0       0       0       0       0       0       0       0       0       0
      Totals:         6       0       0       0       0       0       0       0       0       0       0       0       0       0       0       0       0
Total ram usage:        6 bytes
 Hardware stack levels used:    1
 Hardware stack levels required when called:    1
 This function calls:
		Nothing
 This function is called by:
		_RF24N_logicalToPhysicalAddress
		_RF24N_is_direct_child
 This function uses a non-reentrant model


 *************** function _RF24N_direct_child_route_to *****************
 Defined at:
		line 1286 in file "../../RF24Network_c.c"
 Parameters:    Size  Location     Type
  node            2    2[COMRAM] unsigned int 
 Auto vars:     Size  Location     Type
  child_mask      2    6[COMRAM] unsigned int 
 Return value:  Size  Location     Type
                  2    2[COMRAM] unsigned int 
 Registers used:
		wreg, fsr2l, fsr2h, status,2, status,0
 Tracked objects:
		On entry : 
		On exit  : 
		Unchanged: 
 Data sizes:     COMRAM   BANK0   BANK1   BANK2   BANK3   BANK4   BANK5   BANK6   BANK7   BANK8   BANK9  BANK10  BANK11  BANK12  BANK13  BANK14  BANK15
      Params:         2       0       0       0       0       0       0       0       0       0       0       0       0       0       0       0       0
      Locals:         2       0       0       0       0       0       0       0       0       0       0       0       0       0       0       0       0
      Temps:          2       0       0       0       0       0       0       0       0       0       0       0       0       0       0       0       0
      Totals:         6       0       0       0       0       0       0       0       0       0       0       0       0       0       0       0       0
Total ram usage:        6 bytes
 Hardware stack levels used:    1
 Hardware stack levels required when called:    1
 This function calls:
		Nothing
 This function is called by:
		_RF24N_logicalToPhysicalAddress
 This function uses a non-reentrant model


 *************** function _isr *****************
 Defined at:
		line 12 in file "pic_main.c"
 Parameters:    Size  Location     Type
		None
 Auto vars:     Size  Location     Type
		None
 Return value:  Size  Location     Type
                  1    wreg      void 
 Registers used:
		wreg, status,2, status,0
 Tracked objects:
		On entry : 
		On exit  : 
		Unchanged: 
 Data sizes:     COMRAM   BANK0   BANK1   BANK2   BANK3   BANK4   BANK5   BANK6   BANK7   BANK8   BANK9  BANK10  BANK11  BANK12  BANK13  BANK14  BANK15
      Params:         0       0       0       0       0       0       0       0       0       0       0       0       0       0       0       0       0
      Locals:         0       0       0       0       0       0       0       0       0       0       0       0       0       0       0       0       0
      Temps:          2       0       0       0       0       0       0       0       0       0       0       0       0       0       0       0       0
      Totals:         2       0       0       0       0       0       0       0       0       0       0       0       0       0       0       0       0
Total ram usage:        2 bytes
 Hardware stack levels used:    1
 This function calls:
		Nothing
 This function is called by:
		Interrupt level 2
 This function uses a non-reentrant model



MODULE INFORMATION

Module		Function		Class		Link	Load	Size
../../../RF24_c/utility/XC8/spi.c
		_millis        		CODE           	38EA	0000	19
		_delay         		CODE           	335E	0000	75
		_delayMicroseconds		CODE           	33EA	0000	65
		_SPI_begin     		CODE           	3848	0000	27
		_digitalWrite  		CODE           	1D8E	0000	639
		_pinMode       		CODE           	1B10	0000	639
		_SPI_transfer  		CODE           	38FC	0000	17

../../../RF24_c/utility/XC8/spi.c estimated size: 1481

serial.c
		_itoa_         		CODE           	368C	0000	47
		_Serial_tx     		CODE           	391A	0000	13
		_Serial_begin  		CODE           	2E28	0000	123
		_Serial_print  		CODE           	2EA2	0000	119
		_Serial_println		CODE           	3862	0000	27

serial.c estimated size: 329

/opt/microchip/xc8/v1.36/sources/common/memcpy.c
		_memcpy        		CODE           	34AA	0000	65

/opt/microchip/xc8/v1.36/sources/common/memcpy.c estimated size: 65

/opt/microchip/xc8/v1.36/sources/common/Umul16.c
		___wmul        		CODE           	3712	0000	39

/opt/microchip/xc8/v1.36/sources/common/Umul16.c estimated size: 39

../../../RF24_c/RF24_c.c
		_RF24_setChannel		CODE           	3738	0000	39
		_RF24_txStandBy_t		CODE           	2A24	0000	189
		_RF24_setRetries		CODE           	37AA	0000	35
		_RF24_available_p		CODE           	35FA	0000	51
		_RF24_read     		CODE           	382C	0000	29
		_RF24_openReadingPipe_d		CODE           	24B6	0000	275
		_RF24_openWritingPipe_d		CODE           	2F18	0000	119
		_RF24_write_payload		CODE           	2C14	0000	141
		_RF24_spiTrans 		CODE           	38AA	0000	23
		_RF24_init     		CODE           	365C	0000	49
		_RF24_endTransaction		CODE           	3936	0000	9
		_RF24_closeReadingPipe		CODE           	342A	0000	65
		_RF24_beginTransaction		CODE           	393E	0000	9
		_RF24_read_payload		CODE           	2DA8	0000	129
		_RF24_stopListening		CODE           	30BE	0000	99
		_RF24_getDynamicPayloadSize		CODE           	3522	0000	57
		_RF24_enableDynamicPayloads		CODE           	375E	0000	39
		_RF24_powerUp  		CODE           	3784	0000	39
		_RF24_toggle_features_d		CODE           	3894	0000	23
		_RF24_read_register_d		CODE           	380E	0000	31
		_RF24_setDataRate		CODE           	2F8E	0000	103
		_RF24_csn_d    		CODE           	38D6	0000	21
		_RF24_begin    		CODE           	2954	0000	209
		_RF24_write_register_d		CODE           	37EE	0000	33
		_RF24_setAutoAck_p		CODE           	31D2	0000	87
		_RF24_isValid  		CODE           	387C	0000	25
		_RF24_startListening		CODE           	317C	0000	87
		_RF24_startFastWrite		CODE           	34EA	0000	57
		_RF24_writeFast_m		CODE           	346A	0000	65
		_RF24_get_status		CODE           	3926	0000	9
		_RF24_write_register_c_d		CODE           	35C6	0000	53
		_RF24_flush_rx 		CODE           	392E	0000	9
		_RF24_flush_tx 		CODE           	3946	0000	9
		_RF24_ce_d     		CODE           	38C0	0000	23

../../../RF24_c/RF24_c.c estimated size: 2240

/opt/microchip/xc8/v1.36/sources/common/lldiv.c
		___lldiv       		CODE           	2D26	0000	131

/opt/microchip/xc8/v1.36/sources/common/lldiv.c estimated size: 131

helloworld_rx.c
		_loop          		CODE           	2CA0	0000	135
		_setup         		CODE           	327A	0000	79

helloworld_rx.c estimated size: 214

../../RF24Network_c.c
		_RF24N_pipe_address		CODE           	2398	0000	287
		_RF24N_write_to_pipe		CODE           	2B80	0000	149
		_RF24N_write   		CODE           	200C	0000	619
		_RF24N_logicalToPhysicalAddress		CODE           	26BE	0000	227
		_RF24N_init    		CODE           	3120	0000	93
		_RF24N_available		CODE           	37CC	0000	35
		_RF24N_direct_child_route_to		CODE           	3590	0000	55
		_RF24N_is_valid_address		CODE           	355A	0000	55
		_RF24N_read    		CODE           	2276	0000	291
		_RF24N_begin_d 		CODE           	287C	0000	217
		_RF24N_update  		CODE           	15CA	0000	1351
		_RF24N_levelToAddress		CODE           	32C8	0000	77
		_RF24N_enqueue 		CODE           	1056	0000	1397
		_RF24N_is_direct_child		CODE           	305A	0000	101
		_RF24N_is_descendant		CODE           	36BA	0000	47
		_RF24N_setup_address		CODE           	27A0	0000	221

../../RF24Network_c.c estimated size: 5222

/opt/microchip/xc8/v1.36/sources/common/ltoa.c
		_ultoa         		CODE           	25C8	0000	247

/opt/microchip/xc8/v1.36/sources/common/ltoa.c estimated size: 247

pic_main.c
		_main          		CODE           	362C	0000	49
		_isr           		CODE           	0008	0000	55

pic_main.c estimated size: 104

/opt/microchip/xc8/v1.36/sources/common/lwmod.c
		___lwmod       		CODE           	33A8	0000	67

/opt/microchip/xc8/v1.36/sources/common/lwmod.c estimated size: 67

shared
		_child_pipe    		SMALLCONST     	1007	0000	7
		_child_pipe_enable		SMALLCONST     	100D	0000	7
		__initialization		CODE           	3314	0000	65
		_this_node     		SMALLCONST     	1015	0000	3
		_child_payload_size		SMALLCONST     	1001	0000	7
		_other_node    		SMALLCONST     	1013	0000	3

shared estimated size: 92

/opt/microchip/xc8/v1.36/sources/common/llmod.c
		___llmod       		CODE           	2FF4	0000	103

/opt/microchip/xc8/v1.36/sources/common/llmod.c estimated size: 103

/opt/microchip/xc8/v1.36/sources/common/memmove.c
		_memmove       		CODE           	2AE0	0000	161

/opt/microchip/xc8/v1.36/sources/common/memmove.c estimated size: 161

/opt/microchip/xc8/v1.36/sources/common/lwdiv.c
		___lwdiv       		CODE           	3228	0000	83

/opt/microchip/xc8/v1.36/sources/common/lwdiv.c estimated size: 83

