Microchip MPLAB XC8 Compiler V1.36 ()

Linker command line:

-W-3 --edf=/opt/microchip/xc8/v1.36/dat/en_msgs.txt -cs \
  -h+dist/xc8/production/helloworld_tx.X.production.sym \
  --cmf=dist/xc8/production/helloworld_tx.X.production.cmf -z -Q18F4620 \
  -o/tmp/xcXFuxSyZ -Mdist/xc8/production/helloworld_tx.X.production.map -E1 \
  -ver=XC8 -ASTACK=0247h-0f7fh -pstack=STACK -ACODE=00h-0FFFFh \
  -ACONST=00h-0FFFFh -ASMALLCONST=01000h-010FFhx240 \
  -AMEDIUMCONST=01000h-0FFFFh -ACOMRAM=01h-07Fh -AABS1=00h-0F7Fh \
  -ABIGRAM=01h-0F7Fh -ARAM=080h-0FFh,0100h-01FFhx14,0F00h-0F7Fh \
  -ABANK0=080h-0FFh -ABANK1=0100h-01FFh -ABANK2=0200h-02FFh \
  -ABANK3=0300h-03FFh -ABANK4=0400h-04FFh -ABANK5=0500h-05FFh \
  -ABANK6=0600h-06FFh -ABANK7=0700h-07FFh -ABANK8=0800h-08FFh \
  -ABANK9=0900h-09FFh -ABANK10=0A00h-0AFFh -ABANK11=0B00h-0BFFh \
  -ABANK12=0C00h-0CFFh -ABANK13=0D00h-0DFFh -ABANK14=0E00h-0EFFh \
  -ABANK15=0F00h-0F7Fh -ASFR=0F80h-0FFFh \
  -preset_vec=00h,intcode=08h,intcodelo,powerup,init,end_init \
  -pramtop=01000h -psmallconst=SMALLCONST -pmediumconst=MEDIUMCONST \
  -pconst=CONST -AFARRAM=00h-00h -ACONFIG=0300000h-030000Dh -pconfig=CONFIG \
  -AIDLOC=0200000h-0200007h -pidloc=IDLOC -AEEDATA=0F00000h-0F003FFh \
  -peeprom_data=EEDATA \
  -prdata=COMRAM,nvrram=COMRAM,nvbit=COMRAM,rbss=COMRAM,rbit=COMRAM \
  -pfarbss=FARRAM,fardata=FARRAM,nvFARRAM=FARRAM \
  -pintsave_regs=BIGRAM,bigbss=BIGRAM,bigdata=BIGRAM -pbss=RAM \
  -pidata=CODE,irdata=CODE,ibigdata=CODE,ifardata=CODE -prparam=COMRAM \
  /tmp/xcXAs4tcI.obj dist/xc8/production/helloworld_tx.X.production.obj 

Object code version is 3.11

Machine type is 18F4620

Call graph: (short form)




                Name                               Link     Load   Length Selector   Space Scale
/tmp/xcXAs4tcI.obj
                stack                               247      247      D39      247       2
                end_init                             18       18        4        4       0
                init                                 14       14        4        4       0
                reset_vec                             0        0        4        0       0
                idloc                            200000   200000        8   200000       0
                config                           300000   300000        E   300000       0
dist/xc8/production/helloworld_tx.X.production.obj
                intcode                               8        8        C        4       0
                temp                                 6A       6A        C        1       1
                smallconst                         1000     1000       5A      800       0
                intcode_body                       3950     3950       2C      82D       0
                text71                             341C     341C       56      82D       0
                text70                             3AA0     3AA0       1E      82D       0
                text69                             33C4     33C4       58      82D       0
                text68                             323C     323C       66      82D       0
                text67                             3A80     3A80       20      82D       0
                text66                             3B8A     3B8A       12      82D       0
                text65                             2DF8     2DF8       BC      82D       0
                text64                             1B20     1B20      316      82D       0
                text63                             35A8     35A8       4A      82D       0
                text62                             15CE     15CE      552      82D       0
                text61                             3854     3854       36      82D       0
                text60                             3AF6     3AF6       1C      82D       0
                text59                             3A16     3A16       26      82D       0
                text58                             3BE4     3BE4        8      82D       0
                text57                             3ADA     3ADA       1C      82D       0
                text56                             36F4     36F4       40      82D       0
                text55                             277E     277E      11E      82D       0
                text54                             388A     388A       34      82D       0
                text53                             3B46     3B46       18      82D       0
                text52                             3BDC     3BDC        8      82D       0
                text51                             3BD4     3BD4        8      82D       0
                text50                             3B9C     3B9C       10      82D       0
                text49                             2EB4     2EB4       94      82D       0
                text48                             381E     381E       36      82D       0
                text47                             3922     3922       2E      82D       0
                text46                             32A2     32A2       64      82D       0
                text45                             29AE     29AE       E2      82D       0
                text44                             3512     3512       4C      82D       0
                text43                             3472     3472       52      82D       0
                text42                             36B4     36B4       40      82D       0
                text41                             105A     105A      574      82D       0
                text40                             3A5E     3A5E       22      82D       0
                text39                             315C     315C       76      82D       0
                text38                             3ABE     3ABE       1C      82D       0
                text37                             38F0     38F0       32      82D       0
                text36                             3BCC     3BCC        8      82D       0
                text35                             37E6     37E6       38      82D       0
                text34                             3674     3674       40      82D       0
                text33                             37AE     37AE       38      82D       0
                text32                             3634     3634       40      82D       0
                text31                             3BC4     3BC4        8      82D       0
                text30                             3B74     3B74       16      82D       0
                text29                             2FDA     2FDA       86      82D       0
                text28                             2F48     2F48       92      82D       0
                text27                             23B0     23B0      27E      82D       0
                text26                             3734     3734       3E      82D       0
                text25                             2D22     2D22       D6      82D       0
                text24                             35F2     35F2       42      82D       0
                text23                             39F0     39F0       26      82D       0
                text22                             1E36     1E36      2FC      82D       0
                text21                             39CA     39CA       26      82D       0
                text20                             3BB8     3BB8        C      82D       0
                text19                             355E     355E       4A      82D       0
                text18                             3B2C     3B2C       1A      82D       0
                text17                             262E     262E      150      82D       0
                text16                             2B6E     2B6E       DC      82D       0
                text15                             397C     397C       28      82D       0
                text14                             289C     289C      112      82D       0
                text13                             39A4     39A4       26      82D       0
                text12                             3A3C     3A3C       22      82D       0
                text11                             2C4A     2C4A       D8      82D       0
                text10                             3368     3368       5C      82D       0
                text9                              31D2     31D2       6A      82D       0
                text8                              3B5E     3B5E       16      82D       0
                text7                              3B12     3B12       1A      82D       0
                text6                              2132     2132      27E      82D       0
                text5                              2A90     2A90       DE      82D       0
                text4                              3772     3772       3C      82D       0
                text3                              3060     3060       82      82D       0
                text2                              30E2     30E2       7A      82D       0
                text1                              34C4     34C4       4E      82D       0
                text0                              38BE     38BE       32      82D       0
                cstackCOMRAM                          1        1       69        1       1
                cstackBANK0                          AC       AC       1D       80       1
                bssBIGRAM                            D5       D5      172       D5       1
                dataBANK0                            C9       C9        C       80       1
                bssBANK0                             80       80       2C       80       1
                dataCOMRAM                           76       76        2        1       1
                cinit                              3306     3306       62      82D       0
                idataBANK0                         3BAC     3BAC        C      82D       0
                idataCOMRAM                        3BEC     3BEC        2      82D       0

TOTAL           Name                               Link     Load   Length     Space
        CLASS   STACK          
                stack                               247      247      D39         2

        CLASS   CODE           
                end_init                             18       18        4         0
                init                                 14       14        4         0
                intcode                               8        8        C         0
                reset_vec                             0        0        4         0
                intcode_body                       3950     3950       2C         0
                text71                             341C     341C       56         0
                text70                             3AA0     3AA0       1E         0
                text69                             33C4     33C4       58         0
                text68                             323C     323C       66         0
                text67                             3A80     3A80       20         0
                text66                             3B8A     3B8A       12         0
                text65                             2DF8     2DF8       BC         0
                text64                             1B20     1B20      316         0
                text63                             35A8     35A8       4A         0
                text62                             15CE     15CE      552         0
                text61                             3854     3854       36         0
                text60                             3AF6     3AF6       1C         0
                text59                             3A16     3A16       26         0
                text58                             3BE4     3BE4        8         0
                text57                             3ADA     3ADA       1C         0
                text56                             36F4     36F4       40         0
                text55                             277E     277E      11E         0
                text54                             388A     388A       34         0
                text53                             3B46     3B46       18         0
                text52                             3BDC     3BDC        8         0
                text51                             3BD4     3BD4        8         0
                text50                             3B9C     3B9C       10         0
                text49                             2EB4     2EB4       94         0
                text48                             381E     381E       36         0
                text47                             3922     3922       2E         0
                text46                             32A2     32A2       64         0
                text45                             29AE     29AE       E2         0
                text44                             3512     3512       4C         0
                text43                             3472     3472       52         0
                text42                             36B4     36B4       40         0
                text41                             105A     105A      574         0
                text40                             3A5E     3A5E       22         0
                text39                             315C     315C       76         0
                text38                             3ABE     3ABE       1C         0
                text37                             38F0     38F0       32         0
                text36                             3BCC     3BCC        8         0
                text35                             37E6     37E6       38         0
                text34                             3674     3674       40         0
                text33                             37AE     37AE       38         0
                text32                             3634     3634       40         0
                text31                             3BC4     3BC4        8         0
                text30                             3B74     3B74       16         0
                text29                             2FDA     2FDA       86         0
                text28                             2F48     2F48       92         0
                text27                             23B0     23B0      27E         0
                text26                             3734     3734       3E         0
                text25                             2D22     2D22       D6         0
                text24                             35F2     35F2       42         0
                text23                             39F0     39F0       26         0
                text22                             1E36     1E36      2FC         0
                text21                             39CA     39CA       26         0
                text20                             3BB8     3BB8        C         0
                text19                             355E     355E       4A         0
                text18                             3B2C     3B2C       1A         0
                text17                             262E     262E      150         0
                text16                             2B6E     2B6E       DC         0
                text15                             397C     397C       28         0
                text14                             289C     289C      112         0
                text13                             39A4     39A4       26         0
                text12                             3A3C     3A3C       22         0
                text11                             2C4A     2C4A       D8         0
                text10                             3368     3368       5C         0
                text9                              31D2     31D2       6A         0
                text8                              3B5E     3B5E       16         0
                text7                              3B12     3B12       1A         0
                text6                              2132     2132      27E         0
                text5                              2A90     2A90       DE         0
                text4                              3772     3772       3C         0
                text3                              3060     3060       82         0
                text2                              30E2     30E2       7A         0
                text1                              34C4     34C4       4E         0
                text0                              38BE     38BE       32         0
                cinit                              3306     3306       62         0
                idataBANK0                         3BAC     3BAC        C         0
                idataCOMRAM                        3BEC     3BEC        2         0

        CLASS   CONST          

        CLASS   SMALLCONST     
                smallconst                         1000     1000       5A         0

        CLASS   MEDIUMCONST    

        CLASS   COMRAM         
                temp                                 6A       6A        C         1
                cstackCOMRAM                          1        1       69         1
                dataCOMRAM                           76       76        2         1

        CLASS   ABS1           

        CLASS   BIGRAM         
                bssBIGRAM                            D5       D5      172         1

        CLASS   RAM            

        CLASS   BANK0          
                cstackBANK0                          AC       AC       1D         1
                dataBANK0                            C9       C9        C         1
                bssBANK0                             80       80       2C         1

        CLASS   BANK1          

        CLASS   BANK2          

        CLASS   BANK3          

        CLASS   BANK4          

        CLASS   BANK5          

        CLASS   BANK6          

        CLASS   BANK7          

        CLASS   BANK8          

        CLASS   BANK9          

        CLASS   BANK10         

        CLASS   BANK11         

        CLASS   BANK12         

        CLASS   BANK13         

        CLASS   BANK14         

        CLASS   BANK15         

        CLASS   SFR            

        CLASS   FARRAM         

        CLASS   CONFIG         
                config                           300000   300000        E         0

        CLASS   IDLOC          
                idloc                            200000   200000        8         0

        CLASS   EEDATA         



SEGMENTS        Name                           Load    Length   Top    Selector   Space  Class

                reset_vec                      000000  000004  000004         0       0  CODE    
                cstackCOMRAM                   000001  000077  000078         1       1  COMRAM  
                intcode                        000008  000014  00001C         4       0  CODE    
                bssBANK0                       000080  000055  0000D5        80       1  BANK0   
                bssBIGRAM                      0000D5  000172  000247        D5       1  BIGRAM  
                stack                          000247  000D39  000F80       247       2  STACK   
                smallconst                     001000  00005A  00105A       800       0  SMALLCON
                text41                         00105A  002B94  003BEE       82D       0  CODE    
                idloc                          200000  000008  200008    200000       0  IDLOC   
                config                         300000  00000E  30000E    300000       0  CONFIG  


UNUSED ADDRESS RANGES

        Name                Unused          Largest block    Delta
        BANK10           000A00-000AFF              100
        BANK11           000B00-000BFF              100
        BANK12           000C00-000CFF              100
        BANK13           000D00-000DFF              100
        BANK14           000E00-000EFF              100
        BANK15           000F00-000F7F               80
        BANK2            000247-0002FF               B9
        BANK3            000300-0003FF              100
        BANK4            000400-0004FF              100
        BANK5            000500-0005FF              100
        BANK6            000600-0006FF              100
        BANK7            000700-0007FF              100
        BANK8            000800-0008FF              100
        BANK9            000900-0009FF              100
        BIGRAM           000078-00007F                8
                         000247-000F7F              D39
        CODE             000004-000007                4
                         00001C-000FFF              FE4
                         003BEE-00FFFF             C412
        COMRAM           000078-00007F                8
        CONST            000004-000007                4
                         00001C-000FFF              FE4
                         003BEE-00FFFF             C412
        EEDATA           F00000-F003FF              400
        MEDIUMCONST      003BEE-00FFFF             C412
        RAM              000247-000F7F              100
        SFR              000F80-000FFF               80
        SMALLCONST       003BEE-00FFFF              100

                                  Symbol Table

?_RF24N_direct_child_route_to                           cstackCOMRAM 000003
?_RF24N_levelToAddress                                  cstackCOMRAM 000003
?___lldiv                                               cstackCOMRAM 000003
?___lwdiv                                               cstackCOMRAM 000003
?___lwmod                                               cstackCOMRAM 000003
?___wmul                                                cstackCOMRAM 000003
?_millis                                                cstackCOMRAM 000003
RF24NH_init@_to                                         cstackCOMRAM 000005
RF24NH_init@_type                                       cstackCOMRAM 000007
RF24NH_init@rnh                                         cstackCOMRAM 000003
RF24N__write@header                                     cstackCOMRAM 000040
RF24N__write@len                                        cstackCOMRAM 000044
RF24N__write@message                                    cstackCOMRAM 000042
RF24N__write@sendType                                   cstackCOMRAM 00004A
RF24N__write@writeDirect                                cstackCOMRAM 000046
RF24N_begin_d@_channel                                  cstackCOMRAM 00002A
RF24N_begin_d@_node_address                             cstackCOMRAM 000022
RF24N_begin_d@addr                                      cstackCOMRAM 000024
RF24N_begin_d@i                                         cstackCOMRAM 00002B
RF24N_begin_d@retryVar                                  cstackCOMRAM 000029
RF24N_direct_child_route_to@child_mask                  cstackCOMRAM 000009
RF24N_direct_child_route_to@node                        cstackCOMRAM 000003
RF24N_enqueue@header                                    cstackCOMRAM 000013
RF24N_enqueue@isFragment                                cstackCOMRAM 000023
RF24N_enqueue@message_size                              cstackCOMRAM 000028
RF24N_enqueue@padding                                   cstackCOMRAM 000024
RF24N_enqueue@padding_2297                              cstackCOMRAM 000025
RF24N_enqueue@result                                    cstackCOMRAM 000027
RF24N_is_descendant@node                                cstackCOMRAM 000003
RF24N_is_direct_child@child_node_mask                   cstackCOMRAM 000012
RF24N_is_direct_child@node                              cstackCOMRAM 000009
RF24N_is_direct_child@result                            cstackCOMRAM 000014
RF24N_is_valid_address@digit                            cstackCOMRAM 000007
RF24N_is_valid_address@node                             cstackCOMRAM 000003
RF24N_is_valid_address@result                           cstackCOMRAM 000008
RF24N_levelToAddress@level                              cstackCOMRAM 00000B
RF24N_levelToAddress@levelAddr                          cstackCOMRAM 00000C
RF24N_logicalToPhysicalAddress@conversionInfo           cstackCOMRAM 000015
RF24N_logicalToPhysicalAddress@directTo                 cstackCOMRAM 000025
RF24N_logicalToPhysicalAddress@multicast                cstackCOMRAM 000021
RF24N_logicalToPhysicalAddress@pre_conversion_send_node cstackCOMRAM 000023
RF24N_logicalToPhysicalAddress@pre_conversion_send_pipe cstackCOMRAM 000027
RF24N_logicalToPhysicalAddress@to_node                  cstackCOMRAM 000028
RF24N_pipe_address@F3842                                dataBANK0    0000D0
RF24N_pipe_address@address                              cstackCOMRAM 000006
RF24N_pipe_address@address_translation                  dataBANK0    0000C9
RF24N_pipe_address@count                                cstackCOMRAM 00001E
RF24N_pipe_address@dec                                  cstackCOMRAM 00001C
RF24N_pipe_address@i                                    cstackCOMRAM 000021
RF24N_pipe_address@node                                 cstackCOMRAM 000003
RF24N_pipe_address@out                                  cstackCOMRAM 00001F
RF24N_pipe_address@pipe                                 cstackCOMRAM 000005
RF24N_pipe_address@result                               cstackCOMRAM 000017
RF24N_setup_address@count                               cstackCOMRAM 000009
RF24N_setup_address@i                                   cstackCOMRAM 000005
RF24N_setup_address@m                                   cstackCOMRAM 000007
RF24N_setup_address@node_mask_check                     cstackCOMRAM 00000C
RF24N_setup_address@parent_mask                         cstackCOMRAM 00000A
RF24N_write_@fragmentLen                                cstackCOMRAM 00005C
RF24N_write_@fragment_id                                cstackCOMRAM 000063
RF24N_write_@header                                     cstackCOMRAM 00004B
RF24N_write_@len                                        cstackCOMRAM 00004F
RF24N_write_@message                                    cstackCOMRAM 00004D
RF24N_write_@msgCount                                   cstackCOMRAM 00005F
RF24N_write_@offset                                     cstackCOMRAM 000060
RF24N_write_@ok                                         cstackCOMRAM 000062
RF24N_write_@retriesPerFrag                             cstackCOMRAM 00005B
RF24N_write_@type                                       cstackCOMRAM 00005E
RF24N_write_@writeDirect                                cstackCOMRAM 000051
RF24N_write_m@header                                    cstackCOMRAM 000064
RF24N_write_m@len                                       cstackCOMRAM 000068
RF24N_write_m@message                                   cstackCOMRAM 000066
RF24N_write_to_pipe@multicast                           cstackCOMRAM 000033
RF24N_write_to_pipe@node                                cstackCOMRAM 000030
RF24N_write_to_pipe@ok                                  cstackCOMRAM 00003F
RF24N_write_to_pipe@out_pipe                            cstackCOMRAM 00003A
RF24N_write_to_pipe@pipe                                cstackCOMRAM 000032
RF24_available_p@pipe_num                               cstackCOMRAM 000010
RF24_available_p@status                                 cstackCOMRAM 000014
RF24_begin@setup                                        cstackCOMRAM 000016
RF24_ce_d@level                                         cstackCOMRAM 000007
RF24_closeReadingPipe@pipe                              cstackCOMRAM 000015
RF24_csn_d@mode                                         cstackCOMRAM 00000B
RF24_getDynamicPayloadSize@result                       cstackCOMRAM 000011
RF24_init@_cepin                                        cstackCOMRAM 000004
RF24_init@_cspin                                        cstackCOMRAM 000003
RF24_openReadingPipe_d@address                          cstackCOMRAM 000015
RF24_openReadingPipe_d@address_                         cstackCOMRAM 000011
RF24_openReadingPipe_d@child                            cstackCOMRAM 00001B
RF24_openReadingPipe_d@i                                cstackCOMRAM 00001A
RF24_openWritingPipe_d@i                                cstackCOMRAM 000020
RF24_openWritingPipe_d@value                            cstackCOMRAM 00001B
RF24_openWritingPipe_d@value_                           cstackCOMRAM 000011
RF24_powerUp@cfg                                        cstackCOMRAM 000012
RF24_read@buf                                           cstackCOMRAM 00001D
RF24_read@len                                           cstackCOMRAM 00001F
RF24_read_payload@blank_len                             cstackCOMRAM 00001C
RF24_read_payload@buf                                   cstackCOMRAM 00000C
RF24_read_payload@current                               cstackCOMRAM 000018
RF24_read_payload@data_len                              cstackCOMRAM 00000E
RF24_read_payload@status                                cstackCOMRAM 000017
RF24_read_register_d@reg                                cstackCOMRAM 00000C
RF24_read_register_d@result                             cstackCOMRAM 00000D
RF24_setAutoAck_p@en_aa                                 cstackCOMRAM 000014
RF24_setAutoAck_p@enable                                cstackCOMRAM 000011
RF24_setAutoAck_p@pipe                                  cstackCOMRAM 000015
RF24_setChannel@channel                                 cstackCOMRAM 000013
RF24_setChannel@max_channel                             cstackCOMRAM 000014
RF24_setDataRate@result                                 cstackCOMRAM 000011
RF24_setDataRate@setup                                  cstackCOMRAM 000013
RF24_setDataRate@speed                                  cstackCOMRAM 000012
RF24_setRetries@count                                   cstackCOMRAM 000011
RF24_setRetries@delay                                   cstackCOMRAM 000014
RF24_spiTrans@cmd                                       cstackCOMRAM 00000E
RF24_spiTrans@status                                    cstackCOMRAM 00000F
RF24_startFastWrite@buf                                 cstackCOMRAM 000022
RF24_startFastWrite@len                                 cstackCOMRAM 000024
RF24_startFastWrite@multicast                           cstackCOMRAM 000025
RF24_startFastWrite@startTx                             cstackCOMRAM 000026
RF24_txStandBy_t@start                                  cstackCOMRAM 000020
RF24_txStandBy_t@startTx                                cstackCOMRAM 000017
RF24_txStandBy_t@timeout                                cstackCOMRAM 000013
RF24_writeFast_m@buf                                    cstackCOMRAM 00002B
RF24_writeFast_m@len                                    cstackCOMRAM 00002D
RF24_writeFast_m@multicast                              cstackCOMRAM 00002E
RF24_write_payload@blank_len                            cstackCOMRAM 000021
RF24_write_payload@buf                                  cstackCOMRAM 00000C
RF24_write_payload@current                              cstackCOMRAM 00001B
RF24_write_payload@data_len                             cstackCOMRAM 00000E
RF24_write_payload@status                               cstackCOMRAM 00001A
RF24_write_payload@writeType                            cstackCOMRAM 00000F
RF24_write_register_c_d@buf                             cstackCOMRAM 00000C
RF24_write_register_c_d@len                             cstackCOMRAM 00000E
RF24_write_register_c_d@reg                             cstackCOMRAM 000010
RF24_write_register_c_d@status                          cstackCOMRAM 00000F
RF24_write_register_d@reg                               cstackCOMRAM 00000F
RF24_write_register_d@status                            cstackCOMRAM 000010
RF24_write_register_d@value                             cstackCOMRAM 00000E
SPI_transfer@data                                       cstackCOMRAM 000003
Serial_begin@baud                                       cstackCOMRAM 000010
Serial_print@i                                          cstackCOMRAM 000008
Serial_print@val                                        cstackCOMRAM 000004
Serial_println@val                                      cstackCOMRAM 00000A
Serial_tx@val                                           cstackCOMRAM 000003
_BAUDCONbits                                            (abs)        000FB8
_INTCONbits                                             (abs)        000FF2
_LATAbits                                               (abs)        000F89
_LATBbits                                               (abs)        000F8A
_LATCbits                                               (abs)        000F8B
_LATDbits                                               (abs)        000F8C
_LATEbits                                               (abs)        000F8D
_PIR1bits                                               (abs)        000F9E
_PORTAbits                                              (abs)        000F80
_PORTBbits                                              (abs)        000F81
_PORTCbits                                              (abs)        000F82
_PORTDbits                                              (abs)        000F83
_PORTEbits                                              (abs)        000F84
_RCREG                                                  (abs)        000FAE
_RCSTAbits                                              (abs)        000FAB
_RF24NH_init                                            text26       003734
_RF24N__write                                           text25       002D22
_RF24N_available                                        text40       003A5E
_RF24N_begin_d                                          text11       002C4A
_RF24N_direct_child_route_to                            text48       00381E
_RF24N_enqueue                                          text41       00105A
_RF24N_enqueue$2295                                     cstackCOMRAM 000026
_RF24N_init                                             text10       003368
_RF24N_is_descendant                                    text47       003922
_RF24N_is_direct_child                                  text46       0032A2
_RF24N_is_valid_address                                 text61       003854
_RF24N_levelToAddress                                   text44       003512
_RF24N_logicalToPhysicalAddress                         text45       0029AE
_RF24N_pipe_address                                     text55       00277E
_RF24N_setup_address                                    text16       002B6E
_RF24N_update                                           text62       0015CE
_RF24N_write                                            text64       001B20
_RF24N_write_                                           text22       001E36
_RF24N_write_m                                          text21       0039CA
_RF24N_write_to_pipe                                    text49       002EB4
_RF24_available_p                                       text37       0038F0
_RF24_begin                                             text5        002A90
_RF24_begin$1938                                        cstackCOMRAM 000015
_RF24_beginTransaction                                  text52       003BDC
_RF24_ce_d                                              text57       003ADA
_RF24_closeReadingPipe                                  text32       003634
_RF24_csn_d                                             text53       003B46
_RF24_enableDynamicPayloads                             text15       00397C
_RF24_endTransaction                                    text51       003BD4
_RF24_flush_rx                                          text36       003BCC
_RF24_flush_tx                                          text58       003BE4
_RF24_getDynamicPayloadSize                             text35       0037E6
_RF24_get_status                                        text31       003BC4
_RF24_init                                              text4        003772
_RF24_isValid                                           text60       003AF6
_RF24_isValid$2052                                      cstackCOMRAM 000004
_RF24_openReadingPipe_d                                 text14       00289C
_RF24_openWritingPipe_d                                 text39       00315C
_RF24_powerUp                                           text59       003A16
_RF24_read                                              text38       003ABE
_RF24_read_payload                                      text29       002FDA
_RF24_read_payload$1908                                 cstackCOMRAM 00001A
_RF24_read_register_d                                   text70       003AA0
_RF24_setAutoAck_p                                      text71       00341C
_RF24_setChannel                                        text13       0039A4
_RF24_setChannel$1923                                   cstackCOMRAM 000011
_RF24_setDataRate                                       text9        0031D2
_RF24_setRetries                                        text12       003A3C
_RF24_spiTrans                                          text30       003B74
_RF24_startFastWrite                                    text33       0037AE
_RF24_startFastWrite$1976                               cstackCOMRAM 000029
_RF24_startListening                                    text69       0033C4
_RF24_stopListening                                     text68       00323C
_RF24_toggle_features_d                                 text8        003B5E
_RF24_txStandBy_t                                       text65       002DF8
_RF24_writeFast_m                                       text34       003674
_RF24_write_payload                                     text28       002F48
_RF24_write_payload$1900                                cstackCOMRAM 00001D
_RF24_write_payload$1901                                cstackCOMRAM 00001F
_RF24_write_register_c_d                                text54       00388A
_RF24_write_register_d                                  text67       003A80
_SPBRG                                                  (abs)        000FAF
_SPBRGH                                                 (abs)        000FB0
_SPI_begin                                              text7        003B12
_SPI_transfer                                           text50       003B9C
_SSPBUF                                                 (abs)        000FC9
_SSPCON1bits                                            (abs)        000FC6
_SSPSTATbits                                            (abs)        000FC7
_Serial_begin                                           text2        0030E2
_Serial_print                                           text19       00355E
_Serial_println                                         text18       003B2C
_Serial_tx                                              text20       003BB8
_T0CONbits                                              (abs)        000FD5
_TMR0H                                                  (abs)        000FD7
_TMR0L                                                  (abs)        000FD6
_TRISAbits                                              (abs)        000F92
_TRISBbits                                              (abs)        000F93
_TRISCbits                                              (abs)        000F94
_TRISDbits                                              (abs)        000F95
_TRISEbits                                              (abs)        000F96
_TXREG                                                  (abs)        000FAD
_TXSTAbits                                              (abs)        000FAC
__CFG_BOREN$OFF                                         (abs)        000000
__CFG_BORV$3                                            (abs)        000000
__CFG_CCP2MX$PORTC                                      (abs)        000000
__CFG_CP0$OFF                                           (abs)        000000
__CFG_CP1$OFF                                           (abs)        000000
__CFG_CP2$OFF                                           (abs)        000000
__CFG_CP3$OFF                                           (abs)        000000
__CFG_CPB$OFF                                           (abs)        000000
__CFG_CPD$OFF                                           (abs)        000000
__CFG_EBTR0$OFF                                         (abs)        000000
__CFG_EBTR1$OFF                                         (abs)        000000
__CFG_EBTR2$OFF                                         (abs)        000000
__CFG_EBTR3$OFF                                         (abs)        000000
__CFG_EBTRB$OFF                                         (abs)        000000
__CFG_FCMEN$OFF                                         (abs)        000000
__CFG_IESO$OFF                                          (abs)        000000
__CFG_LPT1OSC$OFF                                       (abs)        000000
__CFG_LVP$OFF                                           (abs)        000000
__CFG_MCLRE$ON                                          (abs)        000000
__CFG_OSC$HSPLL                                         (abs)        000000
__CFG_PBADEN$OFF                                        (abs)        000000
__CFG_PWRT$ON                                           (abs)        000000
__CFG_STVREN$OFF                                        (abs)        000000
__CFG_WDT$OFF                                           (abs)        000000
__CFG_WDTPS$32768                                       (abs)        000000
__CFG_WRT0$OFF                                          (abs)        000000
__CFG_WRT1$OFF                                          (abs)        000000
__CFG_WRT2$OFF                                          (abs)        000000
__CFG_WRT3$OFF                                          (abs)        000000
__CFG_WRTB$OFF                                          (abs)        000000
__CFG_WRTC$OFF                                          (abs)        000000
__CFG_WRTD$OFF                                          (abs)        000000
__CFG_XINST$OFF                                         (abs)        000000
__HRAM                                                  (abs)        000000
__Habs1                                                 abs1         000000
__Hbank0                                                bank0        000000
__Hbank1                                                bank1        000000
__Hbank10                                               bank10       000000
__Hbank11                                               bank11       000000
__Hbank12                                               bank12       000000
__Hbank13                                               bank13       000000
__Hbank14                                               bank14       000000
__Hbank15                                               bank15       000000
__Hbank2                                                bank2        000000
__Hbank3                                                bank3        000000
__Hbank4                                                bank4        000000
__Hbank5                                                bank5        000000
__Hbank6                                                bank6        000000
__Hbank7                                                bank7        000000
__Hbank8                                                bank8        000000
__Hbank9                                                bank9        000000
__Hbigbss                                               bigbss       000000
__Hbigdata                                              bigdata      000000
__Hbigram                                               bigram       000000
__Hbss                                                  bss          000000
__HbssBANK0                                             bssBANK0     000000
__HbssBIGRAM                                            bssBIGRAM    000000
__Hcinit                                                cinit        000000
__Hclrtext                                              clrtext      000000
__Hcomram                                               comram       000000
__Hconfig                                               config       30000E
__Hconst                                                const        000000
__HcstackBANK0                                          cstackBANK0  000000
__HcstackCOMRAM                                         cstackCOMRAM 000000
__Hdata                                                 data         000000
__HdataBANK0                                            dataBANK0    000000
__HdataCOMRAM                                           dataCOMRAM   000000
__Heeprom_data                                          eeprom_data  000000
__Hend_init                                             end_init     00001C
__Hfarbss                                               farbss       000000
__Hfardata                                              fardata      000000
__Hibigdata                                             ibigdata     000000
__Hidata                                                idata        000000
__HidataBANK0                                           idataBANK0   000000
__HidataCOMRAM                                          idataCOMRAM  000000
__Hidloc                                                idloc        200008
__Hifardata                                             ifardata     000000
__Hinit                                                 init         000018
__Hintcode                                              intcode      000014
__Hintcode_body                                         intcode_body 000000
__Hintcodelo                                            intcodelo    000014
__Hintentry                                             intentry     000000
__Hintret                                               intret       000000
__Hintsave_regs                                         intsave_regs 000000
__Hirdata                                               irdata       000000
__Hmediumconst                                          mediumconst  000000
__HnvFARRAM                                             nvFARRAM     000000
__Hnvbit                                                nvbit        000000
__Hnvrram                                               nvrram       000000
__Hparam                                                rparam       000000
__Hpowerup                                              powerup      000014
__Hram                                                  ram          000000
__Hramtop                                               ramtop       001000
__Hrbit                                                 rbit         000000
__Hrbss                                                 rbss         000000
__Hrdata                                                rdata        000000
__Hreset_vec                                            reset_vec    000004
__Hrparam                                               rparam       000000
__Hsfr                                                  sfr          000000
__Hsmallconst                                           smallconst   00105A
__Hspace_0                                              (abs)        30000E
__Hspace_1                                              (abs)        000247
__Hspace_2                                              (abs)        000F80
__Hstack                                                stack        000F80
__Hstruct                                               struct       000000
__Htemp                                                 temp         000076
__Htext                                                 text         000000
__Htext0                                                text0        000000
__Htext1                                                text1        000000
__Htext10                                               text10       000000
__Htext11                                               text11       000000
__Htext12                                               text12       000000
__Htext13                                               text13       000000
__Htext14                                               text14       000000
__Htext15                                               text15       000000
__Htext16                                               text16       000000
__Htext17                                               text17       000000
__Htext18                                               text18       000000
__Htext19                                               text19       000000
__Htext2                                                text2        000000
__Htext20                                               text20       000000
__Htext21                                               text21       000000
__Htext22                                               text22       000000
__Htext23                                               text23       000000
__Htext24                                               text24       000000
__Htext25                                               text25       000000
__Htext26                                               text26       000000
__Htext27                                               text27       000000
__Htext28                                               text28       000000
__Htext29                                               text29       000000
__Htext3                                                text3        000000
__Htext30                                               text30       000000
__Htext31                                               text31       000000
__Htext32                                               text32       000000
__Htext33                                               text33       000000
__Htext34                                               text34       000000
__Htext35                                               text35       000000
__Htext36                                               text36       000000
__Htext37                                               text37       000000
__Htext38                                               text38       000000
__Htext39                                               text39       000000
__Htext4                                                text4        000000
__Htext40                                               text40       000000
__Htext41                                               text41       000000
__Htext42                                               text42       000000
__Htext43                                               text43       000000
__Htext44                                               text44       000000
__Htext45                                               text45       000000
__Htext46                                               text46       000000
__Htext47                                               text47       000000
__Htext48                                               text48       000000
__Htext49                                               text49       000000
__Htext5                                                text5        000000
__Htext50                                               text50       000000
__Htext51                                               text51       000000
__Htext52                                               text52       000000
__Htext53                                               text53       000000
__Htext54                                               text54       000000
__Htext55                                               text55       000000
__Htext56                                               text56       000000
__Htext57                                               text57       000000
__Htext58                                               text58       000000
__Htext59                                               text59       000000
__Htext6                                                text6        000000
__Htext60                                               text60       000000
__Htext61                                               text61       000000
__Htext62                                               text62       000000
__Htext63                                               text63       000000
__Htext64                                               text64       000000
__Htext65                                               text65       000000
__Htext66                                               text66       000000
__Htext67                                               text67       000000
__Htext68                                               text68       000000
__Htext69                                               text69       000000
__Htext7                                                text7        000000
__Htext70                                               text70       000000
__Htext71                                               text71       000000
__Htext8                                                text8        000000
__Htext9                                                text9        000000
__LRAM                                                  (abs)        000001
__Labs1                                                 abs1         000000
__Lbank0                                                bank0        000000
__Lbank1                                                bank1        000000
__Lbank10                                               bank10       000000
__Lbank11                                               bank11       000000
__Lbank12                                               bank12       000000
__Lbank13                                               bank13       000000
__Lbank14                                               bank14       000000
__Lbank15                                               bank15       000000
__Lbank2                                                bank2        000000
__Lbank3                                                bank3        000000
__Lbank4                                                bank4        000000
__Lbank5                                                bank5        000000
__Lbank6                                                bank6        000000
__Lbank7                                                bank7        000000
__Lbank8                                                bank8        000000
__Lbank9                                                bank9        000000
__Lbigbss                                               bigbss       000000
__Lbigdata                                              bigdata      000000
__Lbigram                                               bigram       000000
__Lbss                                                  bss          000000
__LbssBANK0                                             bssBANK0     000000
__LbssBIGRAM                                            bssBIGRAM    000000
__Lcinit                                                cinit        000000
__Lclrtext                                              clrtext      000000
__Lcomram                                               comram       000000
__Lconfig                                               config       300000
__Lconst                                                const        000000
__LcstackBANK0                                          cstackBANK0  000000
__LcstackCOMRAM                                         cstackCOMRAM 000000
__Ldata                                                 data         000000
__LdataBANK0                                            dataBANK0    000000
__LdataCOMRAM                                           dataCOMRAM   000000
__Leeprom_data                                          eeprom_data  000000
__Lend_init                                             end_init     000018
__Lfarbss                                               farbss       000000
__Lfardata                                              fardata      000000
__Libigdata                                             ibigdata     000000
__Lidata                                                idata        000000
__LidataBANK0                                           idataBANK0   000000
__LidataCOMRAM                                          idataCOMRAM  000000
__Lidloc                                                idloc        200000
__Lifardata                                             ifardata     000000
__Linit                                                 init         000014
__Lintcode                                              intcode      000008
__Lintcode_body                                         intcode_body 000000
__Lintcodelo                                            intcodelo    000014
__Lintentry                                             intentry     000000
__Lintret                                               intret       000000
__Lintsave_regs                                         intsave_regs 000000
__Lirdata                                               irdata       000000
__Lmediumconst                                          mediumconst  000000
__LnvFARRAM                                             nvFARRAM     000000
__Lnvbit                                                nvbit        000000
__Lnvrram                                               nvrram       000000
__Lparam                                                rparam       000000
__Lpowerup                                              powerup      000014
__Lram                                                  ram          000000
__Lramtop                                               ramtop       001000
__Lrbit                                                 rbit         000000
__Lrbss                                                 rbss         000000
__Lrdata                                                rdata        000000
__Lreset_vec                                            reset_vec    000000
__Lrparam                                               rparam       000000
__Lsfr                                                  sfr          000000
__Lsmallconst                                           smallconst   001000
__Lspace_0                                              (abs)        000000
__Lspace_1                                              (abs)        000000
__Lspace_2                                              (abs)        000000
__Lstack                                                stack        000247
__Lstruct                                               struct       000000
__Ltemp                                                 temp         00006A
__Ltext                                                 text         000000
__Ltext0                                                text0        000000
__Ltext1                                                text1        000000
__Ltext10                                               text10       000000
__Ltext11                                               text11       000000
__Ltext12                                               text12       000000
__Ltext13                                               text13       000000
__Ltext14                                               text14       000000
__Ltext15                                               text15       000000
__Ltext16                                               text16       000000
__Ltext17                                               text17       000000
__Ltext18                                               text18       000000
__Ltext19                                               text19       000000
__Ltext2                                                text2        000000
__Ltext20                                               text20       000000
__Ltext21                                               text21       000000
__Ltext22                                               text22       000000
__Ltext23                                               text23       000000
__Ltext24                                               text24       000000
__Ltext25                                               text25       000000
__Ltext26                                               text26       000000
__Ltext27                                               text27       000000
__Ltext28                                               text28       000000
__Ltext29                                               text29       000000
__Ltext3                                                text3        000000
__Ltext30                                               text30       000000
__Ltext31                                               text31       000000
__Ltext32                                               text32       000000
__Ltext33                                               text33       000000
__Ltext34                                               text34       000000
__Ltext35                                               text35       000000
__Ltext36                                               text36       000000
__Ltext37                                               text37       000000
__Ltext38                                               text38       000000
__Ltext39                                               text39       000000
__Ltext4                                                text4        000000
__Ltext40                                               text40       000000
__Ltext41                                               text41       000000
__Ltext42                                               text42       000000
__Ltext43                                               text43       000000
__Ltext44                                               text44       000000
__Ltext45                                               text45       000000
__Ltext46                                               text46       000000
__Ltext47                                               text47       000000
__Ltext48                                               text48       000000
__Ltext49                                               text49       000000
__Ltext5                                                text5        000000
__Ltext50                                               text50       000000
__Ltext51                                               text51       000000
__Ltext52                                               text52       000000
__Ltext53                                               text53       000000
__Ltext54                                               text54       000000
__Ltext55                                               text55       000000
__Ltext56                                               text56       000000
__Ltext57                                               text57       000000
__Ltext58                                               text58       000000
__Ltext59                                               text59       000000
__Ltext6                                                text6        000000
__Ltext60                                               text60       000000
__Ltext61                                               text61       000000
__Ltext62                                               text62       000000
__Ltext63                                               text63       000000
__Ltext64                                               text64       000000
__Ltext65                                               text65       000000
__Ltext66                                               text66       000000
__Ltext67                                               text67       000000
__Ltext68                                               text68       000000
__Ltext69                                               text69       000000
__Ltext7                                                text7        000000
__Ltext70                                               text70       000000
__Ltext71                                               text71       000000
__Ltext8                                                text8        000000
__Ltext9                                                text9        000000
__S0                                                    (abs)        30000E
__S1                                                    (abs)        000247
__S2                                                    (abs)        000F80
___inthi_sp                                             stack        0006B0
___intlo_sp                                             stack        000B18
___lldiv                                                text3        003060
___lldiv@counter                                        cstackCOMRAM 00000F
___lldiv@dividend                                       cstackCOMRAM 000003
___lldiv@divisor                                        cstackCOMRAM 000007
___lldiv@quotient                                       cstackCOMRAM 00000B
___lwdiv                                                text43       003472
___lwdiv@counter                                        cstackCOMRAM 000009
___lwdiv@dividend                                       cstackCOMRAM 000003
___lwdiv@divisor                                        cstackCOMRAM 000005
___lwdiv@quotient                                       cstackCOMRAM 000007
___lwmod                                                text24       0035F2
___lwmod@counter                                        cstackCOMRAM 000007
___lwmod@dividend                                       cstackCOMRAM 000003
___lwmod@divisor                                        cstackCOMRAM 000005
___param_bank                                           (abs)        000010
___rparam_used                                          (abs)        000001
___sp                                                   stack        000247
___wmul                                                 text23       0039F0
___wmul@multiplicand                                    cstackCOMRAM 000005
___wmul@multiplier                                      cstackCOMRAM 000003
___wmul@product                                         cstackCOMRAM 000007
__accesstop                                             (abs)        000080
__activetblptr                                          (abs)        000002
__end_of_RF24NH_init                                    text26       003772
__end_of_RF24N__write                                   text25       002DF8
__end_of_RF24N_available                                text40       003A80
__end_of_RF24N_begin_d                                  text11       002D22
__end_of_RF24N_direct_child_route_to                    text48       003854
__end_of_RF24N_enqueue                                  text41       0015CE
__end_of_RF24N_init                                     text10       0033C4
__end_of_RF24N_is_descendant                            text47       003950
__end_of_RF24N_is_direct_child                          text46       003306
__end_of_RF24N_is_valid_address                         text61       00388A
__end_of_RF24N_levelToAddress                           text44       00355E
__end_of_RF24N_logicalToPhysicalAddress                 text45       002A90
__end_of_RF24N_pipe_address                             text55       00289C
__end_of_RF24N_setup_address                            text16       002C4A
__end_of_RF24N_update                                   text62       001B20
__end_of_RF24N_write                                    text64       001E36
__end_of_RF24N_write_                                   text22       002132
__end_of_RF24N_write_m                                  text21       0039F0
__end_of_RF24N_write_to_pipe                            text49       002F48
__end_of_RF24_available_p                               text37       003922
__end_of_RF24_begin                                     text5        002B6E
__end_of_RF24_beginTransaction                          text52       003BE4
__end_of_RF24_ce_d                                      text57       003AF6
__end_of_RF24_closeReadingPipe                          text32       003674
__end_of_RF24_csn_d                                     text53       003B5E
__end_of_RF24_enableDynamicPayloads                     text15       0039A4
__end_of_RF24_endTransaction                            text51       003BDC
__end_of_RF24_flush_rx                                  text36       003BD4
__end_of_RF24_flush_tx                                  text58       003BEC
__end_of_RF24_getDynamicPayloadSize                     text35       00381E
__end_of_RF24_get_status                                text31       003BCC
__end_of_RF24_init                                      text4        0037AE
__end_of_RF24_isValid                                   text60       003B12
__end_of_RF24_openReadingPipe_d                         text14       0029AE
__end_of_RF24_openWritingPipe_d                         text39       0031D2
__end_of_RF24_powerUp                                   text59       003A3C
__end_of_RF24_read                                      text38       003ADA
__end_of_RF24_read_payload                              text29       003060
__end_of_RF24_read_register_d                           text70       003ABE
__end_of_RF24_setAutoAck_p                              text71       003472
__end_of_RF24_setChannel                                text13       0039CA
__end_of_RF24_setDataRate                               text9        00323C
__end_of_RF24_setRetries                                text12       003A5E
__end_of_RF24_spiTrans                                  text30       003B8A
__end_of_RF24_startFastWrite                            text33       0037E6
__end_of_RF24_startListening                            text69       00341C
__end_of_RF24_stopListening                             text68       0032A2
__end_of_RF24_toggle_features_d                         text8        003B74
__end_of_RF24_txStandBy_t                               text65       002EB4
__end_of_RF24_writeFast_m                               text34       0036B4
__end_of_RF24_write_payload                             text28       002FDA
__end_of_RF24_write_register_c_d                        text54       0038BE
__end_of_RF24_write_register_d                          text67       003AA0
__end_of_SPI_begin                                      text7        003B2C
__end_of_SPI_transfer                                   text50       003BAC
__end_of_Serial_begin                                   text2        00315C
__end_of_Serial_print                                   text19       0035A8
__end_of_Serial_println                                 text18       003B46
__end_of_Serial_tx                                      text20       003BC4
__end_of___lldiv                                        text3        0030E2
__end_of___lwdiv                                        text43       0034C4
__end_of___lwmod                                        text24       003634
__end_of___wmul                                         text23       003A16
__end_of__initialization                                cinit        00335E
__end_of_child_payload_size                             smallconst   001007
__end_of_child_pipe                                     smallconst   00100D
__end_of_child_pipe_enable                              smallconst   001013
__end_of_delay                                          text63       0035F2
__end_of_delayMicroseconds                              text56       003734
__end_of_digitalWrite                                   text27       00262E
__end_of_interval                                       smallconst   001017
__end_of_isr                                            intcode_body 00397C
__end_of_loop                                           text17       00277E
__end_of_main                                           text0        0038F0
__end_of_memcpy                                         text42       0036F4
__end_of_millis                                         text66       003B9C
__end_of_other_node                                     smallconst   001019
__end_of_pinMode                                        text6        0023B0
__end_of_setup                                          text1        003512
__end_of_this_node                                      smallconst   00101B
__initialization                                        cinit        003306
__mediumconst                                           mediumconst  000000
__pbssBANK0                                             bssBANK0     000080
__pbssBIGRAM                                            bssBIGRAM    0000D5
__pcinit                                                cinit        003306
__pcstackBANK0                                          cstackBANK0  0000AC
__pcstackCOMRAM                                         cstackCOMRAM 000001
__pdataBANK0                                            dataBANK0    0000C9
__pdataCOMRAM                                           dataCOMRAM   000076
__pidataBANK0                                           idataBANK0   003BAC
__pidataCOMRAM                                          idataCOMRAM  003BEC
__pintcode                                              intcode      000008
__pintcode_body                                         intcode_body 003950
__psmallconst                                           smallconst   001000
__ptext0                                                text0        0038BE
__ptext1                                                text1        0034C4
__ptext10                                               text10       003368
__ptext11                                               text11       002C4A
__ptext12                                               text12       003A3C
__ptext13                                               text13       0039A4
__ptext14                                               text14       00289C
__ptext15                                               text15       00397C
__ptext16                                               text16       002B6E
__ptext17                                               text17       00262E
__ptext18                                               text18       003B2C
__ptext19                                               text19       00355E
__ptext2                                                text2        0030E2
__ptext20                                               text20       003BB8
__ptext21                                               text21       0039CA
__ptext22                                               text22       001E36
__ptext23                                               text23       0039F0
__ptext24                                               text24       0035F2
__ptext25                                               text25       002D22
__ptext26                                               text26       003734
__ptext27                                               text27       0023B0
__ptext28                                               text28       002F48
__ptext29                                               text29       002FDA
__ptext3                                                text3        003060
__ptext30                                               text30       003B74
__ptext31                                               text31       003BC4
__ptext32                                               text32       003634
__ptext33                                               text33       0037AE
__ptext34                                               text34       003674
__ptext35                                               text35       0037E6
__ptext36                                               text36       003BCC
__ptext37                                               text37       0038F0
__ptext38                                               text38       003ABE
__ptext39                                               text39       00315C
__ptext4                                                text4        003772
__ptext40                                               text40       003A5E
__ptext41                                               text41       00105A
__ptext42                                               text42       0036B4
__ptext43                                               text43       003472
__ptext44                                               text44       003512
__ptext45                                               text45       0029AE
__ptext46                                               text46       0032A2
__ptext47                                               text47       003922
__ptext48                                               text48       00381E
__ptext49                                               text49       002EB4
__ptext5                                                text5        002A90
__ptext50                                               text50       003B9C
__ptext51                                               text51       003BD4
__ptext52                                               text52       003BDC
__ptext53                                               text53       003B46
__ptext54                                               text54       00388A
__ptext55                                               text55       00277E
__ptext56                                               text56       0036F4
__ptext57                                               text57       003ADA
__ptext58                                               text58       003BE4
__ptext59                                               text59       003A16
__ptext6                                                text6        002132
__ptext60                                               text60       003AF6
__ptext61                                               text61       003854
__ptext62                                               text62       0015CE
__ptext63                                               text63       0035A8
__ptext64                                               text64       001B20
__ptext65                                               text65       002DF8
__ptext66                                               text66       003B8A
__ptext67                                               text67       003A80
__ptext68                                               text68       00323C
__ptext69                                               text69       0033C4
__ptext7                                                text7        003B12
__ptext70                                               text70       003AA0
__ptext71                                               text71       00341C
__ptext8                                                text8        003B5E
__ptext9                                                text9        0031D2
__ramtop                                                ramtop       001000
__size_of_RF24NH_init                                   (abs)        000000
__size_of_RF24N__write                                  (abs)        000000
__size_of_RF24N_available                               (abs)        000000
__size_of_RF24N_begin_d                                 (abs)        000000
__size_of_RF24N_direct_child_route_to                   (abs)        000000
__size_of_RF24N_enqueue                                 (abs)        000000
__size_of_RF24N_init                                    (abs)        000000
[...]
      Params:         0       0       0       0       0       0       0       0       0       0       0       0       0       0       0       0       0
      Locals:         0       0       0       0       0       0       0       0       0       0       0       0       0       0       0       0       0
      Temps:          0       0       0       0       0       0       0       0       0       0       0       0       0       0       0       0       0
      Totals:         0       0       0       0       0       0       0       0       0       0       0       0       0       0       0       0       0
Total ram usage:        0 bytes
 Hardware stack levels used:    1
 Hardware stack levels required when called:    9
 This function calls:
		_RF24N_is_valid_address
		_RF24N_logicalToPhysicalAddress
		_RF24N_update
		_RF24N_write_to_pipe
		_RF24_setAutoAck_p
		_RF24_startListening
		_RF24_txStandBy_t
		_millis
 This function is called by:
		_RF24N_update
		_RF24N__write
 This function uses a recursive model


 *************** function _RF24_txStandBy_t *****************
 Defined at:
		line 1018 in file "../../../RF24_c/RF24_cg.c"
 Parameters:    Size  Location     Type
  timeout         4   18[COMRAM] unsigned long 
  startTx         1   22[COMRAM] unsigned char 
 Auto vars:     Size  Location     Type
  start           4   31[COMRAM] unsigned long 
 Return value:  Size  Location     Type
                  1    wreg      unsigned char 
 Registers used:
		wreg, status,2, status,0, tblptrl, tblptrh, tblptru, cstack
 Tracked objects:
		On entry : 
		On exit  : 
		Unchanged: 
 Data sizes:     COMRAM   BANK0   BANK1   BANK2   BANK3   BANK4   BANK5   BANK6   BANK7   BANK8   BANK9  BANK10  BANK11  BANK12  BANK13  BANK14  BANK15
      Params:         5       0       0       0       0       0       0       0       0       0       0       0       0       0       0       0       0
      Locals:         4       0       0       0       0       0       0       0       0       0       0       0       0       0       0       0       0
      Temps:          8       0       0       0       0       0       0       0       0       0       0       0       0       0       0       0       0
      Totals:        17       0       0       0       0       0       0       0       0       0       0       0       0       0       0       0       0
Total ram usage:       17 bytes
 Hardware stack levels used:    1
 Hardware stack levels required when called:    7
 This function calls:
		_RF24_ce_d
		_RF24_flush_tx
		_RF24_get_status
		_RF24_read_register_d
		_RF24_stopListening
		_RF24_write_register_d
		_millis
 This function is called by:
		_RF24N_write_
		_RF24N_write
		_RF24N_write_to_pipe
 This function uses a non-reentrant model


 *************** function _millis *****************
 Defined at:
		line 173 in file "../../../RF24_c/utility/XC8/spi.c"
 Parameters:    Size  Location     Type
		None
 Auto vars:     Size  Location     Type
		None
 Return value:  Size  Location     Type
                  4    2[COMRAM] long 
 Registers used:
		None
 Tracked objects:
		On entry : 
		On exit  : 
		Unchanged: 
 Data sizes:     COMRAM   BANK0   BANK1   BANK2   BANK3   BANK4   BANK5   BANK6   BANK7   BANK8   BANK9  BANK10  BANK11  BANK12  BANK13  BANK14  BANK15
      Params:         4       0       0       0       0       0       0       0       0       0       0       0       0       0       0       0       0
      Locals:         0       0       0       0       0       0       0       0       0       0       0       0       0       0       0       0       0
      Temps:          0       0       0       0       0       0       0       0       0       0       0       0       0       0       0       0       0
      Totals:         4       0       0       0       0       0       0       0       0       0       0       0       0       0       0       0       0
Total ram usage:        4 bytes
 Hardware stack levels used:    1
 Hardware stack levels required when called:    1
 This function calls:
		Nothing
 This function is called by:
		_loop
		_RF24_txStandBy_t
		_RF24N_write_
		_RF24N_write
		_RF24_writeBlocking
 This function uses a non-reentrant model


 *************** function _RF24_write_register_d *****************
 Defined at:
		line 194 in file "../../../RF24_c/RF24_cg.c"
 Parameters:    Size  Location     Type
  reg             1    wreg     unsigned char 
  value           1   13[COMRAM] unsigned char 
 Auto vars:     Size  Location     Type
  reg             1   14[COMRAM] unsigned char 
  status          1   15[COMRAM] unsigned char 
 Return value:  Size  Location     Type
                  1    wreg      unsigned char 
 Registers used:
		wreg, status,2, status,0, cstack
 Tracked objects:
		On entry : 
		On exit  : 
		Unchanged: 
 Data sizes:     COMRAM   BANK0   BANK1   BANK2   BANK3   BANK4   BANK5   BANK6   BANK7   BANK8   BANK9  BANK10  BANK11  BANK12  BANK13  BANK14  BANK15
      Params:         1       0       0       0       0       0       0       0       0       0       0       0       0       0       0       0       0
      Locals:         2       0       0       0       0       0       0       0       0       0       0       0       0       0       0       0       0
      Temps:          0       0       0       0       0       0       0       0       0       0       0       0       0       0       0       0       0
      Totals:         3       0       0       0       0       0       0       0       0       0       0       0       0       0       0       0       0
Total ram usage:        3 bytes
 Hardware stack levels used:    1
 Hardware stack levels required when called:    4
 This function calls:
		_RF24_beginTransaction
		_RF24_endTransaction
		_SPI_transfer
 This function is called by:
		_RF24_setChannel
		_RF24_begin
		_RF24_startListening
		_RF24_stopListening
		_RF24_powerUp
		_RF24_writeFast_m
		_RF24_txStandBy_t
		_RF24_read
		_RF24_openWritingPipe_d
		_RF24_openReadingPipe_d
		_RF24_closeReadingPipe
		_RF24_enableDynamicPayloads
		_RF24_setAutoAck_p
		_RF24_setDataRate
		_RF24_setRetries
		_RF24_powerDown
		_RF24_write_m
		_RF24_reUseTX
		_RF24_txStandBy
		_RF24_maskIRQ
		_RF24_whatHappened
		_RF24_openWritingPipe
		_RF24_setAddressWidth
		_RF24_openReadingPipe
		_RF24_enableAckPayload
		_RF24_enableDynamicAck
		_RF24_setAutoAck
		_RF24_setPALevel
		_RF24_setCRCLength
		_RF24_disableCRC
 This function uses a non-reentrant model


 *************** function _RF24_stopListening *****************
 Defined at:
		line 754 in file "../../../RF24_c/RF24_cg.c"
 Parameters:    Size  Location     Type
		None
 Auto vars:     Size  Location     Type
		None
 Return value:  Size  Location     Type
                  1    wreg      void 
 Registers used:
		wreg, status,2, status,0, tblptrl, tblptrh, tblptru, cstack
 Tracked objects:
		On entry : 
		On exit  : 
		Unchanged: 
 Data sizes:     COMRAM   BANK0   BANK1   BANK2   BANK3   BANK4   BANK5   BANK6   BANK7   BANK8   BANK9  BANK10  BANK11  BANK12  BANK13  BANK14  BANK15
      Params:         0       0       0       0       0       0       0       0       0       0       0       0       0       0       0       0       0
      Locals:         0       0       0       0       0       0       0       0       0       0       0       0       0       0       0       0       0
      Temps:          2       0       0       0       0       0       0       0       0       0       0       0       0       0       0       0       0
      Totals:         2       0       0       0       0       0       0       0       0       0       0       0       0       0       0       0       0
Total ram usage:        2 bytes
 Hardware stack levels used:    1
 Hardware stack levels required when called:    6
 This function calls:
		_RF24_ce_d
		_RF24_flush_tx
		_RF24_read_register_d
		_RF24_write_register_d
		_delayMicroseconds
 This function is called by:
		_RF24_txStandBy_t
		_RF24N_enqueue
		_RF24N_write_
		_RF24N_write_to_pipe
 This function uses a non-reentrant model


 *************** function _RF24_startListening *****************
 Defined at:
		line 723 in file "../../../RF24_c/RF24_cg.c"
 Parameters:    Size  Location     Type
		None
 Auto vars:     Size  Location     Type
		None
 Return value:  Size  Location     Type
                  1    wreg      void 
 Registers used:
		wreg, fsr2l, fsr2h, status,2, status,0, tblptrl, tblptrh, tblptru, prodl, prodh, cstack
 Tracked objects:
		On entry : 
		On exit  : 
		Unchanged: 
 Data sizes:     COMRAM   BANK0   BANK1   BANK2   BANK3   BANK4   BANK5   BANK6   BANK7   BANK8   BANK9  BANK10  BANK11  BANK12  BANK13  BANK14  BANK15
      Params:         0       0       0       0       0       0       0       0       0       0       0       0       0       0       0       0       0
      Locals:         0       0       0       0       0       0       0       0       0       0       0       0       0       0       0       0       0
      Temps:          1       0       0       0       0       0       0       0       0       0       0       0       0       0       0       0       0
      Totals:         1       0       0       0       0       0       0       0       0       0       0       0       0       0       0       0       0
Total ram usage:        1 bytes
 Hardware stack levels used:    1
 Hardware stack levels required when called:    6
 This function calls:
		_RF24_ce_d
		_RF24_closeReadingPipe
		_RF24_flush_tx
		_RF24_powerUp
		_RF24_read_register_d
		_RF24_write_register_c_d
		_RF24_write_register_d
 This function is called by:
		_RF24N_begin_d
		_RF24N_write_
		_RF24N_write
 This function uses a non-reentrant model


 *************** function _RF24_read_register_d *****************
 Defined at:
		line 131 in file "../../../RF24_c/RF24_cg.c"
 Parameters:    Size  Location     Type
  reg             1    wreg     unsigned char 
 Auto vars:     Size  Location     Type
  reg             1   11[COMRAM] unsigned char 
  result          1   12[COMRAM] unsigned char 
 Return value:  Size  Location     Type
                  1    wreg      unsigned char 
 Registers used:
		wreg, status,2, status,0, cstack
 Tracked objects:
		On entry : 
		On exit  : 
		Unchanged: 
 Data sizes:     COMRAM   BANK0   BANK1   BANK2   BANK3   BANK4   BANK5   BANK6   BANK7   BANK8   BANK9  BANK10  BANK11  BANK12  BANK13  BANK14  BANK15
      Params:         0       0       0       0       0       0       0       0       0       0       0       0       0       0       0       0       0
      Locals:         2       0       0       0       0       0       0       0       0       0       0       0       0       0       0       0       0
      Temps:          0       0       0       0       0       0       0       0       0       0       0       0       0       0       0       0       0
      Totals:         2       0       0       0       0       0       0       0       0       0       0       0       0       0       0       0       0
Total ram usage:        2 bytes
 Hardware stack levels used:    1
 Hardware stack levels required when called:    4
 This function calls:
		_RF24_beginTransaction
		_RF24_endTransaction
		_SPI_transfer
 This function is called by:
		_RF24_begin
		_RF24_startListening
		_RF24_stopListening
		_RF24_powerUp
		_RF24_txStandBy_t
		_RF24_available_p
		_RF24_openReadingPipe_d
		_RF24_closeReadingPipe
		_RF24_enableDynamicPayloads
		_RF24_setAutoAck_p
		_RF24_setDataRate
		_RF24_getChannel
		_RF24_powerDown
		_RF24_rxFifoFull
		_RF24_txStandBy
		_RF24_maskIRQ
		_RF24_openReadingPipe
		_RF24_enableAckPayload
		_RF24_enableDynamicAck
		_RF24_isAckPayloadAvailable
		_RF24_testCarrier
		_RF24_testRPD
		_RF24_setPALevel
		_RF24_getPALevel
		_RF24_getDataRate
		_RF24_setCRCLength
		_RF24_getCRCLength
		_RF24_disableCRC
 This function uses a non-reentrant model


 *************** function _RF24_setAutoAck_p *****************
 Defined at:
		line 1387 in file "../../../RF24_c/RF24_cg.c"
 Parameters:    Size  Location     Type
  pipe            1    wreg     unsigned char 
  enable          1   16[COMRAM] unsigned char 
 Auto vars:     Size  Location     Type
  pipe            1   20[COMRAM] unsigned char 
  en_aa           1   19[COMRAM] unsigned char 
 Return value:  Size  Location     Type
                  1    wreg      void 
 Registers used:
		wreg, status,2, status,0, cstack
 Tracked objects:
		On entry : 
		On exit  : 
		Unchanged: 
 Data sizes:     COMRAM   BANK0   BANK1   BANK2   BANK3   BANK4   BANK5   BANK6   BANK7   BANK8   BANK9  BANK10  BANK11  BANK12  BANK13  BANK14  BANK15
      Params:         1       0       0       0       0       0       0       0       0       0       0       0       0       0       0       0       0
      Locals:         2       0       0       0       0       0       0       0       0       0       0       0       0       0       0       0       0
      Temps:          2       0       0       0       0       0       0       0       0       0       0       0       0       0       0       0       0
      Totals:         5       0       0       0       0       0       0       0       0       0       0       0       0       0       0       0       0
Total ram usage:        5 bytes
 Hardware stack levels used:    1
 Hardware stack levels required when called:    5
 This function calls:
		_RF24_read_register_d
		_RF24_write_register_d
 This function is called by:
		_RF24N_begin_d
		_RF24N_write_
		_RF24N_write
		_RF24N_write_to_pipe
 This function uses a non-reentrant model


 *************** function _isr *****************
 Defined at:
		line 13 in file "pic_main.c"
 Parameters:    Size  Location     Type
		None
 Auto vars:     Size  Location     Type
		None
 Return value:  Size  Location     Type
                  1    wreg      void 
 Registers used:
		wreg, status,2, status,0
 Tracked objects:
		On entry : 
		On exit  : 
		Unchanged: 
 Data sizes:     COMRAM   BANK0   BANK1   BANK2   BANK3   BANK4   BANK5   BANK6   BANK7   BANK8   BANK9  BANK10  BANK11  BANK12  BANK13  BANK14  BANK15
      Params:         0       0       0       0       0       0       0       0       0       0       0       0       0       0       0       0       0
      Locals:         0       0       0       0       0       0       0       0       0       0       0       0       0       0       0       0       0
      Temps:          2       0       0       0       0       0       0       0       0       0       0       0       0       0       0       0       0
      Totals:         2       0       0       0       0       0       0       0       0       0       0       0       0       0       0       0       0
Total ram usage:        2 bytes
 Hardware stack levels used:    1
 This function calls:
		Nothing
 This function is called by:
		Interrupt level 2
 This function uses a non-reentrant model



MODULE INFORMATION

Module		Function		Class		Link	Load	Size
../../../RF24_c/utility/XC8/spi.c
		_millis        		CODE           	3B8A	0000	19
		_delay         		CODE           	35A8	0000	75
		_delayMicroseconds		CODE           	36F4	0000	65
		_SPI_begin     		CODE           	3B12	0000	27
		_digitalWrite  		CODE           	23B0	0000	639
		_pinMode       		CODE           	2132	0000	639
		_SPI_transfer  		CODE           	3B9C	0000	17

../../../RF24_c/utility/XC8/spi.c estimated size: 1481

serial.c
		_Serial_tx     		CODE           	3BB8	0000	13
		_Serial_begin  		CODE           	30E2	0000	123
		_Serial_print  		CODE           	355E	0000	75
		_Serial_println		CODE           	3B2C	0000	27

serial.c estimated size: 238

/opt/microchip/xc8/v1.36/sources/common/memcpy.c
		_memcpy        		CODE           	36B4	0000	65

/opt/microchip/xc8/v1.36/sources/common/memcpy.c estimated size: 65

/opt/microchip/xc8/v1.36/sources/common/Umul16.c
		___wmul        		CODE           	39F0	0000	39

/opt/microchip/xc8/v1.36/sources/common/Umul16.c estimated size: 39

/opt/microchip/xc8/v1.36/sources/common/lldiv.c
		___lldiv       		CODE           	3060	0000	131

/opt/microchip/xc8/v1.36/sources/common/lldiv.c estimated size: 131

../../RF24Network_cg.c
		_RF24N_pipe_address		CODE           	277E	0000	287
		_RF24N_write_to_pipe		CODE           	2EB4	0000	149
		_RF24N_write   		CODE           	1B20	0000	791
		_RF24N_write_  		CODE           	1E36	0000	765
		_RF24N_logicalToPhysicalAddress		CODE           	29AE	0000	227
		_RF24N_write_m 		CODE           	39CA	0000	39
		_RF24N_init    		CODE           	3368	0000	93
		_RF24N_available		CODE           	3A5E	0000	35
		_RF24N_direct_child_route_to		CODE           	381E	0000	55
		_RF24N__write  		CODE           	2D22	0000	215
		_RF24N_is_valid_address		CODE           	3854	0000	55
		_RF24NH_init   		CODE           	3734	0000	63
		_RF24N_begin_d 		CODE           	2C4A	0000	217
		_RF24N_update  		CODE           	15CE	0000	1363
		_RF24N_levelToAddress		CODE           	3512	0000	77
		_RF24N_enqueue 		CODE           	105A	0000	1397
		_RF24N_is_direct_child		CODE           	32A2	0000	101
		_RF24N_is_descendant		CODE           	3922	0000	47
		_RF24N_setup_address		CODE           	2B6E	0000	221

../../RF24Network_cg.c estimated size: 6197

../../../RF24_c/RF24_cg.c
		_RF24_setChannel		CODE           	39A4	0000	39
		_RF24_txStandBy_t		CODE           	2DF8	0000	189
		_RF24_setRetries		CODE           	3A3C	0000	35
		_RF24_available_p		CODE           	38F0	0000	51
		_RF24_read     		CODE           	3ABE	0000	29
		_RF24_openReadingPipe_d		CODE           	289C	0000	275
		_RF24_openWritingPipe_d		CODE           	315C	0000	119
		_RF24_write_payload		CODE           	2F48	0000	147
		_RF24_spiTrans 		CODE           	3B74	0000	23
		_RF24_init     		CODE           	3772	0000	61
		_RF24_endTransaction		CODE           	3BD4	0000	9
		_RF24_closeReadingPipe		CODE           	3634	0000	65
		_RF24_beginTransaction		CODE           	3BDC	0000	9
		_RF24_read_payload		CODE           	2FDA	0000	135
		_RF24_stopListening		CODE           	323C	0000	103
		_RF24_getDynamicPayloadSize		CODE           	37E6	0000	57
		_RF24_enableDynamicPayloads		CODE           	397C	0000	41
		_RF24_powerUp  		CODE           	3A16	0000	39
		_RF24_toggle_features_d		CODE           	3B5E	0000	23
		_RF24_read_register_d		CODE           	3AA0	0000	31
		_RF24_setDataRate		CODE           	31D2	0000	107
		_RF24_csn_d    		CODE           	3B46	0000	25
		_RF24_begin    		CODE           	2A90	0000	223
		_RF24_write_register_d		CODE           	3A80	0000	33
		_RF24_setAutoAck_p		CODE           	341C	0000	87
		_RF24_isValid  		CODE           	3AF6	0000	29
		_RF24_startListening		CODE           	33C4	0000	89
		_RF24_startFastWrite		CODE           	37AE	0000	57
		_RF24_writeFast_m		CODE           	3674	0000	65
		_RF24_get_status		CODE           	3BC4	0000	9
		_RF24_write_register_c_d		CODE           	388A	0000	53
		_RF24_flush_rx 		CODE           	3BCC	0000	9
		_RF24_flush_tx 		CODE           	3BE4	0000	9
		_RF24_ce_d     		CODE           	3ADA	0000	29

../../../RF24_c/RF24_cg.c estimated size: 2304

helloworld_tx.c
		_loop          		CODE           	262E	0000	337
		_setup         		CODE           	34C4	0000	79

helloworld_tx.c estimated size: 416

pic_main.c
		_main          		CODE           	38BE	0000	51
		_isr           		CODE           	0008	0000	57

pic_main.c estimated size: 108

/opt/microchip/xc8/v1.36/sources/common/lwmod.c
		___lwmod       		CODE           	35F2	0000	67

/opt/microchip/xc8/v1.36/sources/common/lwmod.c estimated size: 67

shared
		_child_pipe    		SMALLCONST     	1007	0000	7
		_interval      		SMALLCONST     	1013	0000	5
		_child_pipe_enable		SMALLCONST     	100D	0000	7
		__initialization		CODE           	3306	0000	89
		_this_node     		SMALLCONST     	1019	0000	3
		_child_payload_size		SMALLCONST     	1001	0000	7
		_other_node    		SMALLCONST     	1017	0000	3

shared estimated size: 121

/opt/microchip/xc8/v1.36/sources/common/lwdiv.c
		___lwdiv       		CODE           	3472	0000	83

/opt/microchip/xc8/v1.36/sources/common/lwdiv.c estimated size: 83

